2026-10-06T20:06:35.1336697Z EXPORTED AVATAR SMOKE: 20 checks, 0 failures
2026-10-06T20:06:36.3203513Z Ran 39 tests in 0.671s
2026-10-06T20:07:03.6817658Z PASS BETA FLOW SMOKE: 46 checks
2026-10-06T20:07:07.3707311Z PASS COMBAT STANCES SMOKE: 140 checks
2026-10-06T20:07:09.6702155Z PASS COMBAT MOVEMENT SMOKE: 8 checks
2026-10-06T20:07:56.5963038Z PASS JOURNEY SMOKE: 413 checks
2026-10-06T20:09:05.4607640Z PASS DUNGEON SMOKE: 55 checks
2026-10-06T20:09:15.3801112Z PASS PERSISTENCE SMOKE: 89 checks
2026-10-06T20:09:30.6919170Z PASS ARCANE TACTICS SMOKE: 29 checks
2026-10-06T20:09:56.8835099Z PASS BOSS PATTERNS SMOKE: 122 checks
2026-10-06T20:10:00.0158112Z PASS CLASS LOOT SMOKE: 29 checks
2026-10-06T20:10:23.3355498Z PASS CONTRACTS SMOKE: 68 checks
2026-10-06T20:10:36.8802719Z PASS COMBINED OATHS / PHASES SMOKE: 338 checks
2026-10-06T20:10:45.9618558Z PASS MAIN COMBINED RULES SMOKE: 156 checks
2026-10-06T20:11:20.9888572Z PASS GEAR / FORECAST SMOKE: 38 checks
2026-10-06T20:11:25.7969856Z PASS GEAR GOALS SMOKE: 114 checks
2026-10-06T20:11:33.8586965Z PASS REGIONS SMOKE: 36 checks
2026-10-06T20:11:40.5275654Z PASS ONBOARDING SMOKE: 19 checks
2026-10-06T20:11:43.2873845Z PASS SUCCESS LOOP SMOKE: 87 checks
2026-10-06T20:11:45.3948904Z PASS RECOVERY SMOKE: 48 checks
2026-10-06T20:11:50.4787376Z PASS OPTIONS SMOKE: 82 checks
2026-10-06T20:12:06.5373041Z PASS SKILL ROTATION SMOKE: 135 checks
2026-10-06T20:12:12.7408592Z PASS VISUALS SMOKE: 73 checks
2026-10-06T20:12:37.6291289Z PASS WORLD FRAMING SMOKE: 900 checks
2026-10-06T20:12:43.6428655Z PASS AUTHORED ART SMOKE: 105 checks
2026-10-06T20:12:48.3631078Z PASS CHARACTER EQUIPMENT SMOKE: 38 checks
2026-10-06T20:12:52.5197257Z PASS NATIVE EQUIPMENT FINISH SMOKE: 129 checks
2026-10-06T20:12:59.2823508Z PASS PRESENTATION SMOKE: 77 checks
2026-10-06T20:12:59.8096476Z PASS FRAME METRICS SMOKE: 10 checks
2026-10-06T20:13:00.3334970Z PASS ROOM GROUND SMOKE: 19 checks
2026-10-06T20:13:16.2053482Z PASS CHARACTER THREE D SMOKE: 150 checks
2026-10-06T20:13:18.7799773Z PASS SOURCE AVATAR: 39 checks
2026-10-06T20:13:21.5377090Z PASS SOURCE AVATAR GRIP: 296 checks
2026-10-06T20:13:26.0645212Z PASS SOURCE AVATAR ATTACK: 120 checks
2026-10-06T20:13:28.3574763Z PASS SOURCE AVATAR STYLE SMOKE: 131 checks
2026-10-06T20:13:33.2552188Z PASS CLASS AVATAR QUALITY SMOKE: 398 checks
2026-10-06T20:13:40.8504309Z PASS GUARDIAN PRESENTATION SMOKE: 274 checks
2026-10-06T20:13:46.4905105Z PASS HOSTILE QUALITY SMOKE: 81 checks
2026-10-06T20:13:51.7661011Z PASS DUNGEON LIGHTING SMOKE: 60 checks
2026-10-06T20:13:53.0334344Z PASS COMBAT AUDIO SMOKE: 61 checks
2026-10-06T20:13:54.2074668Z PASS NATIVE CAPTURE AUDIO SMOKE: 79 checks
2026-10-06T20:14:05.5261610Z PASS ANIMATION CRAFT SMOKE: 55 checks
2026-10-06T20:14:15.1703749Z PASS CAMP HUD SMOKE: 44 checks
2026-10-06T20:14:25.0052905Z PASS COMBAT READABILITY SMOKE: 57 checks
2026-10-06T20:14:27.8597064Z PASS FELLOWSHIP UI SMOKE: 11 checks
2026-10-06T20:14:28.2900677Z PASS CLOUD IDENTITY SMOKE: 14 checks
2026-10-06T20:14:32.5156455Z PASS MANA WARD SMOKE: 27 checks
2026-10-06T20:14:32.5157073Z PASS progression_runtime_test.js
2026-10-06T20:14:32.5157684Z PROGRESSION RUNTIME: server-owned profile, bounded AFK settlement, allowlists, inventory and replay protection passed.
2026-10-06T20:14:32.5158369Z BETA CHECKS: 45 Godot suites, 5300 checks, 0 failures
2026-10-06T20:14:32.5156808Z PASS emberfall.js
