SESSION START before-arcanist
SESSION HEARTBEAT before-arcanist 30.001 wall seconds; journal only None
SESSION HEARTBEAT before-arcanist 60.002 wall seconds; journal only {'journal_frame': 37, 'stage': 0, 'phase': 'combat', 'finished': False}
SESSION HEARTBEAT before-arcanist 90.003 wall seconds; journal only {'journal_frame': 80, 'stage': 0, 'phase': 'loot', 'finished': False}
SESSION HEARTBEAT before-arcanist 120.004 wall seconds; journal only {'journal_frame': 126, 'stage': 1, 'phase': 'travel', 'finished': False}
SESSION HEARTBEAT before-arcanist 150.005 wall seconds; journal only {'journal_frame': 169, 'stage': 1, 'phase': 'travel', 'finished': False}
SESSION HEARTBEAT before-arcanist 180.006 wall seconds; journal only {'journal_frame': 211, 'stage': 1, 'phase': 'travel', 'finished': False}
SESSION HEARTBEAT before-arcanist 210.008 wall seconds; journal only {'journal_frame': 253, 'stage': 1, 'phase': 'travel', 'finished': False}
SESSION HEARTBEAT before-arcanist 240.009 wall seconds; journal only {'journal_frame': 294, 'stage': 1, 'phase': 'combat', 'finished': False}
SESSION HEARTBEAT before-arcanist 270.01 wall seconds; journal only {'journal_frame': 333, 'stage': 1, 'phase': 'combat', 'finished': False}
SESSION HEARTBEAT before-arcanist 300.011 wall seconds; journal only {'journal_frame': 374, 'stage': 1, 'phase': 'interact', 'finished': False}
SESSION HEARTBEAT before-arcanist 330.013 wall seconds; journal only {'journal_frame': 419, 'stage': 1, 'phase': 'interact', 'finished': False}
SESSION HEARTBEAT before-arcanist 360.014 wall seconds; journal only {'journal_frame': 463, 'stage': 1, 'phase': 'interact', 'finished': False}
SESSION HEARTBEAT before-arcanist 390.015 wall seconds; journal only {'journal_frame': 508, 'stage': 1, 'phase': 'loot', 'finished': False}
SESSION HEARTBEAT before-arcanist 420.017 wall seconds; journal only {'journal_frame': 552, 'stage': 2, 'phase': 'travel', 'finished': False}
SESSION HEARTBEAT before-arcanist 450.02 wall seconds; journal only {'journal_frame': 596, 'stage': 2, 'phase': 'travel', 'finished': False}
SESSION HEARTBEAT before-arcanist 480.021 wall seconds; journal only {'journal_frame': 639, 'stage': 2, 'phase': 'travel', 'finished': False}
SESSION HEARTBEAT before-arcanist 510.022 wall seconds; journal only {'journal_frame': 683, 'stage': 2, 'phase': 'travel', 'finished': False}
SESSION HEARTBEAT before-arcanist 540.023 wall seconds; journal only {'journal_frame': 727, 'stage': 2, 'phase': 'travel', 'finished': False}
SESSION HEARTBEAT before-arcanist 570.025 wall seconds; journal only {'journal_frame': 770, 'stage': 2, 'phase': 'combat', 'finished': False}
SESSION HEARTBEAT before-arcanist 600.026 wall seconds; journal only {'journal_frame': 813, 'stage': 2, 'phase': 'combat', 'finished': False}
SESSION HEARTBEAT before-arcanist 630.027 wall seconds; journal only {'journal_frame': 856, 'stage': 2, 'phase': 'combat', 'finished': False}
SESSION HEARTBEAT before-arcanist 660.028 wall seconds; journal only {'journal_frame': 899, 'stage': 2, 'phase': 'loot', 'finished': False}
SESSION HEARTBEAT before-arcanist 690.03 wall seconds; journal only {'journal_frame': 944, 'stage': 3, 'phase': 'travel', 'finished': False}
SESSION HEARTBEAT before-arcanist 720.031 wall seconds; journal only {'journal_frame': 991, 'stage': 3, 'phase': 'travel', 'finished': False}
SESSION HEARTBEAT before-arcanist 750.033 wall seconds; journal only {'journal_frame': 1036, 'stage': 3, 'phase': 'travel', 'finished': False}
SESSION HEARTBEAT before-arcanist 780.035 wall seconds; journal only {'journal_frame': 1080, 'stage': 3, 'phase': 'travel', 'finished': False}
SESSION HEARTBEAT before-arcanist 810.037 wall seconds; journal only {'journal_frame': 1126, 'stage': 3, 'phase': 'travel', 'finished': False}
SESSION HEARTBEAT before-arcanist 840.038 wall seconds; journal only {'journal_frame': 1170, 'stage': 3, 'phase': 'travel', 'finished': False}
SESSION HEARTBEAT before-arcanist 870.04 wall seconds; journal only {'journal_frame': 1217, 'stage': 3, 'phase': 'travel', 'finished': False}
SESSION HEARTBEAT before-arcanist 900.041 wall seconds; journal only {'journal_frame': 1265, 'stage': 3, 'phase': 'combat', 'finished': False}
SESSION HEARTBEAT before-arcanist 930.042 wall seconds; journal only {'journal_frame': 1314, 'stage': 3, 'phase': 'combat', 'finished': False}
SESSION HEARTBEAT before-arcanist 960.044 wall seconds; journal only {'journal_frame': 1363, 'stage': 3, 'phase': 'combat', 'finished': False}
SESSION HEARTBEAT before-arcanist 990.045 wall seconds; journal only {'journal_frame': 1415, 'stage': 3, 'phase': 'interact', 'finished': False}
SESSION HEARTBEAT before-arcanist 1020.046 wall seconds; journal only {'journal_frame': 1467, 'stage': 3, 'phase': 'interact', 'finished': False}
SESSION HEARTBEAT before-arcanist 1050.047 wall seconds; journal only {'journal_frame': 1514, 'stage': 4, 'phase': 'travel', 'finished': False}
SESSION HEARTBEAT before-arcanist 1080.049 wall seconds; journal only {'journal_frame': 1560, 'stage': 4, 'phase': 'travel', 'finished': False}
SESSION HEARTBEAT before-arcanist 1110.05 wall seconds; journal only {'journal_frame': 1605, 'stage': 4, 'phase': 'travel', 'finished': False}
SESSION HEARTBEAT before-arcanist 1140.051 wall seconds; journal only {'journal_frame': 1649, 'stage': 4, 'phase': 'travel', 'finished': False}
SESSION HEARTBEAT before-arcanist 1170.052 wall seconds; journal only {'journal_frame': 1691, 'stage': 4, 'phase': 'travel', 'finished': False}
SESSION HEARTBEAT before-arcanist 1200.054 wall seconds; journal only {'journal_frame': 1733, 'stage': 4, 'phase': 'combat', 'finished': False}
SESSION HEARTBEAT before-arcanist 1230.056 wall seconds; journal only {'journal_frame': 1776, 'stage': 4, 'phase': 'loot', 'finished': False}
SESSION HEARTBEAT before-arcanist 1260.057 wall seconds; journal only {'journal_frame': 1821, 'stage': 5, 'phase': 'travel', 'finished': False}
SESSION HEARTBEAT before-arcanist 1290.058 wall seconds; journal only {'journal_frame': 1867, 'stage': 5, 'phase': 'travel', 'finished': False}
SESSION HEARTBEAT before-arcanist 1320.06 wall seconds; journal only {'journal_frame': 1911, 'stage': 5, 'phase': 'travel', 'finished': False}
SESSION HEARTBEAT before-arcanist 1350.064 wall seconds; journal only {'journal_frame': 1956, 'stage': 5, 'phase': 'travel', 'finished': False}
SESSION HEARTBEAT before-arcanist 1380.065 wall seconds; journal only {'journal_frame': 2000, 'stage': 5, 'phase': 'travel', 'finished': False}
SESSION HEARTBEAT before-arcanist 1410.068 wall seconds; journal only {'journal_frame': 2045, 'stage': 5, 'phase': 'combat', 'finished': False}
SESSION HEARTBEAT before-arcanist 1440.069 wall seconds; journal only {'journal_frame': 2090, 'stage': 5, 'phase': 'combat', 'finished': False}
SESSION HEARTBEAT before-arcanist 1470.07 wall seconds; journal only {'journal_frame': 2137, 'stage': 5, 'phase': 'combat', 'finished': False}
SESSION HEARTBEAT before-arcanist 1500.072 wall seconds; journal only {'journal_frame': 2181, 'stage': 5, 'phase': 'combat', 'finished': False}
SESSION HEARTBEAT before-arcanist 1530.074 wall seconds; journal only {'journal_frame': 2226, 'stage': 5, 'phase': 'combat', 'finished': False}
SESSION HEARTBEAT before-arcanist 1560.075 wall seconds; journal only {'journal_frame': 2274, 'stage': 5, 'phase': 'interact', 'finished': False}
SESSION HEARTBEAT before-arcanist 1590.076 wall seconds; journal only {'journal_frame': 2321, 'stage': 5, 'phase': 'interact', 'finished': False}
SESSION HEARTBEAT before-arcanist 1620.08 wall seconds; journal only {'journal_frame': 2370, 'stage': 5, 'phase': 'interact', 'finished': False}
SESSION HEARTBEAT before-arcanist 1650.081 wall seconds; journal only {'journal_frame': 2418, 'stage': 6, 'phase': 'finished', 'finished': True}
SESSION HEARTBEAT before-arcanist 1680.082 wall seconds; journal only {'journal_frame': 2466, 'stage': 6, 'phase': 'finished', 'finished': True}
SESSION EXIT before-arcanist 0 1695.08 wall seconds
SESSION START after-arcanist
SESSION HEARTBEAT after-arcanist 30.001 wall seconds; journal only {'journal_frame': 0, 'stage': 0, 'phase': 'combat', 'finished': False}
SESSION HEARTBEAT after-arcanist 60.002 wall seconds; journal only {'journal_frame': 44, 'stage': 0, 'phase': 'combat', 'finished': False}
SESSION HEARTBEAT after-arcanist 90.003 wall seconds; journal only {'journal_frame': 92, 'stage': 1, 'phase': 'travel', 'finished': False}
SESSION HEARTBEAT after-arcanist 120.005 wall seconds; journal only {'journal_frame': 137, 'stage': 1, 'phase': 'travel', 'finished': False}
SESSION HEARTBEAT after-arcanist 150.006 wall seconds; journal only {'journal_frame': 182, 'stage': 1, 'phase': 'travel', 'finished': False}
SESSION HEARTBEAT after-arcanist 180.007 wall seconds; journal only {'journal_frame': 226, 'stage': 1, 'phase': 'travel', 'finished': False}
SESSION HEARTBEAT after-arcanist 210.008 wall seconds; journal only {'journal_frame': 269, 'stage': 1, 'phase': 'combat', 'finished': False}
SESSION HEARTBEAT after-arcanist 240.01 wall seconds; journal only {'journal_frame': 309, 'stage': 1, 'phase': 'combat', 'finished': False}
SESSION HEARTBEAT after-arcanist 270.011 wall seconds; journal only {'journal_frame': 352, 'stage': 1, 'phase': 'interact', 'finished': False}
SESSION HEARTBEAT after-arcanist 300.012 wall seconds; journal only {'journal_frame': 394, 'stage': 1, 'phase': 'interact', 'finished': False}
SESSION HEARTBEAT after-arcanist 330.014 wall seconds; journal only {'journal_frame': 439, 'stage': 1, 'phase': 'interact', 'finished': False}
SESSION HEARTBEAT after-arcanist 360.015 wall seconds; journal only {'journal_frame': 483, 'stage': 1, 'phase': 'loot', 'finished': False}
SESSION HEARTBEAT after-arcanist 390.018 wall seconds; journal only {'journal_frame': 527, 'stage': 2, 'phase': 'travel', 'finished': False}
SESSION HEARTBEAT after-arcanist 420.02 wall seconds; journal only {'journal_frame': 572, 'stage': 2, 'phase': 'travel', 'finished': False}
SESSION HEARTBEAT after-arcanist 450.022 wall seconds; journal only {'journal_frame': 618, 'stage': 2, 'phase': 'travel', 'finished': False}
SESSION HEARTBEAT after-arcanist 480.023 wall seconds; journal only {'journal_frame': 659, 'stage': 2, 'phase': 'travel', 'finished': False}
SESSION HEARTBEAT after-arcanist 510.025 wall seconds; journal only {'journal_frame': 704, 'stage': 2, 'phase': 'travel', 'finished': False}
SESSION HEARTBEAT after-arcanist 540.026 wall seconds; journal only {'journal_frame': 747, 'stage': 2, 'phase': 'combat', 'finished': False}
SESSION HEARTBEAT after-arcanist 570.027 wall seconds; journal only {'journal_frame': 791, 'stage': 2, 'phase': 'combat', 'finished': False}
SESSION HEARTBEAT after-arcanist 600.028 wall seconds; journal only {'journal_frame': 833, 'stage': 2, 'phase': 'combat', 'finished': False}
SESSION HEARTBEAT after-arcanist 630.029 wall seconds; journal only {'journal_frame': 877, 'stage': 2, 'phase': 'combat', 'finished': False}
SESSION HEARTBEAT after-arcanist 660.033 wall seconds; journal only {'journal_frame': 920, 'stage': 3, 'phase': 'travel', 'finished': False}
SESSION HEARTBEAT after-arcanist 690.034 wall seconds; journal only {'journal_frame': 968, 'stage': 3, 'phase': 'travel', 'finished': False}
SESSION HEARTBEAT after-arcanist 720.036 wall seconds; journal only {'journal_frame': 1014, 'stage': 3, 'phase': 'travel', 'finished': False}
SESSION HEARTBEAT after-arcanist 750.037 wall seconds; journal only {'journal_frame': 1060, 'stage': 3, 'phase': 'travel', 'finished': False}
SESSION HEARTBEAT after-arcanist 780.041 wall seconds; journal only {'journal_frame': 1104, 'stage': 3, 'phase': 'travel', 'finished': False}
SESSION HEARTBEAT after-arcanist 810.042 wall seconds; journal only {'journal_frame': 1149, 'stage': 3, 'phase': 'travel', 'finished': False}
SESSION HEARTBEAT after-arcanist 840.043 wall seconds; journal only {'journal_frame': 1193, 'stage': 3, 'phase': 'travel', 'finished': False}
SESSION HEARTBEAT after-arcanist 870.044 wall seconds; journal only {'journal_frame': 1240, 'stage': 3, 'phase': 'travel', 'finished': False}
SESSION HEARTBEAT after-arcanist 900.046 wall seconds; journal only {'journal_frame': 1290, 'stage': 3, 'phase': 'combat', 'finished': False}
SESSION HEARTBEAT after-arcanist 930.047 wall seconds; journal only {'journal_frame': 1340, 'stage': 3, 'phase': 'combat', 'finished': False}
SESSION HEARTBEAT after-arcanist 960.048 wall seconds; journal only {'journal_frame': 1391, 'stage': 3, 'phase': 'interact', 'finished': False}
SESSION HEARTBEAT after-arcanist 990.049 wall seconds; journal only {'journal_frame': 1444, 'stage': 3, 'phase': 'interact', 'finished': False}
SESSION HEARTBEAT after-arcanist 1020.05 wall seconds; journal only {'journal_frame': 1496, 'stage': 3, 'phase': 'loot', 'finished': False}
SESSION HEARTBEAT after-arcanist 1050.052 wall seconds; journal only {'journal_frame': 1543, 'stage': 4, 'phase': 'travel', 'finished': False}
SESSION HEARTBEAT after-arcanist 1080.053 wall seconds; journal only {'journal_frame': 1590, 'stage': 4, 'phase': 'travel', 'finished': False}
SESSION HEARTBEAT after-arcanist 1110.054 wall seconds; journal only {'journal_frame': 1635, 'stage': 4, 'phase': 'travel', 'finished': False}
SESSION HEARTBEAT after-arcanist 1140.055 wall seconds; journal only {'journal_frame': 1680, 'stage': 4, 'phase': 'travel', 'finished': False}
SESSION HEARTBEAT after-arcanist 1170.057 wall seconds; journal only {'journal_frame': 1723, 'stage': 4, 'phase': 'combat', 'finished': False}
SESSION HEARTBEAT after-arcanist 1200.058 wall seconds; journal only {'journal_frame': 1766, 'stage': 4, 'phase': 'loot', 'finished': False}
SESSION HEARTBEAT after-arcanist 1230.059 wall seconds; journal only {'journal_frame': 1814, 'stage': 5, 'phase': 'travel', 'finished': False}
SESSION HEARTBEAT after-arcanist 1260.06 wall seconds; journal only {'journal_frame': 1863, 'stage': 5, 'phase': 'travel', 'finished': False}
SESSION HEARTBEAT after-arcanist 1290.062 wall seconds; journal only {'journal_frame': 1911, 'stage': 5, 'phase': 'travel', 'finished': False}
SESSION HEARTBEAT after-arcanist 1320.063 wall seconds; journal only {'journal_frame': 1958, 'stage': 5, 'phase': 'travel', 'finished': False}
SESSION HEARTBEAT after-arcanist 1350.065 wall seconds; journal only {'journal_frame': 2006, 'stage': 5, 'phase': 'travel', 'finished': False}
SESSION HEARTBEAT after-arcanist 1380.066 wall seconds; journal only {'journal_frame': 2052, 'stage': 5, 'phase': 'combat', 'finished': False}
SESSION HEARTBEAT after-arcanist 1410.067 wall seconds; journal only {'journal_frame': 2101, 'stage': 5, 'phase': 'combat', 'finished': False}
SESSION HEARTBEAT after-arcanist 1440.069 wall seconds; journal only {'journal_frame': 2149, 'stage': 5, 'phase': 'combat', 'finished': False}
SESSION HEARTBEAT after-arcanist 1470.07 wall seconds; journal only {'journal_frame': 2198, 'stage': 5, 'phase': 'combat', 'finished': False}
SESSION HEARTBEAT after-arcanist 1500.073 wall seconds; journal only {'journal_frame': 2245, 'stage': 5, 'phase': 'combat', 'finished': False}
SESSION HEARTBEAT after-arcanist 1530.074 wall seconds; journal only {'journal_frame': 2294, 'stage': 5, 'phase': 'interact', 'finished': False}
SESSION HEARTBEAT after-arcanist 1560.075 wall seconds; journal only {'journal_frame': 2343, 'stage': 5, 'phase': 'interact', 'finished': False}
SESSION HEARTBEAT after-arcanist 1590.077 wall seconds; journal only {'journal_frame': 2392, 'stage': 5, 'phase': 'loot', 'finished': False}
SESSION HEARTBEAT after-arcanist 1620.078 wall seconds; journal only {'journal_frame': 2441, 'stage': 6, 'phase': 'finished', 'finished': True}
SESSION EXIT after-arcanist 0 1649.655 wall seconds
SESSION START arcanist-comparison
SESSION EXIT arcanist-comparison 0 6.132 wall seconds
SESSION START before-ranger
SESSION HEARTBEAT before-ranger 30.001 wall seconds; journal only {'journal_frame': 0, 'stage': 0, 'phase': 'combat', 'finished': False}
SESSION HEARTBEAT before-ranger 60.002 wall seconds; journal only {'journal_frame': 42, 'stage': 0, 'phase': 'combat', 'finished': False}
SESSION HEARTBEAT before-ranger 90.004 wall seconds; journal only {'journal_frame': 89, 'stage': 0, 'phase': 'interact', 'finished': False}
SESSION HEARTBEAT before-ranger 120.005 wall seconds; journal only {'journal_frame': 135, 'stage': 1, 'phase': 'travel', 'finished': False}
SESSION HEARTBEAT before-ranger 150.007 wall seconds; journal only {'journal_frame': 178, 'stage': 1, 'phase': 'travel', 'finished': False}
SESSION HEARTBEAT before-ranger 180.008 wall seconds; journal only {'journal_frame': 219, 'stage': 1, 'phase': 'travel', 'finished': False}
SESSION HEARTBEAT before-ranger 210.009 wall seconds; journal only {'journal_frame': 256, 'stage': 1, 'phase': 'travel', 'finished': False}
SESSION HEARTBEAT before-ranger 240.011 wall seconds; journal only {'journal_frame': 294, 'stage': 1, 'phase': 'combat', 'finished': False}
SESSION HEARTBEAT before-ranger 270.012 wall seconds; journal only {'journal_frame': 330, 'stage': 1, 'phase': 'combat', 'finished': False}
SESSION HEARTBEAT before-ranger 300.013 wall seconds; journal only {'journal_frame': 364, 'stage': 1, 'phase': 'combat', 'finished': False}
SESSION HEARTBEAT before-ranger 330.015 wall seconds; journal only {'journal_frame': 401, 'stage': 1, 'phase': 'interact', 'finished': False}
SESSION HEARTBEAT before-ranger 360.016 wall seconds; journal only {'journal_frame': 439, 'stage': 1, 'phase': 'interact', 'finished': False}
SESSION HEARTBEAT before-ranger 390.018 wall seconds; journal only {'journal_frame': 483, 'stage': 1, 'phase': 'interact', 'finished': False}
SESSION HEARTBEAT before-ranger 420.02 wall seconds; journal only {'journal_frame': 528, 'stage': 2, 'phase': 'travel', 'finished': False}
SESSION HEARTBEAT before-ranger 450.021 wall seconds; journal only {'journal_frame': 571, 'stage': 2, 'phase': 'travel', 'finished': False}
SESSION HEARTBEAT before-ranger 480.023 wall seconds; journal only {'journal_frame': 614, 'stage': 2, 'phase': 'travel', 'finished': False}
SESSION HEARTBEAT before-ranger 510.024 wall seconds; journal only {'journal_frame': 656, 'stage': 2, 'phase': 'travel', 'finished': False}
SESSION HEARTBEAT before-ranger 540.03 wall seconds; journal only {'journal_frame': 700, 'stage': 2, 'phase': 'travel', 'finished': False}
SESSION HEARTBEAT before-ranger 570.032 wall seconds; journal only {'journal_frame': 745, 'stage': 2, 'phase': 'travel', 'finished': False}
SESSION HEARTBEAT before-ranger 600.033 wall seconds; journal only {'journal_frame': 788, 'stage': 2, 'phase': 'combat', 'finished': False}
SESSION HEARTBEAT before-ranger 630.034 wall seconds; journal only {'journal_frame': 828, 'stage': 2, 'phase': 'combat', 'finished': False}
SESSION HEARTBEAT before-ranger 660.036 wall seconds; journal only {'journal_frame': 871, 'stage': 2, 'phase': 'combat', 'finished': False}
SESSION HEARTBEAT before-ranger 690.037 wall seconds; journal only {'journal_frame': 916, 'stage': 3, 'phase': 'travel', 'finished': False}
SESSION HEARTBEAT before-ranger 720.039 wall seconds; journal only {'journal_frame': 964, 'stage': 3, 'phase': 'travel', 'finished': False}
SESSION HEARTBEAT before-ranger 750.041 wall seconds; journal only {'journal_frame': 1011, 'stage': 3, 'phase': 'travel', 'finished': False}
SESSION HEARTBEAT before-ranger 780.042 wall seconds; journal only {'journal_frame': 1056, 'stage': 3, 'phase': 'travel', 'finished': False}
SESSION HEARTBEAT before-ranger 810.044 wall seconds; journal only {'journal_frame': 1103, 'stage': 3, 'phase': 'travel', 'finished': False}
SESSION HEARTBEAT before-ranger 840.045 wall seconds; journal only {'journal_frame': 1147, 'stage': 3, 'phase': 'travel', 'finished': False}
SESSION HEARTBEAT before-ranger 870.05 wall seconds; journal only {'journal_frame': 1193, 'stage': 3, 'phase': 'travel', 'finished': False}
SESSION HEARTBEAT before-ranger 900.051 wall seconds; journal only {'journal_frame': 1236, 'stage': 3, 'phase': 'combat', 'finished': False}
SESSION HEARTBEAT before-ranger 930.052 wall seconds; journal only {'journal_frame': 1281, 'stage': 3, 'phase': 'combat', 'finished': False}
SESSION HEARTBEAT before-ranger 960.053 wall seconds; journal only {'journal_frame': 1326, 'stage': 3, 'phase': 'combat', 'finished': False}
SESSION HEARTBEAT before-ranger 990.055 wall seconds; journal only {'journal_frame': 1370, 'stage': 3, 'phase': 'combat', 'finished': False}
SESSION HEARTBEAT before-ranger 1020.057 wall seconds; journal only {'journal_frame': 1419, 'stage': 3, 'phase': 'interact', 'finished': False}
SESSION HEARTBEAT before-ranger 1050.062 wall seconds; journal only {'journal_frame': 1466, 'stage': 3, 'phase': 'interact', 'finished': False}
SESSION HEARTBEAT before-ranger 1080.064 wall seconds; journal only {'journal_frame': 1517, 'stage': 3, 'phase': 'loot', 'finished': False}
SESSION HEARTBEAT before-ranger 1110.075 wall seconds; journal only {'journal_frame': 1558, 'stage': 4, 'phase': 'travel', 'finished': False}
SESSION HEARTBEAT before-ranger 1140.076 wall seconds; journal only {'journal_frame': 1600, 'stage': 4, 'phase': 'travel', 'finished': False}
SESSION HEARTBEAT before-ranger 1170.078 wall seconds; journal only {'journal_frame': 1641, 'stage': 4, 'phase': 'travel', 'finished': False}
SESSION HEARTBEAT before-ranger 1200.079 wall seconds; journal only {'journal_frame': 1682, 'stage': 4, 'phase': 'travel', 'finished': False}
SESSION HEARTBEAT before-ranger 1230.08 wall seconds; journal only {'journal_frame': 1722, 'stage': 4, 'phase': 'combat', 'finished': False}
SESSION HEARTBEAT before-ranger 1260.082 wall seconds; journal only {'journal_frame': 1764, 'stage': 4, 'phase': 'combat', 'finished': False}
SESSION HEARTBEAT before-ranger 1290.084 wall seconds; journal only {'journal_frame': 1809, 'stage': 5, 'phase': 'travel', 'finished': False}
SESSION HEARTBEAT before-ranger 1320.086 wall seconds; journal only {'journal_frame': 1856, 'stage': 5, 'phase': 'travel', 'finished': False}
SESSION HEARTBEAT before-ranger 1350.087 wall seconds; journal only {'journal_frame': 1902, 'stage': 5, 'phase': 'travel', 'finished': False}
SESSION HEARTBEAT before-ranger 1380.088 wall seconds; journal only {'journal_frame': 1947, 'stage': 5, 'phase': 'travel', 'finished': False}
SESSION HEARTBEAT before-ranger 1410.09 wall seconds; journal only {'journal_frame': 1993, 'stage': 5, 'phase': 'travel', 'finished': False}
SESSION HEARTBEAT before-ranger 1440.092 wall seconds; journal only {'journal_frame': 2038, 'stage': 5, 'phase': 'travel', 'finished': False}
SESSION HEARTBEAT before-ranger 1470.093 wall seconds; journal only {'journal_frame': 2084, 'stage': 5, 'phase': 'combat', 'finished': False}
SESSION HEARTBEAT before-ranger 1500.095 wall seconds; journal only {'journal_frame': 2132, 'stage': 5, 'phase': 'combat', 'finished': False}
SESSION HEARTBEAT before-ranger 1530.096 wall seconds; journal only {'journal_frame': 2180, 'stage': 5, 'phase': 'combat', 'finished': False}
SESSION HEARTBEAT before-ranger 1560.098 wall seconds; journal only {'journal_frame': 2229, 'stage': 5, 'phase': 'combat', 'finished': False}
SESSION HEARTBEAT before-ranger 1590.099 wall seconds; journal only {'journal_frame': 2278, 'stage': 5, 'phase': 'combat', 'finished': False}
SESSION HEARTBEAT before-ranger 1620.101 wall seconds; journal only {'journal_frame': 2325, 'stage': 5, 'phase': 'combat', 'finished': False}
SESSION HEARTBEAT before-ranger 1650.102 wall seconds; journal only {'journal_frame': 2373, 'stage': 5, 'phase': 'interact', 'finished': False}
SESSION HEARTBEAT before-ranger 1680.104 wall seconds; journal only {'journal_frame': 2421, 'stage': 5, 'phase': 'interact', 'finished': False}
SESSION HEARTBEAT before-ranger 1710.106 wall seconds; journal only {'journal_frame': 2469, 'stage': 6, 'phase': 'finished', 'finished': True}
SESSION HEARTBEAT before-ranger 1740.107 wall seconds; journal only {'journal_frame': 2519, 'stage': 6, 'phase': 'finished', 'finished': True}
SESSION EXIT before-ranger 0 1761.341 wall seconds
SESSION START after-ranger
SESSION HEARTBEAT after-ranger 30.001 wall seconds; journal only None
SESSION HEARTBEAT after-ranger 60.002 wall seconds; journal only {'journal_frame': 42, 'stage': 0, 'phase': 'combat', 'finished': False}
SESSION HEARTBEAT after-ranger 90.003 wall seconds; journal only {'journal_frame': 85, 'stage': 0, 'phase': 'combat', 'finished': False}
SESSION HEARTBEAT after-ranger 120.004 wall seconds; journal only {'journal_frame': 132, 'stage': 1, 'phase': 'travel', 'finished': False}
SESSION HEARTBEAT after-ranger 150.006 wall seconds; journal only {'journal_frame': 175, 'stage': 1, 'phase': 'travel', 'finished': False}
SESSION HEARTBEAT after-ranger 180.009 wall seconds; journal only {'journal_frame': 218, 'stage': 1, 'phase': 'travel', 'finished': False}
SESSION HEARTBEAT after-ranger 210.011 wall seconds; journal only {'journal_frame': 262, 'stage': 1, 'phase': 'travel', 'finished': False}
SESSION HEARTBEAT after-ranger 240.012 wall seconds; journal only {'journal_frame': 302, 'stage': 1, 'phase': 'combat', 'finished': False}
SESSION HEARTBEAT after-ranger 270.013 wall seconds; journal only {'journal_frame': 342, 'stage': 1, 'phase': 'combat', 'finished': False}
SESSION HEARTBEAT after-ranger 300.015 wall seconds; journal only {'journal_frame': 383, 'stage': 1, 'phase': 'interact', 'finished': False}
SESSION HEARTBEAT after-ranger 330.018 wall seconds; journal only {'journal_frame': 426, 'stage': 1, 'phase': 'interact', 'finished': False}
SESSION HEARTBEAT after-ranger 360.019 wall seconds; journal only {'journal_frame': 472, 'stage': 1, 'phase': 'interact', 'finished': False}
SESSION HEARTBEAT after-ranger 390.02 wall seconds; journal only {'journal_frame': 516, 'stage': 1, 'phase': 'loot', 'finished': False}
SESSION HEARTBEAT after-ranger 420.022 wall seconds; journal only {'journal_frame': 562, 'stage': 2, 'phase': 'travel', 'finished': False}
SESSION HEARTBEAT after-ranger 450.023 wall seconds; journal only {'journal_frame': 607, 'stage': 2, 'phase': 'travel', 'finished': False}
SESSION HEARTBEAT after-ranger 480.024 wall seconds; journal only {'journal_frame': 650, 'stage': 2, 'phase': 'travel', 'finished': False}
SESSION HEARTBEAT after-ranger 510.026 wall seconds; journal only {'journal_frame': 695, 'stage': 2, 'phase': 'travel', 'finished': False}
SESSION HEARTBEAT after-ranger 540.027 wall seconds; journal only {'journal_frame': 741, 'stage': 2, 'phase': 'travel', 'finished': False}
SESSION HEARTBEAT after-ranger 570.029 wall seconds; journal only {'journal_frame': 785, 'stage': 2, 'phase': 'combat', 'finished': False}
SESSION HEARTBEAT after-ranger 600.03 wall seconds; journal only {'journal_frame': 829, 'stage': 2, 'phase': 'combat', 'finished': False}
SESSION HEARTBEAT after-ranger 630.032 wall seconds; journal only {'journal_frame': 875, 'stage': 2, 'phase': 'loot', 'finished': False}
SESSION HEARTBEAT after-ranger 660.033 wall seconds; journal only {'journal_frame': 922, 'stage': 3, 'phase': 'travel', 'finished': False}
SESSION HEARTBEAT after-ranger 690.035 wall seconds; journal only {'journal_frame': 969, 'stage': 3, 'phase': 'travel', 'finished': False}
SESSION HEARTBEAT after-ranger 720.036 wall seconds; journal only {'journal_frame': 1015, 'stage': 3, 'phase': 'travel', 'finished': False}
SESSION HEARTBEAT after-ranger 750.037 wall seconds; journal only {'journal_frame': 1062, 'stage': 3, 'phase': 'travel', 'finished': False}
SESSION HEARTBEAT after-ranger 780.039 wall seconds; journal only {'journal_frame': 1107, 'stage': 3, 'phase': 'travel', 'finished': False}
SESSION HEARTBEAT after-ranger 810.04 wall seconds; journal only {'journal_frame': 1152, 'stage': 3, 'phase': 'travel', 'finished': False}
SESSION HEARTBEAT after-ranger 840.041 wall seconds; journal only {'journal_frame': 1199, 'stage': 3, 'phase': 'travel', 'finished': False}
SESSION HEARTBEAT after-ranger 870.043 wall seconds; journal only {'journal_frame': 1247, 'stage': 3, 'phase': 'combat', 'finished': False}
SESSION HEARTBEAT after-ranger 900.044 wall seconds; journal only {'journal_frame': 1297, 'stage': 3, 'phase': 'combat', 'finished': False}
SESSION HEARTBEAT after-ranger 930.045 wall seconds; journal only {'journal_frame': 1344, 'stage': 3, 'phase': 'combat', 'finished': False}
SESSION HEARTBEAT after-ranger 960.046 wall seconds; journal only {'journal_frame': 1395, 'stage': 3, 'phase': 'interact', 'finished': False}
SESSION HEARTBEAT after-ranger 990.048 wall seconds; journal only {'journal_frame': 1446, 'stage': 3, 'phase': 'interact', 'finished': False}
SESSION HEARTBEAT after-ranger 1020.05 wall seconds; journal only {'journal_frame': 1499, 'stage': 3, 'phase': 'loot', 'finished': False}
SESSION HEARTBEAT after-ranger 1050.051 wall seconds; journal only {'journal_frame': 1548, 'stage': 4, 'phase': 'travel', 'finished': False}
SESSION HEARTBEAT after-ranger 1080.053 wall seconds; journal only {'journal_frame': 1595, 'stage': 4, 'phase': 'travel', 'finished': False}
SESSION HEARTBEAT after-ranger 1110.054 wall seconds; journal only {'journal_frame': 1641, 'stage': 4, 'phase': 'travel', 'finished': False}
SESSION HEARTBEAT after-ranger 1140.056 wall seconds; journal only {'journal_frame': 1686, 'stage': 4, 'phase': 'travel', 'finished': False}
SESSION HEARTBEAT after-ranger 1170.057 wall seconds; journal only {'journal_frame': 1730, 'stage': 4, 'phase': 'combat', 'finished': False}
SESSION HEARTBEAT after-ranger 1200.059 wall seconds; journal only {'journal_frame': 1773, 'stage': 4, 'phase': 'loot', 'finished': False}
SESSION HEARTBEAT after-ranger 1230.06 wall seconds; journal only {'journal_frame': 1820, 'stage': 5, 'phase': 'travel', 'finished': False}
SESSION HEARTBEAT after-ranger 1260.062 wall seconds; journal only {'journal_frame': 1869, 'stage': 5, 'phase': 'travel', 'finished': False}
SESSION HEARTBEAT after-ranger 1290.063 wall seconds; journal only {'journal_frame': 1917, 'stage': 5, 'phase': 'travel', 'finished': False}
SESSION HEARTBEAT after-ranger 1320.065 wall seconds; journal only {'journal_frame': 1964, 'stage': 5, 'phase': 'travel', 'finished': False}
SESSION HEARTBEAT after-ranger 1350.066 wall seconds; journal only {'journal_frame': 2012, 'stage': 5, 'phase': 'travel', 'finished': False}
SESSION HEARTBEAT after-ranger 1380.068 wall seconds; journal only {'journal_frame': 2057, 'stage': 5, 'phase': 'combat', 'finished': False}
SESSION HEARTBEAT after-ranger 1410.069 wall seconds; journal only {'journal_frame': 2106, 'stage': 5, 'phase': 'combat', 'finished': False}
SESSION HEARTBEAT after-ranger 1440.071 wall seconds; journal only {'journal_frame': 2155, 'stage': 5, 'phase': 'combat', 'finished': False}
SESSION HEARTBEAT after-ranger 1470.072 wall seconds; journal only {'journal_frame': 2203, 'stage': 5, 'phase': 'combat', 'finished': False}
SESSION HEARTBEAT after-ranger 1500.074 wall seconds; journal only {'journal_frame': 2253, 'stage': 5, 'phase': 'combat', 'finished': False}
SESSION HEARTBEAT after-ranger 1530.078 wall seconds; journal only {'journal_frame': 2302, 'stage': 5, 'phase': 'combat', 'finished': False}
SESSION HEARTBEAT after-ranger 1560.079 wall seconds; journal only {'journal_frame': 2352, 'stage': 5, 'phase': 'interact', 'finished': False}
SESSION HEARTBEAT after-ranger 1590.08 wall seconds; journal only {'journal_frame': 2401, 'stage': 5, 'phase': 'interact', 'finished': False}
SESSION HEARTBEAT after-ranger 1620.081 wall seconds; journal only {'journal_frame': 2450, 'stage': 5, 'phase': 'loot', 'finished': False}
SESSION HEARTBEAT after-ranger 1650.083 wall seconds; journal only {'journal_frame': 2499, 'stage': 6, 'phase': 'finished', 'finished': True}
SESSION HEARTBEAT after-ranger 1680.085 wall seconds; journal only {'journal_frame': 2558, 'stage': 6, 'phase': 'finished', 'finished': True}
SESSION EXIT after-ranger 0 1683.919 wall seconds
SESSION START ranger-comparison
SESSION EXIT ranger-comparison 0 6.333 wall seconds
SESSION START before-vowkeeper
SESSION HEARTBEAT before-vowkeeper 30.001 wall seconds; journal only {'journal_frame': 0, 'stage': 0, 'phase': 'combat', 'finished': False}
SESSION HEARTBEAT before-vowkeeper 60.002 wall seconds; journal only {'journal_frame': 42, 'stage': 0, 'phase': 'combat', 'finished': False}
SESSION HEARTBEAT before-vowkeeper 90.007 wall seconds; journal only {'journal_frame': 85, 'stage': 0, 'phase': 'combat', 'finished': False}
SESSION HEARTBEAT before-vowkeeper 120.008 wall seconds; journal only {'journal_frame': 128, 'stage': 0, 'phase': 'loot', 'finished': False}
SESSION HEARTBEAT before-vowkeeper 150.01 wall seconds; journal only {'journal_frame': 170, 'stage': 1, 'phase': 'travel', 'finished': False}
SESSION HEARTBEAT before-vowkeeper 180.011 wall seconds; journal only {'journal_frame': 209, 'stage': 1, 'phase': 'travel', 'finished': False}
SESSION HEARTBEAT before-vowkeeper 210.036 wall seconds; journal only {'journal_frame': 249, 'stage': 1, 'phase': 'travel', 'finished': False}
SESSION HEARTBEAT before-vowkeeper 240.038 wall seconds; journal only {'journal_frame': 289, 'stage': 1, 'phase': 'travel', 'finished': False}
SESSION HEARTBEAT before-vowkeeper 270.039 wall seconds; journal only {'journal_frame': 327, 'stage': 1, 'phase': 'travel', 'finished': False}
SESSION HEARTBEAT before-vowkeeper 300.04 wall seconds; journal only {'journal_frame': 363, 'stage': 1, 'phase': 'combat', 'finished': False}
SESSION HEARTBEAT before-vowkeeper 330.042 wall seconds; journal only {'journal_frame': 405, 'stage': 1, 'phase': 'combat', 'finished': False}
SESSION HEARTBEAT before-vowkeeper 360.043 wall seconds; journal only {'journal_frame': 447, 'stage': 1, 'phase': 'combat', 'finished': False}
SESSION HEARTBEAT before-vowkeeper 390.044 wall seconds; journal only {'journal_frame': 491, 'stage': 1, 'phase': 'combat', 'finished': False}
SESSION HEARTBEAT before-vowkeeper 420.046 wall seconds; journal only {'journal_frame': 535, 'stage': 1, 'phase': 'interact', 'finished': False}
SESSION HEARTBEAT before-vowkeeper 450.047 wall seconds; journal only {'journal_frame': 580, 'stage': 1, 'phase': 'interact', 'finished': False}
SESSION HEARTBEAT before-vowkeeper 480.049 wall seconds; journal only {'journal_frame': 624, 'stage': 2, 'phase': 'travel', 'finished': False}
SESSION HEARTBEAT before-vowkeeper 510.05 wall seconds; journal only {'journal_frame': 670, 'stage': 2, 'phase': 'travel', 'finished': False}
SESSION HEARTBEAT before-vowkeeper 540.054 wall seconds; journal only {'journal_frame': 715, 'stage': 2, 'phase': 'travel', 'finished': False}
SESSION HEARTBEAT before-vowkeeper 570.055 wall seconds; journal only {'journal_frame': 759, 'stage': 2, 'phase': 'travel', 'finished': False}
SESSION HEARTBEAT before-vowkeeper 600.057 wall seconds; journal only {'journal_frame': 804, 'stage': 2, 'phase': 'travel', 'finished': False}
SESSION HEARTBEAT before-vowkeeper 630.058 wall seconds; journal only {'journal_frame': 849, 'stage': 2, 'phase': 'travel', 'finished': False}
SESSION HEARTBEAT before-vowkeeper 660.06 wall seconds; journal only {'journal_frame': 893, 'stage': 2, 'phase': 'combat', 'finished': False}
SESSION HEARTBEAT before-vowkeeper 690.061 wall seconds; journal only {'journal_frame': 936, 'stage': 2, 'phase': 'combat', 'finished': False}
SESSION HEARTBEAT before-vowkeeper 720.062 wall seconds; journal only {'journal_frame': 978, 'stage': 2, 'phase': 'combat', 'finished': False}
SESSION HEARTBEAT before-vowkeeper 750.065 wall seconds; journal only {'journal_frame': 1021, 'stage': 2, 'phase': 'combat', 'finished': False}
SESSION HEARTBEAT before-vowkeeper 780.068 wall seconds; journal only {'journal_frame': 1065, 'stage': 2, 'phase': 'combat', 'finished': False}
SESSION HEARTBEAT before-vowkeeper 810.072 wall seconds; journal only {'journal_frame': 1111, 'stage': 2, 'phase': 'combat', 'finished': False}
SESSION HEARTBEAT before-vowkeeper 840.074 wall seconds; journal only {'journal_frame': 1155, 'stage': 2, 'phase': 'loot', 'finished': False}
SESSION HEARTBEAT before-vowkeeper 870.075 wall seconds; journal only {'journal_frame': 1202, 'stage': 3, 'phase': 'travel', 'finished': False}
SESSION HEARTBEAT before-vowkeeper 900.076 wall seconds; journal only {'journal_frame': 1249, 'stage': 3, 'phase': 'travel', 'finished': False}
SESSION HEARTBEAT before-vowkeeper 930.078 wall seconds; journal only {'journal_frame': 1297, 'stage': 3, 'phase': 'travel', 'finished': False}
SESSION HEARTBEAT before-vowkeeper 960.079 wall seconds; journal only {'journal_frame': 1344, 'stage': 3, 'phase': 'travel', 'finished': False}
SESSION HEARTBEAT before-vowkeeper 990.081 wall seconds; journal only {'journal_frame': 1389, 'stage': 3, 'phase': 'travel', 'finished': False}
SESSION HEARTBEAT before-vowkeeper 1020.082 wall seconds; journal only {'journal_frame': 1435, 'stage': 3, 'phase': 'travel', 'finished': False}
SESSION HEARTBEAT before-vowkeeper 1050.083 wall seconds; journal only {'journal_frame': 1480, 'stage': 3, 'phase': 'travel', 'finished': False}
SESSION HEARTBEAT before-vowkeeper 1080.085 wall seconds; journal only {'journal_frame': 1529, 'stage': 3, 'phase': 'travel', 'finished': False}
SESSION HEARTBEAT before-vowkeeper 1110.086 wall seconds; journal only {'journal_frame': 1576, 'stage': 3, 'phase': 'combat', 'finished': False}
SESSION HEARTBEAT before-vowkeeper 1140.088 wall seconds; journal only {'journal_frame': 1627, 'stage': 3, 'phase': 'combat', 'finished': False}
SESSION HEARTBEAT before-vowkeeper 1170.089 wall seconds; journal only {'journal_frame': 1677, 'stage': 3, 'phase': 'combat', 'finished': False}
SESSION HEARTBEAT before-vowkeeper 1200.091 wall seconds; journal only {'journal_frame': 1730, 'stage': 3, 'phase': 'interact', 'finished': False}
SESSION HEARTBEAT before-vowkeeper 1230.093 wall seconds; journal only {'journal_frame': 1785, 'stage': 4, 'phase': 'travel', 'finished': False}
SESSION HEARTBEAT before-vowkeeper 1260.095 wall seconds; journal only {'journal_frame': 1831, 'stage': 4, 'phase': 'travel', 'finished': False}
SESSION HEARTBEAT before-vowkeeper 1290.096 wall seconds; journal only {'journal_frame': 1877, 'stage': 4, 'phase': 'travel', 'finished': False}
SESSION HEARTBEAT before-vowkeeper 1320.097 wall seconds; journal only {'journal_frame': 1922, 'stage': 4, 'phase': 'travel', 'finished': False}
SESSION HEARTBEAT before-vowkeeper 1350.099 wall seconds; journal only {'journal_frame': 1966, 'stage': 4, 'phase': 'travel', 'finished': False}
SESSION HEARTBEAT before-vowkeeper 1380.1 wall seconds; journal only {'journal_frame': 2009, 'stage': 4, 'phase': 'combat', 'finished': False}
SESSION HEARTBEAT before-vowkeeper 1410.101 wall seconds; journal only {'journal_frame': 2051, 'stage': 4, 'phase': 'combat', 'finished': False}
SESSION HEARTBEAT before-vowkeeper 1440.103 wall seconds; journal only {'journal_frame': 2094, 'stage': 4, 'phase': 'combat', 'finished': False}
SESSION HEARTBEAT before-vowkeeper 1470.104 wall seconds; journal only {'journal_frame': 2138, 'stage': 4, 'phase': 'loot', 'finished': False}
SESSION HEARTBEAT before-vowkeeper 1500.106 wall seconds; journal only {'journal_frame': 2182, 'stage': 5, 'phase': 'travel', 'finished': False}
SESSION HEARTBEAT before-vowkeeper 1530.108 wall seconds; journal only {'journal_frame': 2229, 'stage': 5, 'phase': 'travel', 'finished': False}
SESSION HEARTBEAT before-vowkeeper 1560.109 wall seconds; journal only {'journal_frame': 2275, 'stage': 5, 'phase': 'travel', 'finished': False}
SESSION HEARTBEAT before-vowkeeper 1590.11 wall seconds; journal only {'journal_frame': 2321, 'stage': 5, 'phase': 'travel', 'finished': False}
SESSION HEARTBEAT before-vowkeeper 1620.112 wall seconds; journal only {'journal_frame': 2366, 'stage': 5, 'phase': 'travel', 'finished': False}
SESSION HEARTBEAT before-vowkeeper 1650.113 wall seconds; journal only {'journal_frame': 2411, 'stage': 5, 'phase': 'travel', 'finished': False}
SESSION HEARTBEAT before-vowkeeper 1680.114 wall seconds; journal only {'journal_frame': 2457, 'stage': 5, 'phase': 'combat', 'finished': False}
SESSION HEARTBEAT before-vowkeeper 1710.116 wall seconds; journal only {'journal_frame': 2505, 'stage': 5, 'phase': 'combat', 'finished': False}
SESSION HEARTBEAT before-vowkeeper 1740.118 wall seconds; journal only {'journal_frame': 2551, 'stage': 5, 'phase': 'combat', 'finished': False}
SESSION HEARTBEAT before-vowkeeper 1770.12 wall seconds; journal only {'journal_frame': 2598, 'stage': 5, 'phase': 'combat', 'finished': False}
SESSION HEARTBEAT before-vowkeeper 1800.122 wall seconds; journal only {'journal_frame': 2645, 'stage': 5, 'phase': 'combat', 'finished': False}
SESSION HEARTBEAT before-vowkeeper 1830.123 wall seconds; journal only {'journal_frame': 2693, 'stage': 5, 'phase': 'combat', 'finished': False}
SESSION HEARTBEAT before-vowkeeper 1860.125 wall seconds; journal only {'journal_frame': 2741, 'stage': 5, 'phase': 'combat', 'finished': False}
SESSION HEARTBEAT before-vowkeeper 1890.127 wall seconds; journal only {'journal_frame': 2787, 'stage': 5, 'phase': 'combat', 'finished': False}
SESSION HEARTBEAT before-vowkeeper 1920.128 wall seconds; journal only {'journal_frame': 2835, 'stage': 5, 'phase': 'combat', 'finished': False}
SESSION HEARTBEAT before-vowkeeper 1950.129 wall seconds; journal only {'journal_frame': 2883, 'stage': 5, 'phase': 'combat', 'finished': False}
SESSION HEARTBEAT before-vowkeeper 1980.131 wall seconds; journal only {'journal_frame': 2931, 'stage': 5, 'phase': 'interact', 'finished': False}
SESSION HEARTBEAT before-vowkeeper 2010.132 wall seconds; journal only {'journal_frame': 2981, 'stage': 5, 'phase': 'loot', 'finished': False}
SESSION HEARTBEAT before-vowkeeper 2040.133 wall seconds; journal only {'journal_frame': 3029, 'stage': 6, 'phase': 'finished', 'finished': True}
SESSION HEARTBEAT before-vowkeeper 2070.134 wall seconds; journal only {'journal_frame': 3098, 'stage': 6, 'phase': 'finished', 'finished': True}
SESSION EXIT before-vowkeeper 0 2081.533 wall seconds
SESSION START after-vowkeeper
SESSION HEARTBEAT after-vowkeeper 30.003 wall seconds; journal only {'journal_frame': 1, 'stage': 0, 'phase': 'combat', 'finished': False}
SESSION HEARTBEAT after-vowkeeper 60.004 wall seconds; journal only {'journal_frame': 43, 'stage': 0, 'phase': 'combat', 'finished': False}
SESSION HEARTBEAT after-vowkeeper 90.005 wall seconds; journal only {'journal_frame': 91, 'stage': 0, 'phase': 'combat', 'finished': False}
SESSION HEARTBEAT after-vowkeeper 120.007 wall seconds; journal only {'journal_frame': 139, 'stage': 0, 'phase': 'loot', 'finished': False}
SESSION HEARTBEAT after-vowkeeper 150.008 wall seconds; journal only {'journal_frame': 186, 'stage': 1, 'phase': 'travel', 'finished': False}
SESSION HEARTBEAT after-vowkeeper 180.01 wall seconds; journal only {'journal_frame': 231, 'stage': 1, 'phase': 'travel', 'finished': False}
SESSION HEARTBEAT after-vowkeeper 210.011 wall seconds; journal only {'journal_frame': 275, 'stage': 1, 'phase': 'travel', 'finished': False}
SESSION HEARTBEAT after-vowkeeper 240.013 wall seconds; journal only {'journal_frame': 316, 'stage': 1, 'phase': 'travel', 'finished': False}
SESSION HEARTBEAT after-vowkeeper 270.014 wall seconds; journal only {'journal_frame': 358, 'stage': 1, 'phase': 'combat', 'finished': False}
SESSION HEARTBEAT after-vowkeeper 300.016 wall seconds; journal only {'journal_frame': 400, 'stage': 1, 'phase': 'combat', 'finished': False}
SESSION HEARTBEAT after-vowkeeper 330.017 wall seconds; journal only {'journal_frame': 442, 'stage': 1, 'phase': 'combat', 'finished': False}
SESSION HEARTBEAT after-vowkeeper 360.019 wall seconds; journal only {'journal_frame': 486, 'stage': 1, 'phase': 'combat', 'finished': False}
SESSION HEARTBEAT after-vowkeeper 390.02 wall seconds; journal only {'journal_frame': 529, 'stage': 1, 'phase': 'interact', 'finished': False}
SESSION HEARTBEAT after-vowkeeper 420.022 wall seconds; journal only {'journal_frame': 573, 'stage': 1, 'phase': 'interact', 'finished': False}
SESSION HEARTBEAT after-vowkeeper 450.024 wall seconds; journal only {'journal_frame': 617, 'stage': 2, 'phase': 'travel', 'finished': False}
SESSION HEARTBEAT after-vowkeeper 480.025 wall seconds; journal only {'journal_frame': 664, 'stage': 2, 'phase': 'travel', 'finished': False}
SESSION HEARTBEAT after-vowkeeper 510.027 wall seconds; journal only {'journal_frame': 711, 'stage': 2, 'phase': 'travel', 'finished': False}
SESSION HEARTBEAT after-vowkeeper 540.028 wall seconds; journal only {'journal_frame': 755, 'stage': 2, 'phase': 'travel', 'finished': False}
SESSION HEARTBEAT after-vowkeeper 570.029 wall seconds; journal only {'journal_frame': 801, 'stage': 2, 'phase': 'travel', 'finished': False}
SESSION HEARTBEAT after-vowkeeper 600.031 wall seconds; journal only {'journal_frame': 846, 'stage': 2, 'phase': 'travel', 'finished': False}
SESSION HEARTBEAT after-vowkeeper 630.032 wall seconds; journal only {'journal_frame': 891, 'stage': 2, 'phase': 'combat', 'finished': False}
SESSION HEARTBEAT after-vowkeeper 660.033 wall seconds; journal only {'journal_frame': 934, 'stage': 2, 'phase': 'combat', 'finished': False}
SESSION HEARTBEAT after-vowkeeper 690.035 wall seconds; journal only {'journal_frame': 978, 'stage': 2, 'phase': 'combat', 'finished': False}
SESSION HEARTBEAT after-vowkeeper 720.036 wall seconds; journal only {'journal_frame': 1022, 'stage': 2, 'phase': 'combat', 'finished': False}
SESSION HEARTBEAT after-vowkeeper 750.038 wall seconds; journal only {'journal_frame': 1068, 'stage': 2, 'phase': 'combat', 'finished': False}
SESSION HEARTBEAT after-vowkeeper 780.039 wall seconds; journal only {'journal_frame': 1113, 'stage': 2, 'phase': 'combat', 'finished': False}
SESSION HEARTBEAT after-vowkeeper 810.04 wall seconds; journal only {'journal_frame': 1158, 'stage': 2, 'phase': 'loot', 'finished': False}
SESSION HEARTBEAT after-vowkeeper 840.041 wall seconds; journal only {'journal_frame': 1205, 'stage': 3, 'phase': 'travel', 'finished': False}
SESSION HEARTBEAT after-vowkeeper 870.044 wall seconds; journal only {'journal_frame': 1253, 'stage': 3, 'phase': 'travel', 'finished': False}
SESSION HEARTBEAT after-vowkeeper 900.047 wall seconds; journal only {'journal_frame': 1300, 'stage': 3, 'phase': 'travel', 'finished': False}
SESSION HEARTBEAT after-vowkeeper 930.048 wall seconds; journal only {'journal_frame': 1348, 'stage': 3, 'phase': 'travel', 'finished': False}
SESSION HEARTBEAT after-vowkeeper 960.05 wall seconds; journal only {'journal_frame': 1394, 'stage': 3, 'phase': 'travel', 'finished': False}
SESSION HEARTBEAT after-vowkeeper 990.051 wall seconds; journal only {'journal_frame': 1439, 'stage': 3, 'phase': 'travel', 'finished': False}
SESSION HEARTBEAT after-vowkeeper 1020.053 wall seconds; journal only {'journal_frame': 1487, 'stage': 3, 'phase': 'travel', 'finished': False}
SESSION HEARTBEAT after-vowkeeper 1050.054 wall seconds; journal only {'journal_frame': 1535, 'stage': 3, 'phase': 'combat', 'finished': False}
SESSION HEARTBEAT after-vowkeeper 1080.055 wall seconds; journal only {'journal_frame': 1583, 'stage': 3, 'phase': 'combat', 'finished': False}
SESSION HEARTBEAT after-vowkeeper 1110.057 wall seconds; journal only {'journal_frame': 1632, 'stage': 3, 'phase': 'combat', 'finished': False}
SESSION HEARTBEAT after-vowkeeper 1140.058 wall seconds; journal only {'journal_frame': 1684, 'stage': 3, 'phase': 'interact', 'finished': False}
SESSION HEARTBEAT after-vowkeeper 1170.06 wall seconds; journal only {'journal_frame': 1738, 'stage': 3, 'phase': 'interact', 'finished': False}
SESSION HEARTBEAT after-vowkeeper 1200.061 wall seconds; journal only {'journal_frame': 1787, 'stage': 4, 'phase': 'travel', 'finished': False}
SESSION HEARTBEAT after-vowkeeper 1230.063 wall seconds; journal only {'journal_frame': 1835, 'stage': 4, 'phase': 'travel', 'finished': False}
SESSION HEARTBEAT after-vowkeeper 1260.064 wall seconds; journal only {'journal_frame': 1881, 'stage': 4, 'phase': 'travel', 'finished': False}
SESSION HEARTBEAT after-vowkeeper 1290.066 wall seconds; journal only {'journal_frame': 1926, 'stage': 4, 'phase': 'travel', 'finished': False}
SESSION HEARTBEAT after-vowkeeper 1320.067 wall seconds; journal only {'journal_frame': 1971, 'stage': 4, 'phase': 'travel', 'finished': False}
SESSION HEARTBEAT after-vowkeeper 1350.071 wall seconds; journal only {'journal_frame': 2014, 'stage': 4, 'phase': 'combat', 'finished': False}
SESSION HEARTBEAT after-vowkeeper 1380.072 wall seconds; journal only {'journal_frame': 2058, 'stage': 4, 'phase': 'combat', 'finished': False}
SESSION HEARTBEAT after-vowkeeper 1410.074 wall seconds; journal only {'journal_frame': 2102, 'stage': 4, 'phase': 'combat', 'finished': False}
SESSION HEARTBEAT after-vowkeeper 1440.075 wall seconds; journal only {'journal_frame': 2147, 'stage': 4, 'phase': 'loot', 'finished': False}
SESSION HEARTBEAT after-vowkeeper 1470.077 wall seconds; journal only {'journal_frame': 2195, 'stage': 5, 'phase': 'travel', 'finished': False}
SESSION HEARTBEAT after-vowkeeper 1500.078 wall seconds; journal only {'journal_frame': 2243, 'stage': 5, 'phase': 'travel', 'finished': False}
SESSION HEARTBEAT after-vowkeeper 1530.08 wall seconds; journal only {'journal_frame': 2291, 'stage': 5, 'phase': 'travel', 'finished': False}
SESSION HEARTBEAT after-vowkeeper 1560.082 wall seconds; journal only {'journal_frame': 2338, 'stage': 5, 'phase': 'travel', 'finished': False}
SESSION HEARTBEAT after-vowkeeper 1590.083 wall seconds; journal only {'journal_frame': 2384, 'stage': 5, 'phase': 'travel', 'finished': False}
SESSION HEARTBEAT after-vowkeeper 1620.084 wall seconds; journal only {'journal_frame': 2431, 'stage': 5, 'phase': 'combat', 'finished': False}
SESSION HEARTBEAT after-vowkeeper 1650.086 wall seconds; journal only {'journal_frame': 2481, 'stage': 5, 'phase': 'combat', 'finished': False}
SESSION HEARTBEAT after-vowkeeper 1680.087 wall seconds; journal only {'journal_frame': 2531, 'stage': 5, 'phase': 'combat', 'finished': False}
SESSION HEARTBEAT after-vowkeeper 1710.089 wall seconds; journal only {'journal_frame': 2578, 'stage': 5, 'phase': 'combat', 'finished': False}
SESSION HEARTBEAT after-vowkeeper 1740.09 wall seconds; journal only {'journal_frame': 2626, 'stage': 5, 'phase': 'combat', 'finished': False}
SESSION HEARTBEAT after-vowkeeper 1770.092 wall seconds; journal only {'journal_frame': 2674, 'stage': 5, 'phase': 'combat', 'finished': False}
SESSION HEARTBEAT after-vowkeeper 1800.094 wall seconds; journal only {'journal_frame': 2723, 'stage': 5, 'phase': 'combat', 'finished': False}
SESSION HEARTBEAT after-vowkeeper 1830.095 wall seconds; journal only {'journal_frame': 2772, 'stage': 5, 'phase': 'combat', 'finished': False}
SESSION HEARTBEAT after-vowkeeper 1860.097 wall seconds; journal only {'journal_frame': 2822, 'stage': 5, 'phase': 'combat', 'finished': False}
SESSION HEARTBEAT after-vowkeeper 1890.098 wall seconds; journal only {'journal_frame': 2870, 'stage': 5, 'phase': 'combat', 'finished': False}
SESSION HEARTBEAT after-vowkeeper 1920.099 wall seconds; journal only {'journal_frame': 2919, 'stage': 5, 'phase': 'interact', 'finished': False}
SESSION HEARTBEAT after-vowkeeper 1950.101 wall seconds; journal only {'journal_frame': 2969, 'stage': 5, 'phase': 'interact', 'finished': False}
SESSION HEARTBEAT after-vowkeeper 1980.102 wall seconds; journal only {'journal_frame': 3018, 'stage': 6, 'phase': 'finished', 'finished': True}
SESSION HEARTBEAT after-vowkeeper 2010.104 wall seconds; journal only {'journal_frame': 3067, 'stage': 6, 'phase': 'finished', 'finished': True}
SESSION EXIT after-vowkeeper 0 2027.61 wall seconds
SESSION START vowkeeper-comparison
SESSION EXIT vowkeeper-comparison 0 7.792 wall seconds
SIX FULL CLASS CAPTURES VERIFIED
