RUN beta_flow_smoke.gd
PASS BETA FLOW SMOKE: 46 checks
RUN combat_stances_smoke.gd
PASS COMBAT STANCES SMOKE: 140 checks
RUN combat_movement_smoke.gd
PASS COMBAT MOVEMENT SMOKE: 8 checks
RUN journey_smoke.gd
PASS JOURNEY SMOKE: 413 checks
RUN dungeon_smoke.gd
PASS DUNGEON SMOKE: 55 checks
RUN persistence_smoke.gd
PASS PERSISTENCE SMOKE: 89 checks
RUN arcane_tactics_smoke.gd
PASS ARCANE TACTICS SMOKE: 29 checks
RUN boss_patterns_smoke.gd
PASS BOSS PATTERNS SMOKE: 122 checks
RUN class_loot_smoke.gd
PASS CLASS LOOT SMOKE: 29 checks
RUN contracts_smoke.gd
PASS CONTRACTS SMOKE: 68 checks
RUN combined_oaths_phases_smoke.gd
PASS COMBINED OATHS / PHASES SMOKE: 338 checks
RUN main_combined_rules_smoke.gd
PASS MAIN COMBINED RULES SMOKE: 156 checks
RUN gear_forecast_smoke.gd
PASS GEAR / FORECAST SMOKE: 38 checks
RUN gear_goals_smoke.gd
PASS GEAR GOALS SMOKE: 114 checks
RUN regions_smoke.gd
PASS REGIONS SMOKE: 36 checks
RUN onboarding_smoke.gd
PASS ONBOARDING SMOKE: 19 checks
RUN success_loop_smoke.gd
PASS SUCCESS LOOP SMOKE: 87 checks
RUN recovery_smoke.gd
PASS RECOVERY SMOKE: 48 checks
RUN options_smoke.gd
PASS OPTIONS SMOKE: 82 checks
RUN skill_rotation_smoke.gd
PASS SKILL ROTATION SMOKE: 135 checks
RUN visuals_smoke.gd
PASS VISUALS SMOKE: 73 checks
RUN world_framing_smoke.gd
PASS WORLD FRAMING SMOKE: 900 checks
RUN authored_art_smoke.gd
PASS AUTHORED ART SMOKE: 105 checks
RUN character_equipment_smoke.gd
FAIL character_equipment
Godot Engine v4.7.2.stable.official.ed1daf0bf - https://godotengine.org

CHARACTER EQUIPMENT SMOKE: 38 checks, 1 failures
ERROR: FAIL: Ranger binds its real bow handle to the authored left palm
   at: push_error (core/variant/variant_utility.cpp:1023)
   GDScript backtrace (most recent call first):
       [0] check (res://tests/character_equipment_smoke.gd:10)
       [1] run_checks (res://tests/character_equipment_smoke.gd:41)
RUN presentation_smoke.gd
FAIL presentation
PASS: Ranger: travel recovery returns to 3D guard pose
PASS: Ranger: actual attack starts in authored spatial windup
PASS: Ranger: real warning countdown holds the windup longer than a basic swing
PASS: Ranger: actual heavy impact clears warning and displays strike immediately
PASS: boss: one volumetric surface and one contact shadow
PASS: boss: lit 3D geometry fits one bounded skinned surface
PASS: boss: figure has real depth, not a camera-facing card
PASS: boss: native skeleton and AnimationPlayer drive the visible volume
PASS: boss: stopping retains a fading stride
PASS: boss: travel recovery returns to 3D guard pose
PASS: boss: actual attack starts in authored spatial windup
PASS: boss: committed action reaches contact while retaining the animated mesh
PASS: boss: real warning countdown holds the windup longer than a basic swing
PASS: boss: actual heavy impact clears warning and displays strike immediately
PASS: boss: defeat first buckles the visible articulated figure
PASS: boss: completed collapse settles into the same skinned 3D figure on the floor
PASS: steady 60 FPS keeps full resolution
PASS: sustained 30 FPS lowers render resolution
PASS: short recovery does not oscillate quality
PASS: sustained recovery restores full resolution
PASS: paused play does not drive adaptive quality
PASS: isolated long stalls do not drive adaptive quality
PASS: persistent very slow rendering also lowers quality
PASS: combat HUD starts with compact panels
PASS: details expose skills, resources, objective and map
PASS: opening and closing details preserves combat and the existing camera
PASS: adaptive resolution changes rendering without advancing combat
PASS: 854x480: compact HUD actions fit with standard text and 48-unit targets
PASS: 854x480: expanded HUD actions fit with standard text and 48-unit targets
PASS: 854x480: compact HUD actions fit with large text and 48-unit targets
PASS: 854x480: expanded HUD actions fit with large text and 48-unit targets
PASS: 1200x535: compact HUD actions fit with standard text and 48-unit targets
PASS: 1200x535: expanded HUD actions fit with standard text and 48-unit targets
PASS: 1200x535: compact HUD actions fit with large text and 48-unit targets
PASS: 1200x535: expanded HUD actions fit with large text and 48-unit targets
PASS: 1040x1080: compact HUD actions fit with standard text and 48-unit targets
PASS: 1040x1080: expanded HUD actions fit with standard text and 48-unit targets
PASS: 1040x1080: compact HUD actions fit with large text and 48-unit targets
PASS: 1040x1080: expanded HUD actions fit with large text and 48-unit targets
PRESENTATION SMOKE: 74 checks, 12 failures
ERROR: Vowkeeper: eight rendered authored surfaces and a contact shadow; compatibility proxy stays hidden
   at: push_error (core/variant/variant_utility.cpp:1023)
   GDScript backtrace (most recent call first):
       [0] check (res://tests/presentation_smoke.gd:12)
       [1] run_checks (res://tests/presentation_smoke.gd:21)
ERROR: Vowkeeper: actual authored surfaces retain the bounded skinned triangle budget
   at: push_error (core/variant/variant_utility.cpp:1023)
   GDScript backtrace (most recent call first):
       [0] check (res://tests/presentation_smoke.gd:12)
       [1] run_checks (res://tests/presentation_smoke.gd:24)
ERROR: Vowkeeper: original native65 skin and authored walking/death clips drive the visible surfaces
   at: push_error (core/variant/variant_utility.cpp:1023)
   GDScript backtrace (most recent call first):
       [0] check (res://tests/presentation_smoke.gd:12)
       [1] run_checks (res://tests/presentation_smoke.gd:26)
ERROR: Vowkeeper: committed action reaches contact while retaining all actual authored meshes and skins
   at: push_error (core/variant/variant_utility.cpp:1023)
   GDScript backtrace (most recent call first):
       [0] check (res://tests/presentation_smoke.gd:12)
       [1] run_checks (res://tests/presentation_smoke.gd:44)
ERROR: Vowkeeper: authored defeat lowers the actual native pelvis and articulated surfaces
   at: push_error (core/variant/variant_utility.cpp:1023)
   GDScript backtrace (most recent call first):
       [0] check (res://tests/presentation_smoke.gd:12)
       [1] run_checks (res://tests/presentation_smoke.gd:54)
ERROR: Vowkeeper: completed collapse keeps the same actual skinned surfaces above the floor
   at: push_error (core/variant/variant_utility.cpp:1023)
   GDScript backtrace (most recent call first):
       [0] check (res://tests/presentation_smoke.gd:12)
       [1] run_checks (res://tests/presentation_smoke.gd:59)
ERROR: Ranger: eight rendered authored surfaces and a contact shadow; compatibility proxy stays hidden
   at: push_error (core/variant/variant_utility.cpp:1023)
   GDScript backtrace (most recent call first):
       [0] check (res://tests/presentation_smoke.gd:12)
       [1] run_checks (res://tests/presentation_smoke.gd:21)
ERROR: Ranger: actual authored surfaces retain the bounded skinned triangle budget
   at: push_error (core/variant/variant_utility.cpp:1023)
   GDScript backtrace (most recent call first):
       [0] check (res://tests/presentation_smoke.gd:12)
       [1] run_checks (res://tests/presentation_smoke.gd:24)
ERROR: Ranger: original native65 skin and authored walking/death clips drive the visible surfaces
   at: push_error (core/variant/variant_utility.cpp:1023)
   GDScript backtrace (most recent call first):
       [0] check (res://tests/presentation_smoke.gd:12)
       [1] run_checks (res://tests/presentation_smoke.gd:26)
ERROR: Ranger: committed action reaches contact while retaining all actual authored meshes and skins
   at: push_error (core/variant/variant_utility.cpp:1023)
   GDScript backtrace (most recent call first):
       [0] check (res://tests/presentation_smoke.gd:12)
       [1] run_checks (res://tests/presentation_smoke.gd:44)
ERROR: Ranger: authored defeat lowers the actual native pelvis and articulated surfaces
   at: push_error (core/variant/variant_utility.cpp:1023)
   GDScript backtrace (most recent call first):
       [0] check (res://tests/presentation_smoke.gd:12)
       [1] run_checks (res://tests/presentation_smoke.gd:54)
ERROR: Ranger: completed collapse keeps the same actual skinned surfaces above the floor
   at: push_error (core/variant/variant_utility.cpp:1023)
   GDScript backtrace (most recent call first):
       [0] check (res://tests/presentation_smoke.gd:12)
       [1] run_checks (res://tests/presentation_smoke.gd:59)
RUN frame_metrics_smoke.gd
PASS FRAME METRICS SMOKE: 10 checks
RUN room_ground_smoke.gd
PASS ROOM GROUND SMOKE: 19 checks
RUN character_3d_smoke.gd
FAIL character_3d
Godot Engine v4.7.2.stable.official.ed1daf0bf - https://godotengine.org

CHARACTER THREE D SMOKE: 148 checks, 4 failures
ERROR: FAIL: Ranger draws the actual volumetric bowstring
   at: push_error (core/variant/variant_utility.cpp:1023)
   GDScript backtrace (most recent call first):
       [0] check (res://tests/character_3d_smoke.gd:13)
       [1] run_checks (res://tests/character_3d_smoke.gd:172)
ERROR: FAIL: draw hand reaches the real nock rather than empty space
   at: push_error (core/variant/variant_utility.cpp:1023)
   GDScript backtrace (most recent call first):
       [0] check (res://tests/character_3d_smoke.gd:13)
       [1] run_checks (res://tests/character_3d_smoke.gd:173)
ERROR: FAIL: real release straightens the string and releases the held arrow
   at: push_error (core/variant/variant_utility.cpp:1023)
   GDScript backtrace (most recent call first):
       [0] check (res://tests/character_3d_smoke.gd:13)
       [1] run_checks (res://tests/character_3d_smoke.gd:177)
ERROR: FAIL: bow arm holds aim while the released draw hand follows through outside the shoulder
   at: push_error (core/variant/variant_utility.cpp:1023)
   GDScript backtrace (most recent call first):
       [0] check (res://tests/character_3d_smoke.gd:13)
       [1] run_checks (res://tests/character_3d_smoke.gd:181)
RUN source_avatar_smoke.gd
PASS SOURCE AVATAR: 39 checks
RUN source_avatar_grip_smoke.gd
PASS SOURCE AVATAR GRIP: 296 checks
RUN source_avatar_attack_smoke.gd
FAIL source_avatar_attack
Godot Engine v4.7.2.stable.official.ed1daf0bf - https://godotengine.org

ATTACK PATH basic: largest step frame 12 from (-0.245298, 1.115672, -0.117144) to (-0.244778, 1.141418, -0.131461); load (-0.238007, 1.336845, -0.2265); release (-0.137739, 1.422651, -0.427074)
ATTACK PASSING basic: approach 0.29957690276206, key 0.3134521539323, depart 0.34316457458772
ATTACK PATH skill: largest step frame 7 from (-0.263941, 1.035495, -0.046911) to (-0.259284, 1.091411, -0.044936); load (-0.310278, 1.657674, -0.155133); release (-0.129005, 1.534802, -0.406175)
ATTACK PASSING skill: approach 0.7688079494983, key 0.76296558836475, depart 0.84167037857696
ATTACK PATH heavy: largest step frame 52 from (-0.272831, 1.291893, -0.281633) to (-0.247413, 1.306584, -0.307653); load (-0.401998, 1.08036, -0.03137); release (-0.108854, 1.386526, -0.456258)
ATTACK PASSING heavy: approach 0.55534852435812, key 0.59153011534363, depart 0.73918944690377
SOURCE AVATAR ATTACK: 120 checks, 2 failures
ERROR: Vowkeeper: the Arcanist phrase mapping leaves other class animation choices intact
   at: push_error (core/variant/variant_utility.cpp:1023)
   GDScript backtrace (most recent call first):
       [0] check (res://tests/source_avatar_attack_smoke.gd:18)
       [1] run (res://tests/source_avatar_attack_smoke.gd:225)
ERROR: Ranger: the Arcanist phrase mapping leaves other class animation choices intact
   at: push_error (core/variant/variant_utility.cpp:1023)
   GDScript backtrace (most recent call first):
       [0] check (res://tests/source_avatar_attack_smoke.gd:18)
       [1] run (res://tests/source_avatar_attack_smoke.gd:225)
RUN source_avatar_style_smoke.gd
PASS SOURCE AVATAR STYLE SMOKE: 131 checks
RUN class_avatar_quality_smoke.gd
PASS CLASS AVATAR QUALITY SMOKE: 398 checks
RUN guardian_presentation_smoke.gd
PASS GUARDIAN PRESENTATION SMOKE: 274 checks
RUN hostile_quality_smoke.gd
PASS HOSTILE QUALITY SMOKE: 81 checks
RUN dungeon_lighting_smoke.gd
PASS DUNGEON LIGHTING SMOKE: 60 checks
RUN combat_audio_smoke.gd
PASS COMBAT AUDIO SMOKE: 61 checks
RUN native_capture_audio_smoke.gd
PASS NATIVE CAPTURE AUDIO SMOKE: 61 checks
RUN animation_craft_smoke.gd
FAIL animation_craft
Godot Engine v4.7.2.stable.official.ed1daf0bf - https://godotengine.org

ANIMATION CRAFT SMOKE: 50 checks, 1 failures
ERROR: FAIL: the loaded boot stays planted while the free boot clears the floor and lands into the cut
   at: push_error (core/variant/variant_utility.cpp:1023)
   GDScript backtrace (most recent call first):
       [0] check (res://tests/animation_craft_smoke.gd:13)
       [1] run_checks (res://tests/animation_craft_smoke.gd:28)
RUN camp_hud_smoke.gd
PASS CAMP HUD SMOKE: 44 checks
RUN combat_readability_smoke.gd
PASS COMBAT READABILITY SMOKE: 57 checks
RUN fellowship_ui_smoke.gd
PASS FELLOWSHIP UI SMOKE: 11 checks
RUN cloud_identity_smoke.gd
PASS CLOUD IDENTITY SMOKE: 14 checks
RUN mana_ward_smoke.gd
PASS MANA WARD SMOKE: 27 checks
PASS emberfall.js
PASS progression_runtime_test.js
PROGRESSION RUNTIME: server-owned profile, bounded AFK settlement, allowlists, inventory and replay protection passed.
BETA CHECKS: 44 Godot suites, 4713 checks, 5 failures
