Godot Engine v4.7.2.stable.official.ed1daf0bf - https://godotengine.org

Unable to open Android 'build-tools' directory.
[   0% ] [90m[1mfirst_scan_filesystem[22m | Started Project initialization (5 steps)[39m[0m
[   0% ] [90m[1mfirst_scan_filesystem[22m | Scanning file structure...[39m[0m
[  16% ] [90m[1mfirst_scan_filesystem[22m | Loading global class names...[39m[0m
[  33% ] [90m[1mfirst_scan_filesystem[22m | Verifying GDExtensions...[39m[0m
[  50% ] [90m[1mfirst_scan_filesystem[22m | Creating autoload scripts...[39m[0m
[  66% ] [90m[1mfirst_scan_filesystem[22m | Initializing plugins...[39m[0m
[  83% ] [90m[1mfirst_scan_filesystem[22m | Starting file scan...[39m[0m
[92m[ DONE ][39m [1mfirst_scan_filesystem[22m
[0m
[   0% ] [90m[1m_update_scan_actions[22m | Started Scanning actions... (8 steps)[39m[0m
[   0% ] [90m[1m_update_scan_actions[22m | bulwark-fitted.glb[39m[0m
[  11% ] [90m[1m_update_scan_actions[22m | elite-fitted.glb[39m[0m
[  22% ] [90m[1m_update_scan_actions[22m | guardian_0-fitted.glb[39m[0m
[  33% ] [90m[1m_update_scan_actions[22m | guardian_1-fitted.glb[39m[0m
[  44% ] [90m[1m_update_scan_actions[22m | guardian_2-fitted.glb[39m[0m
[  55% ] [90m[1m_update_scan_actions[22m | guardian_3-fitted.glb[39m[0m
[  66% ] [90m[1m_update_scan_actions[22m | hexer-fitted.glb[39m[0m
[  77% ] [90m[1m_update_scan_actions[22m | male-clothing-native65.glb[39m[0m
[92m[ DONE ][39m [1m_update_scan_actions[22m
[0m
[   0% ] [90m[1mloading_editor_layout[22m | Started Loading editor (5 steps)[39m[0m
[   0% ] [90m[1mloading_editor_layout[22m | Loading editor layout...[39m[0m
[  16% ] [90m[1mloading_editor_layout[22m | Loading docks...[39m[0m
[92m[ DONE ][39m [1mloading_editor_layout[22m
[0m
