Godot Engine v4.7.2.stable.official.ed1daf0bf - https://godotengine.org

LIVING_PROP_FLOOR hexer actual idle 0.2 min_m=0.77972143888474
LIVING_PROP_FLOOR hexer actual walk 0.25 min_m=0.84772461652756
LIVING_PROP_FLOOR hexer actual windup_skill 0.25 min_m=0.72561913728714
LIVING_PROP_FLOOR hexer actual windup_skill 0.75 min_m=0.70929765701294
LIVING_PROP_FLOOR hexer actual windup_skill 1.0 min_m=0.72626924514771
LIVING_PROP_FLOOR hexer actual recover_skill 0.1 min_m=0.74264997243881
LIVING_PROP_FLOOR hexer actual hit overlay min_m=0.75557112693787
LIVING_PROP_FLOOR bulwark actual idle 0.2 min_m=0.80813467502594
LIVING_PROP_FLOOR bulwark actual walk 0.25 min_m=0.89848709106445
LIVING_PROP_FLOOR bulwark actual windup_skill 0.25 min_m=0.63821804523468
LIVING_PROP_FLOOR bulwark actual windup_skill 0.75 min_m=0.45972383022308
LIVING_PROP_FLOOR bulwark actual windup_skill 1.0 min_m=0.71584320068359
LIVING_PROP_FLOOR bulwark actual recover_skill 0.1 min_m=1.35099637508392
LIVING_PROP_FLOOR bulwark actual hit overlay min_m=0.7642148733139
LIVING_PROP_FLOOR elite actual idle 0.2 min_m=0.80813467502594
LIVING_PROP_FLOOR elite actual walk 0.25 min_m=0.89848709106445
LIVING_PROP_FLOOR elite actual windup_skill 0.25 min_m=0.90181839466095
LIVING_PROP_FLOOR elite actual windup_skill 0.75 min_m=0.61069720983505
LIVING_PROP_FLOOR elite actual windup_skill 1.0 min_m=1.07805240154266
LIVING_PROP_FLOOR elite actual recover_skill 0.1 min_m=1.11368942260742
LIVING_PROP_FLOOR elite actual hit overlay min_m=0.7642148733139
LIVING_PROP_FLOOR guardian_0 actual idle 0.2 min_m=0.72313952445984
LIVING_PROP_FLOOR guardian_0 actual walk 0.25 min_m=0.87001210451126
LIVING_PROP_FLOOR guardian_0 actual windup_skill 0.25 min_m=0.98877143859863
LIVING_PROP_FLOOR guardian_0 actual windup_skill 0.75 min_m=0.23721516132355
LIVING_PROP_FLOOR guardian_0 actual windup_skill 1.0 min_m=0.08614291250706
LIVING_PROP_FLOOR guardian_0 actual recover_skill 0.1 min_m=0.41684401035309
LIVING_PROP_FLOOR guardian_0 actual hit overlay min_m=0.66563922166824
LIVING_PROP_FLOOR guardian_1 actual idle 0.2 min_m=0.77972143888474
LIVING_PROP_FLOOR guardian_1 actual walk 0.25 min_m=0.84772461652756
LIVING_PROP_FLOOR guardian_1 actual windup_skill 0.25 min_m=0.71151351928711
LIVING_PROP_FLOOR guardian_1 actual windup_skill 0.75 min_m=0.72372800111771
LIVING_PROP_FLOOR guardian_1 actual windup_skill 1.0 min_m=0.74276584386826
LIVING_PROP_FLOOR guardian_1 actual recover_skill 0.1 min_m=0.75134819746017
LIVING_PROP_FLOOR guardian_1 actual hit overlay min_m=0.75557112693787
LIVING_PROP_FLOOR guardian_2 actual idle 0.2 min_m=0.77972161769867
LIVING_PROP_FLOOR guardian_2 actual walk 0.25 min_m=0.84772461652756
LIVING_PROP_FLOOR guardian_2 actual windup_skill 0.25 min_m=0.87395411729813
LIVING_PROP_FLOOR guardian_2 actual windup_skill 0.75 min_m=0.81900733709335
LIVING_PROP_FLOOR guardian_2 actual windup_skill 1.0 min_m=0.75360041856766
LIVING_PROP_FLOOR guardian_2 actual recover_skill 0.1 min_m=0.75359898805618
LIVING_PROP_FLOOR guardian_2 actual hit overlay min_m=0.75557136535645
LIVING_PROP_FLOOR guardian_3 actual idle 0.2 min_m=0.68107753992081
LIVING_PROP_FLOOR guardian_3 actual walk 0.25 min_m=0.88961613178253
LIVING_PROP_FLOOR guardian_3 actual windup_skill 0.25 min_m=0.83260130882263
LIVING_PROP_FLOOR guardian_3 actual windup_skill 0.75 min_m=0.08172598481178
LIVING_PROP_FLOOR guardian_3 actual windup_skill 1.0 min_m=0.03942884504795
LIVING_PROP_FLOOR guardian_3 actual recover_skill 0.1 min_m=0.43579357862473
LIVING_PROP_FLOOR guardian_3 actual hit overlay min_m=0.59556031227112
NATIVE_HOSTILE_METRICS {"bulwark":{"armor_surfaces":4,"triangles":22162,"visible_skin_surfaces":14,"weapon_surfaces":4},"elite":{"armor_surfaces":3,"triangles":22114,"visible_skin_surfaces":13,"weapon_surfaces":4},"guardian_0":{"armor_surfaces":3,"triangles":24494,"visible_skin_surfaces":13,"weapon_surfaces":2},"guardian_1":{"armor_surfaces":1,"triangles":29392,"visible_skin_surfaces":12,"weapon_surfaces":5},"guardian_2":{"armor_surfaces":1,"triangles":29070,"visible_skin_surfaces":12,"weapon_surfaces":5},"guardian_3":{"armor_surfaces":3,"triangles":22138,"visible_skin_surfaces":13,"weapon_surfaces":3},"hexer":{"armor_surfaces":0,"triangles":28506,"visible_skin_surfaces":11,"weapon_surfaces":5}}
NATIVE_HOSTILE_CONTACT poses=49 max_finger_gap_m=0.00187370111234 max_penetration_m=0.00076865296066 max_actual_thumb_gap_m=0.00239018956199
NATIVE_HOSTILE_BREASTPLATE min_actual_weighted_tunic_and_belt_clearance_m=0.0045993843685
NATIVE HOSTILE SMOKE: 3824 checks, 0 failures
