2026-10-07T05:28:53.8659309Z HEAD is now at 750cb2e Merge 5e72fc6fad38f7dc829d313d8df0de8289f52573 into 610c343073e7186589cba92c3fefb55a4db68e12
2026-10-07T05:28:53.8835769Z [command]/usr/bin/git log -1 --format=%H
2026-10-07T05:29:44.4197986Z EXPORTED AVATAR SMOKE: 32 checks, 0 failures
2026-10-07T05:29:44.8704582Z Ran 48 tests in 0.186s
2026-10-07T05:30:24.8994220Z PASS BETA FLOW SMOKE: 46 checks
2026-10-07T05:30:29.9000273Z PASS COMBAT STANCES SMOKE: 140 checks
2026-10-07T05:30:32.9496782Z PASS COMBAT MOVEMENT SMOKE: 8 checks
2026-10-07T05:31:39.7870351Z PASS JOURNEY SMOKE: 413 checks
2026-10-07T05:33:55.5216698Z PASS DUNGEON SMOKE: 55 checks
2026-10-07T05:34:09.4495056Z PASS PERSISTENCE SMOKE: 89 checks
2026-10-07T05:34:30.4461254Z PASS ARCANE TACTICS SMOKE: 29 checks
2026-10-07T05:35:08.6450802Z PASS BOSS PATTERNS SMOKE: 122 checks
2026-10-07T05:35:12.7156131Z PASS CLASS LOOT SMOKE: 29 checks
2026-10-07T05:35:46.8301384Z PASS CONTRACTS SMOKE: 68 checks
2026-10-07T05:36:06.5191878Z PASS COMBINED OATHS / PHASES SMOKE: 338 checks
2026-10-07T05:36:19.6206617Z PASS MAIN COMBINED RULES SMOKE: 156 checks
2026-10-07T05:37:10.7413894Z PASS GEAR / FORECAST SMOKE: 38 checks
2026-10-07T05:37:16.9526360Z PASS GEAR GOALS SMOKE: 114 checks
2026-10-07T05:37:28.9303730Z PASS REGIONS SMOKE: 36 checks
2026-10-07T05:37:38.2131018Z PASS ONBOARDING SMOKE: 19 checks
2026-10-07T05:37:41.9122802Z PASS SUCCESS LOOP SMOKE: 87 checks
2026-10-07T05:37:44.6791457Z PASS RECOVERY SMOKE: 48 checks
2026-10-07T05:37:51.4484158Z PASS OPTIONS SMOKE: 82 checks
2026-10-07T05:38:14.7668104Z PASS SKILL ROTATION SMOKE: 135 checks
2026-10-07T05:38:23.6809609Z PASS VISUALS SMOKE: 73 checks
2026-10-07T05:38:58.8091469Z PASS WORLD FRAMING SMOKE: 900 checks
2026-10-07T05:39:09.5749373Z PASS AUTHORED ART SMOKE: 105 checks
2026-10-07T05:39:15.5088928Z PASS CHARACTER EQUIPMENT SMOKE: 38 checks
2026-10-07T05:39:20.7917408Z PASS NATIVE EQUIPMENT FINISH SMOKE: 129 checks
2026-10-07T05:39:29.5154689Z PASS PRESENTATION SMOKE: 91 checks
2026-10-07T05:39:30.0459660Z PASS FRAME METRICS SMOKE: 10 checks
2026-10-07T05:39:30.6698260Z PASS ROOM GROUND SMOKE: 19 checks
2026-10-07T05:39:52.6901557Z PASS CHARACTER THREE D SMOKE: 144 checks
2026-10-07T05:39:56.0152893Z PASS SOURCE AVATAR: 39 checks
2026-10-07T05:39:59.6215652Z PASS SOURCE AVATAR GRIP: 296 checks
2026-10-07T05:40:07.4127191Z PASS SOURCE AVATAR ATTACK: 172 checks
2026-10-07T05:40:11.2021121Z PASS SOURCE AVATAR ATTACK CONTACT SMOKE: 295 checks
2026-10-07T05:40:25.3206884Z PASS SOURCE AVATAR EVADE SMOKE: 1729 checks
2026-10-07T05:40:28.5521056Z PASS RAIDER NATIVE SMOKE: 324 checks
2026-10-07T05:40:31.8799429Z PASS COMBAT OCCLUSION SMOKE: 25 checks
2026-10-07T05:40:34.9266409Z PASS SOURCE AVATAR STYLE SMOKE: 131 checks
2026-10-07T05:40:41.2306821Z PASS CLASS AVATAR QUALITY SMOKE: 398 checks
2026-10-07T05:40:54.0405508Z PASS GUARDIAN PRESENTATION SMOKE: 274 checks
2026-10-07T05:41:01.5493996Z PASS HOSTILE QUALITY SMOKE: 82 checks
2026-10-07T05:41:11.4811323Z PASS DUNGEON LIGHTING SMOKE: 60 checks
2026-10-07T05:41:13.2214710Z PASS COMBAT AUDIO SMOKE: 61 checks
2026-10-07T05:41:14.8685437Z PASS NATIVE CAPTURE AUDIO SMOKE: 79 checks
2026-10-07T05:41:39.5880143Z PASS ANIMATION CRAFT SMOKE: 55 checks
2026-10-07T05:41:55.1004206Z PASS CAMP HUD SMOKE: 44 checks
2026-10-07T05:42:12.1947782Z PASS COMBAT READABILITY SMOKE: 57 checks
2026-10-07T05:42:15.9889923Z PASS FELLOWSHIP UI SMOKE: 11 checks
2026-10-07T05:42:16.5191807Z PASS CLOUD IDENTITY SMOKE: 14 checks
2026-10-07T05:42:21.9290042Z PASS MANA WARD SMOKE: 27 checks
2026-10-07T05:42:21.9292667Z BETA CHECKS: 49 Godot suites, 7734 checks, 0 failures
