Godot Engine v4.7.2.stable.official.ed1daf0bf - https://godotengine.org
OpenGL API 4.5 (Core Profile) Mesa 25.0.7-2+deb13u1 - Compatibility - Using Device: Mesa - llvmpipe (LLVM 19.1.7, 256 bits)

ANDROID_ART_READY native spatial 3D skeletons, renderer=gl_compatibility
ART_RENDER_METRIC {"frames":30,"median_draw_calls":375.0,"median_frame_ms":283.748,"p95_frame_ms":331.654,"quality":"balanced","region":0,"render_height":540,"render_width":1208,"target_fps":60}
ART_RENDER_METRIC {"frames":30,"median_draw_calls":276.0,"median_frame_ms":68.761,"p95_frame_ms":82.195,"quality":"battery","region":0,"render_height":270,"render_width":604,"target_fps":30}
ANDROID_MOTION_REGION_PASS 0 bone_changes=20 unique_frames=4
ANDROID_ART_REGION_PASS 0 The Bell Warden 1200x536
ART_RENDER_METRIC {"frames":30,"median_draw_calls":403.0,"median_frame_ms":217.603,"p95_frame_ms":307.217,"quality":"balanced","region":1,"render_height":540,"render_width":1208,"target_fps":60}
ART_RENDER_METRIC {"frames":30,"median_draw_calls":306.0,"median_frame_ms":67.998,"p95_frame_ms":126.857,"quality":"battery","region":1,"render_height":270,"render_width":604,"target_fps":30}
ANDROID_MOTION_REGION_PASS 1 bone_changes=20 unique_frames=4
ANDROID_ART_REGION_PASS 1 The Silt Abbot 1200x536
ART_RENDER_METRIC {"frames":30,"median_draw_calls":376.0,"median_frame_ms":259.67,"p95_frame_ms":314.145,"quality":"balanced","region":2,"render_height":540,"render_width":1208,"target_fps":60}
ART_RENDER_METRIC {"frames":30,"median_draw_calls":279.0,"median_frame_ms":68.231,"p95_frame_ms":93.92,"quality":"battery","region":2,"render_height":270,"render_width":604,"target_fps":30}
ANDROID_MOTION_REGION_PASS 2 bone_changes=20 unique_frames=4
ANDROID_ART_REGION_PASS 2 The Mourning Queen 1200x536
ART_RENDER_METRIC {"frames":30,"median_draw_calls":389.0,"median_frame_ms":245.395,"p95_frame_ms":304.16,"quality":"balanced","region":3,"render_height":540,"render_width":1208,"target_fps":60}
ART_RENDER_METRIC {"frames":30,"median_draw_calls":308.0,"median_frame_ms":67.612,"p95_frame_ms":88.161,"quality":"battery","region":3,"render_height":270,"render_width":604,"target_fps":30}
ANDROID_MOTION_REGION_PASS 3 bone_changes=20 unique_frames=4
ANDROID_ART_REGION_PASS 3 The Cinder Sovereign 1200x536
ANDROID_ART_PASS all four regions rendered with authored 3D models and lit materials
WARNING: Could not set V-Sync mode, as changing V-Sync mode is not supported by the graphics driver.
     at: set_use_vsync (platform/linuxbsd/x11/gl_manager_x11.cpp:372)
