2026-10-07T21:06:14.2589925Z Version: 20261002.596
2026-10-07T21:06:14.2598141Z Version: 20261004.327.1
2026-10-07T21:08:37.8233774Z EXPORTED AVATAR SMOKE: 60 checks, 0 failures
2026-10-07T21:08:38.1772676Z Ran 59 tests in 0.134s
2026-10-07T21:09:07.5825778Z PASS BETA FLOW SMOKE: 46 checks
2026-10-07T21:09:12.1099227Z PASS COMBAT STANCES SMOKE: 140 checks
2026-10-07T21:09:15.1486468Z PASS COMBAT MOVEMENT SMOKE: 8 checks
2026-10-07T21:10:04.2091090Z PASS JOURNEY SMOKE: 413 checks
2026-10-07T21:12:49.6656766Z PASS DUNGEON SMOKE: 55 checks
2026-10-07T21:13:02.0964553Z PASS PERSISTENCE SMOKE: 89 checks
2026-10-07T21:13:18.5218905Z PASS ARCANE TACTICS SMOKE: 29 checks
2026-10-07T21:13:48.2424475Z PASS BOSS PATTERNS SMOKE: 122 checks
2026-10-07T21:13:52.2107838Z PASS CLASS LOOT SMOKE: 29 checks
2026-10-07T21:14:19.3391313Z PASS CONTRACTS SMOKE: 68 checks
2026-10-07T21:14:33.7165161Z PASS COMBINED OATHS / PHASES SMOKE: 338 checks
2026-10-07T21:14:43.9140580Z PASS MAIN COMBINED RULES SMOKE: 156 checks
2026-10-07T21:15:22.7436862Z PASS GEAR / FORECAST SMOKE: 38 checks
2026-10-07T21:15:28.8518168Z PASS GEAR GOALS SMOKE: 114 checks
2026-10-07T21:15:39.8871512Z PASS REGIONS SMOKE: 36 checks
2026-10-07T21:15:48.7934287Z PASS ONBOARDING SMOKE: 19 checks
2026-10-07T21:15:52.2960804Z PASS SUCCESS LOOP SMOKE: 87 checks
2026-10-07T21:15:55.1487082Z PASS RECOVERY SMOKE: 48 checks
2026-10-07T21:16:01.0720000Z PASS OPTIONS SMOKE: 82 checks
2026-10-07T21:16:18.7094899Z PASS SKILL ROTATION SMOKE: 135 checks
2026-10-07T21:16:26.6799122Z PASS VISUALS SMOKE: 73 checks
2026-10-07T21:16:50.1781264Z PASS WORLD FRAMING SMOKE: 900 checks
2026-10-07T21:17:00.0047362Z PASS AUTHORED ART SMOKE: 105 checks
2026-10-07T21:17:05.6489299Z PASS CHARACTER EQUIPMENT SMOKE: 48 checks
2026-10-07T21:17:11.1064532Z PASS NATIVE EQUIPMENT FINISH SMOKE: 129 checks
2026-10-07T21:17:20.8442108Z PASS PRESENTATION SMOKE: 188 checks
2026-10-07T21:17:21.3687903Z PASS FRAME METRICS SMOKE: 10 checks
2026-10-07T21:17:21.8927148Z PASS ROOM GROUND SMOKE: 19 checks
2026-10-07T21:17:43.3435818Z PASS CHARACTER THREE D SMOKE: 168 checks
2026-10-07T21:17:46.7551375Z PASS SOURCE AVATAR: 39 checks
2026-10-07T21:17:50.1641748Z PASS SOURCE AVATAR GRIP: 296 checks
2026-10-07T21:17:58.8772296Z PASS SOURCE AVATAR ATTACK: 172 checks
2026-10-07T21:18:02.4738045Z PASS SOURCE AVATAR ATTACK CONTACT SMOKE: 295 checks
2026-10-07T21:18:45.4909314Z PASS SOURCE AVATAR EVADE SMOKE: 2173 checks
2026-10-07T21:18:51.8791795Z PASS NATIVE MOTION TRANSITION SMOKE: 706 checks
2026-10-07T21:18:54.9165140Z PASS RAIDER NATIVE SMOKE: 324 checks
2026-10-07T21:19:06.4156616Z PASS NATIVE HOSTILE SMOKE: 3775 checks
2026-10-07T21:19:09.8281872Z PASS COMBAT OCCLUSION SMOKE: 25 checks
2026-10-07T21:19:17.1527460Z PASS RENDER BUDGET SMOKE: 287 checks
2026-10-07T21:19:20.4726652Z PASS SOURCE AVATAR STYLE SMOKE: 135 checks
2026-10-07T21:19:25.1882881Z PASS AVATAR ATTIRE QUALITY SMOKE: 306 checks
2026-10-07T21:19:30.9252589Z PASS CLASS AVATAR QUALITY SMOKE: 398 checks
2026-10-07T21:19:42.0542782Z PASS GUARDIAN PRESENTATION SMOKE: 278 checks
2026-10-07T21:19:48.6266683Z PASS HOSTILE QUALITY SMOKE: 96 checks
2026-10-07T21:19:57.9949607Z PASS DUNGEON LIGHTING SMOKE: 60 checks
2026-10-07T21:19:59.2642943Z PASS COMBAT AUDIO SMOKE: 61 checks
2026-10-07T21:20:00.4403563Z PASS NATIVE CAPTURE AUDIO SMOKE: 79 checks
2026-10-07T21:20:27.9338574Z PASS ANIMATION CRAFT SMOKE: 74 checks
2026-10-07T21:20:43.8988909Z PASS CAMP HUD SMOKE: 44 checks
2026-10-07T21:21:00.7035252Z PASS COMBAT READABILITY SMOKE: 57 checks
2026-10-07T21:21:04.3957518Z PASS FELLOWSHIP UI SMOKE: 11 checks
2026-10-07T21:21:04.9210411Z PASS CLOUD IDENTITY SMOKE: 14 checks
2026-10-07T21:21:09.6193974Z PASS MANA WARD SMOKE: 27 checks
2026-10-07T21:21:09.6196419Z PROGRESSION RUNTIME: server-owned profile, bounded AFK settlement, allowlists, inventory and replay protection passed.
2026-10-07T21:21:09.6197289Z BETA CHECKS: 53 Godot suites, 13424 checks, 0 failures
