[
  {
    "workflow": "Gameplay Quality",
    "run": 37686979998,
    "attempt": 1,
    "status": "completed",
    "conclusion": "success",
    "job_id": 113017205608,
    "job_status": "completed",
    "job_conclusion": "success"
  },
  {
    "workflow": "Android Debug APK",
    "run": 37686979978,
    "attempt": 1,
    "status": "completed",
    "conclusion": "success",
    "job_id": 113017204783,
    "job_status": "completed",
    "job_conclusion": "success"
  },
  {
    "workflow": "Android Beta Runtime",
    "run": 37686980000,
    "attempt": 1,
    "status": "completed",
    "conclusion": "success",
    "job_id": 113017205393,
    "job_status": "completed",
    "job_conclusion": "success"
  }
]
Completed original log still required: android-runtime, actual job 113017205393
