Godot Engine v4.7.2.stable.official.ed1daf0bf - https://godotengine.org

NATIVE SWORD SUPPORT: start=(0.015068, 0.003) peak=(0.015652, 0.003) landed=(0.01493, 0.003) foot_l travel=0.00000025734181 foot_r travel=0.00000019385833
ANIMATION CRAFT SMOKE: 55 checks, 3 failures
ERROR: FAIL: both actual native feet follow the original artist Sword A transforms throughout preparation
   at: push_error (core/variant/variant_utility.cpp:1023)
   GDScript backtrace (most recent call first):
       [0] check (res://tests/animation_craft_smoke.gd:13)
       [1] check_native_sword_boot_support (res://tests/animation_craft_smoke.gd:51)
       [2] run_checks (res://tests/animation_craft_smoke.gd:80)
ERROR: FAIL: the original sword hop lifts both actually weighted boots and carries both native feet through the cut
   at: push_error (core/variant/variant_utility.cpp:1023)
   GDScript backtrace (most recent call first):
       [0] check (res://tests/animation_craft_smoke.gd:13)
       [1] check_native_sword_boot_support (res://tests/animation_craft_smoke.gd:54)
       [2] run_checks (res://tests/animation_craft_smoke.gd:80)
ERROR: FAIL: the complete native sword recovery lands a real support sole at 3 mm and returns both boots to their grounded guard
   at: push_error (core/variant/variant_utility.cpp:1023)
   GDScript backtrace (most recent call first):
       [0] check (res://tests/animation_craft_smoke.gd:13)
       [1] check_native_sword_boot_support (res://tests/animation_craft_smoke.gd:67)
       [2] run_checks (res://tests/animation_craft_smoke.gd:80)
