Godot Engine v4.7.2.stable.official.ed1daf0bf - https://godotengine.org

[   0% ] [90m[1mfirst_scan_filesystem[22m | Started Project initialization (5 steps)[39m[0m
[   0% ] [90m[1mfirst_scan_filesystem[22m | Scanning file structure...[39m[0m
[  16% ] [90m[1mfirst_scan_filesystem[22m | Loading global class names...[39m[0m
[  33% ] [90m[1mfirst_scan_filesystem[22m | Verifying GDExtensions...[39m[0m
[  50% ] [90m[1mfirst_scan_filesystem[22m | Creating autoload scripts...[39m[0m
[  66% ] [90m[1mfirst_scan_filesystem[22m | Initializing plugins...[39m[0m
[  83% ] [90m[1mfirst_scan_filesystem[22m | Starting file scan...[39m[0m
[92m[ DONE ][39m [1mfirst_scan_filesystem[22m
[0m
[   0% ] [90m[1msavepack[22m | Started Packing (102 steps)[39m[0m
[   1% ] [90m[1msavepack[22m | Storing File: res://addons/com.heroiclabs.nakama/api/NakamaAPI.gdc[39m[0m
[   1% ] [90m[1msavepack[22m | Storing File: res://addons/com.heroiclabs.nakama/api/NakamaRTAPI.gdc[39m[0m
[   1% ] [90m[1msavepack[22m | Storing File: res://addons/com.heroiclabs.nakama/api/NakamaRTMessage.gdc[39m[0m
[   2% ] [90m[1msavepack[22m | Storing File: res://addons/com.heroiclabs.nakama/api/NakamaSession.gdc[39m[0m
[   2% ] [90m[1msavepack[22m | Storing File: res://addons/com.heroiclabs.nakama/api/NakamaStorageObjectId.gdc[39m[0m
[   2% ] [90m[1msavepack[22m | Storing File: res://addons/com.heroiclabs.nakama/api/NakamaWriteStorageObject.gdc[39m[0m
[   3% ] [90m[1msavepack[22m | Storing File: res://addons/com.heroiclabs.nakama/client/NakamaClient.gdc[39m[0m
[   3% ] [90m[1msavepack[22m | Storing File: res://addons/com.heroiclabs.nakama/client/NakamaHTTPAdapter.gdc[39m[0m
[   4% ] [90m[1msavepack[22m | Storing File: res://addons/com.heroiclabs.nakama/Satori/utils/SatoriAsyncResult.gdc[39m[0m
[   4% ] [90m[1msavepack[22m | Storing File: res://addons/com.heroiclabs.nakama/Satori/utils/SatoriException.gdc[39m[0m
[   4% ] [90m[1msavepack[22m | Storing File: res://addons/com.heroiclabs.nakama/Satori/utils/SatoriLogger.gdc[39m[0m
[   5% ] [90m[1msavepack[22m | Storing File: res://addons/com.heroiclabs.nakama/Satori/utils/SatoriSerializer.gdc[39m[0m
[   5% ] [90m[1msavepack[22m | Storing File: res://addons/com.heroiclabs.nakama/Satori/Event.gdc[39m[0m
[   6% ] [90m[1msavepack[22m | Storing File: res://addons/com.heroiclabs.nakama/Satori/SatoriAPI.gdc[39m[0m
[   6% ] [90m[1msavepack[22m | Storing File: res://addons/com.heroiclabs.nakama/Satori/SatoriClient.gdc[39m[0m
[   6% ] [90m[1msavepack[22m | Storing File: res://addons/com.heroiclabs.nakama/Satori/SatoriHttpAdapter.gdc[39m[0m
[   7% ] [90m[1msavepack[22m | Storing File: res://addons/com.heroiclabs.nakama/Satori/SatoriSession.gdc[39m[0m
[   7% ] [90m[1msavepack[22m | Storing File: res://addons/com.heroiclabs.nakama/socket/NakamaSocket.gdc[39m[0m
[   8% ] [90m[1msavepack[22m | Storing File: res://addons/com.heroiclabs.nakama/socket/NakamaSocketAdapter.gdc[39m[0m
[   8% ] [90m[1msavepack[22m | Storing File: res://addons/com.heroiclabs.nakama/utils/NakamaAsyncResult.gdc[39m[0m
[   8% ] [90m[1msavepack[22m | Storing File: res://addons/com.heroiclabs.nakama/utils/NakamaException.gdc[39m[0m
[   9% ] [90m[1msavepack[22m | Storing File: res://addons/com.heroiclabs.nakama/utils/NakamaLogger.gdc[39m[0m
[   9% ] [90m[1msavepack[22m | Storing File: res://addons/com.heroiclabs.nakama/utils/NakamaMultiplayerBridge.gdc[39m[0m
[  10% ] [90m[1msavepack[22m | Storing File: res://addons/com.heroiclabs.nakama/utils/NakamaMultiplayerPeer.gdc[39m[0m
[  10% ] [90m[1msavepack[22m | Storing File: res://addons/com.heroiclabs.nakama/utils/NakamaSerializer.gdc[39m[0m
[  10% ] [90m[1msavepack[22m | Storing File: res://addons/com.heroiclabs.nakama/Nakama.gdc[39m[0m
[  11% ] [90m[1msavepack[22m | Storing File: res://addons/com.heroiclabs.nakama/Satori.gdc[39m[0m
[  11% ] [90m[1msavepack[22m | Storing File: res://assets/animations/bodyphrase-048/proof.json[39m[0m
[  12% ] [90m[1msavepack[22m | Storing File: res://assets/animations/bodyphrase-049/proof.json[39m[0m
[  12% ] [90m[1msavepack[22m | Storing File: res://assets/animations/vowkeeper_sword_foundation.gdc[39m[0m
[  12% ] [90m[1msavepack[22m | Storing File: res://scripts/release_info.gdc[39m[0m
[  13% ] [90m[1msavepack[22m | Storing File: res://scripts/skill_glyph.gdc[39m[0m
[  13% ] [90m[1msavepack[22m | Storing File: res://scripts/source_avatar_style.gdc[39m[0m
[  14% ] [90m[1msavepack[22m | Storing File: res://scripts/cloud_save.gdc[39m[0m
[  14% ] [90m[1msavepack[22m | Storing File: res://scripts/render_budget.gdc[39m[0m
[  14% ] [90m[1msavepack[22m | Storing File: res://scripts/combat_health_bar.gdc[39m[0m
[  15% ] [90m[1msavepack[22m | Storing File: res://scripts/dungeon_theme.gdc[39m[0m
[  15% ] [90m[1msavepack[22m | Storing File: res://scripts/source_avatar_rig.gdc[39m[0m
[  16% ] [90m[1msavepack[22m | Storing File: res://scripts/ruin_architecture.gdc[39m[0m
[  16% ] [90m[1msavepack[22m | Storing File: res://scripts/room_ground.gdc[39m[0m
[  16% ] [90m[1msavepack[22m | Storing File: res://scripts/ui_glyph.gdc[39m[0m
[  17% ] [90m[1msavepack[22m | Storing File: res://scripts/farm_forecast.gdc[39m[0m
[  17% ] [90m[1msavepack[22m | Storing File: res://scripts/dungeon_lighting.gdc[39m[0m
[  17% ] [90m[1msavepack[22m | Storing File: res://scripts/settings_panel.gdc[39m[0m
[  18% ] [90m[1msavepack[22m | Storing File: res://scripts/native_equipment_finish.gdc[39m[0m
[  18% ] [90m[1msavepack[22m | Storing File: res://scripts/dungeon_actor.gdc[39m[0m
[  19% ] [90m[1msavepack[22m | Storing File: res://scripts/hero_art.gdc[39m[0m
[  19% ] [90m[1msavepack[22m | Storing File: res://scripts/combat_readability.gdc[39m[0m
[  19% ] [90m[1msavepack[22m | Storing File: res://scripts/source_avatar_combat.gdc[39m[0m
[  20% ] [90m[1msavepack[22m | Storing File: res://scripts/class_skills.gdc[39m[0m
[  20% ] [90m[1msavepack[22m | Storing File: res://scripts/frame_metrics.gdc[39m[0m
[  21% ] [90m[1msavepack[22m | Storing File: res://scripts/hostile_style.gdc[39m[0m
[  21% ] [90m[1msavepack[22m | Storing File: res://scripts/raider_avatar_rig.gdc[39m[0m
[  21% ] [90m[1msavepack[22m | Storing File: res://scripts/game_preferences.gdc[39m[0m
[  22% ] [90m[1msavepack[22m | Storing File: res://scripts/expedition_contract.gdc[39m[0m
[  22% ] [90m[1msavepack[22m | Storing File: res://scripts/class_relics.gdc[39m[0m
[  23% ] [90m[1msavepack[22m | Storing File: res://scripts/regional_sets.gdc[39m[0m
[  23% ] [90m[1msavepack[22m | Storing File: res://scripts/gear_advisor.gdc[39m[0m
[  23% ] [90m[1msavepack[22m | Storing File: res://scripts/dungeon_world.gdc[39m[0m
[  24% ] [90m[1msavepack[22m | Storing File: res://scripts/offline_farm.gdc[39m[0m
[  24% ] [90m[1msavepack[22m | Storing File: res://scripts/expedition_simulation.gdc[39m[0m
[  25% ] [90m[1msavepack[22m | Storing File: res://scripts/playtest_notes.gdc[39m[0m
[  25% ] [90m[1msavepack[22m | Storing File: res://scripts/source_avatar_evade.gdc[39m[0m
[  25% ] [90m[1msavepack[22m | Storing File: res://scripts/save_store.gdc[39m[0m
[  26% ] [90m[1msavepack[22m | Storing File: res://scripts/progression_service.gdc[39m[0m
[  26% ] [90m[1msavepack[22m | Storing File: res://scripts/class_loot.gdc[39m[0m
[  27% ] [90m[1msavepack[22m | Storing File: res://scripts/main.gdc[39m[0m
[  27% ] [90m[1msavepack[22m | Storing File: res://scripts/oath_combat_rules.gdc[39m[0m
[  27% ] [90m[1msavepack[22m | Storing File: res://scripts/combat_stances.gdc[39m[0m
[  28% ] [90m[1msavepack[22m | Storing File: res://scripts/sculpted_mesh.gdc[39m[0m
[  28% ] [90m[1msavepack[22m | Storing File: res://scripts/dungeon_layout.gdc[39m[0m
[  29% ] [90m[1msavepack[22m | Storing File: res://.godot/imported/Cinzel.ttf-1e003c02bd9f5caf99829299b24c9916.fontdata[39m[0m
[  29% ] [90m[1msavepack[22m | Storing File: res://assets/fonts/Cinzel.ttf.import[39m[0m
[  29% ] [90m[1msavepack[22m | Storing File: res://.godot/imported/Lora.ttf-ab235624946333bac5af92b83fa760cd.fontdata[39m[0m
[  29% ] [90m[1msavepack[22m | Storing File: res://assets/fonts/Lora.ttf.import[39m[0m
[  29% ] [90m[1msavepack[22m | Storing File: res://scripts/combat_readout.gdc[39m[0m
[  30% ] [90m[1msavepack[22m | Storing File: res://scripts/mobile_safe_area.gdc[39m[0m
[  30% ] [90m[1msavepack[22m | Storing File: res://.godot/imported/material-atlas.png-d2ef03e38b931e86c4bd2e43848185b7.ctex[39m[0m
[  30% ] [90m[1msavepack[22m | Storing File: res://assets/materials/field-surfaces/material-atlas.png.import[39m[0m
[  31% ] [90m[1msavepack[22m | Storing File: res://assets/materials/masonry/Bricks096-api.json[39m[0m
[  31% ] [90m[1msavepack[22m | Storing File: res://.godot/imported/Bricks096_1K-PNG_Color.png-96514fad640d6d30da4657340ba505cc.etc2.ctex[39m[0m
[  31% ] [90m[1msavepack[22m | Storing File: res://assets/materials/masonry/Bricks096_1K-PNG_Color.png.import[39m[0m
[  31% ] [90m[1msavepack[22m | Storing File: res://.godot/imported/Bricks096_1K-PNG_NormalGL.png-dd3048f795a07f2c1034b273535930a3.etc2.ctex[39m[0m
[  31% ] [90m[1msavepack[22m | Storing File: res://assets/materials/masonry/Bricks096_1K-PNG_NormalGL.png.import[39m[0m
[  32% ] [90m[1msavepack[22m | Storing File: res://.godot/imported/Bricks096_1K-PNG_Roughness.png-bcd6d5af63c81d428be0f6d738159434.etc2.ctex[39m[0m
[  32% ] [90m[1msavepack[22m | Storing File: res://assets/materials/masonry/Bricks096_1K-PNG_Roughness.png.import[39m[0m
[  32% ] [90m[1msavepack[22m | Storing File: res://assets/materials/masonry/manifest.json[39m[0m
[  33% ] [90m[1msavepack[22m | Storing File: res://.godot/imported/Metal063_1K-JPG_Color.jpg-ec5410a5800e87b2625174344b313cbc.ctex[39m[0m
[  33% ] [90m[1msavepack[22m | Storing File: res://assets/materials/metal/Metal063_1K-JPG_Color.jpg.import[39m[0m
[  33% ] [90m[1msavepack[22m | Storing File: res://.godot/imported/Metal063_1K-JPG_Roughness.jpg-1e98403cced51621af4952b86e8a979f.ctex[39m[0m
[  33% ] [90m[1msavepack[22m | Storing File: res://assets/materials/metal/Metal063_1K-JPG_Roughness.jpg.import[39m[0m
[  33% ] [90m[1msavepack[22m | Storing File: res://scripts/expedition_map.gdc[39m[0m
[  33% ] [90m[1msavepack[22m | Storing File: res://scripts/regional_stage.gdc[39m[0m
[  33% ] [90m[1msavepack[22m | Storing File: res://.godot/imported/nyra-face-albedo.png-bb02a2970f37df74d6e3a1504768bb5b.ctex[39m[0m
[  33% ] [90m[1msavepack[22m | Storing File: res://assets/materials/nyra-face/nyra-face-albedo.png.import[39m[0m
[  33% ] [90m[1msavepack[22m | Storing File: res://.godot/imported/ruin-floor-albedo.png-3123e49e0c3c94746731caaf6dc19ffa.ctex[39m[0m
[  33% ] [90m[1msavepack[22m | Storing File: res://assets/materials/ruin-floor/ruin-floor-albedo.png.import[39m[0m
[  34% ] [90m[1msavepack[22m | Storing File: res://assets/materials/ruin-floor/ruin-floor-albedo.png.json[39m[0m
[  34% ] [90m[1msavepack[22m | Storing File: res://.godot/imported/Rock030_1K-JPG_Color.jpg-df41745e8b7471faa2015f4b47bedb90.etc2.ctex[39m[0m
[  34% ] [90m[1msavepack[22m | Storing File: res://assets/materials/stone/Rock030_1K-JPG_Color.jpg.import[39m[0m
[  35% ] [90m[1msavepack[22m | Storing File: res://.godot/imported/Rock030_1K-JPG_NormalGL.jpg-3d4806f1d670e87dd2f1c6f1e64ab6d9.etc2.ctex[39m[0m
[  35% ] [90m[1msavepack[22m | Storing File: res://assets/materials/stone/Rock030_1K-JPG_NormalGL.jpg.import[39m[0m
[  35% ] [90m[1msavepack[22m | Storing File: res://.godot/imported/Rock030_1K-JPG_Roughness.jpg-c19eadd4b7b214882683c5bb785ae1cf.etc2.ctex[39m[0m
[  35% ] [90m[1msavepack[22m | Storing File: res://assets/materials/stone/Rock030_1K-JPG_Roughness.jpg.import[39m[0m
[  35% ] [90m[1msavepack[22m | Storing File: res://.godot/imported/ranger-native65.glb-490a9a1d119fb29561568ed604ef6b9b.scn[39m[0m
[  35% ] [90m[1msavepack[22m | Storing File: res://assets/models/classes055/ranger-native65.glb.import[39m[0m
[  36% ] [90m[1msavepack[22m | Storing File: res://assets/models/classes055/ranger-native65.json[39m[0m
[  36% ] [90m[1msavepack[22m | Storing File: res://.godot/imported/ranger-native65_T_Ranger_BaseColor.png-ff67b1e975b2afb02237cd2a6bd56758.ctex[39m[0m
[  36% ] [90m[1msavepack[22m | Storing File: res://assets/models/classes055/ranger-native65_T_Ranger_BaseColor.png.import[39m[0m
[  37% ] [90m[1msavepack[22m | Storing File: res://.godot/imported/ranger-native65_T_Ranger_Normal.png-00c1fb347948f3be6090a6f6350dc28c.ctex[39m[0m
[  37% ] [90m[1msavepack[22m | Storing File: res://assets/models/classes055/ranger-native65_T_Ranger_Normal.png.import[39m[0m
[  37% ] [90m[1msavepack[22m | Storing File: res://.godot/imported/ranger-native65_T_Ranger_ORM.png-fcf5a8da72a6bc3ef0996a0e7d537cbb.ctex[39m[0m
[  37% ] [90m[1msavepack[22m | Storing File: res://assets/models/classes055/ranger-native65_T_Ranger_ORM.png.import[39m[0m
[  37% ] [90m[1msavepack[22m | Storing File: res://.godot/imported/ranger-native65_T_Regular_Female_Dark_BaseColor.png-00a086a6e3cfcee3029995975694db80.ctex[39m[0m
[  37% ] [90m[1msavepack[22m | Storing File: res://assets/models/classes055/ranger-native65_T_Regular_Female_Dark_BaseColor.png.import[39m[0m
[  38% ] [90m[1msavepack[22m | Storing File: res://.godot/imported/ranger-native65_T_Regular_Female_Normal.png-1997afbb1dae25209f91890382330d17.ctex[39m[0m
[  38% ] [90m[1msavepack[22m | Storing File: res://assets/models/classes055/ranger-native65_T_Regular_Female_Normal.png.import[39m[0m
[  38% ] [90m[1msavepack[22m | Storing File: res://.godot/imported/ranger-native65_T_Regular_Female_Roughness.png-d50a7ea1ea0dc2069bf0c9f7224f0008.ctex[39m[0m
[  38% ] [90m[1msavepack[22m | Storing File: res://assets/models/classes055/ranger-native65_T_Regular_Female_Roughness.png.import[39m[0m
[  39% ] [90m[1msavepack[22m | Storing File: res://.godot/imported/archive_bay.glb-ff07994c46c125554a2fd1460b02e814.scn[39m[0m
[  39% ] [90m[1msavepack[22m | Storing File: res://assets/models/environment/archive_bay.glb.import[39m[0m
[  39% ] [90m[1msavepack[22m | Storing File: res://.godot/imported/archive_bay_broken.glb-62c9b9c48b44c6975a0edb2ebe0012cd.scn[39m[0m
[  39% ] [90m[1msavepack[22m | Storing File: res://assets/models/environment/archive_bay_broken.glb.import[39m[0m
[  39% ] [90m[1msavepack[22m | Storing File: res://.godot/imported/archive_end.glb-86312c95d60b4dcb64579584d96f1fe1.scn[39m[0m
[  39% ] [90m[1msavepack[22m | Storing File: res://assets/models/environment/archive_end.glb.import[39m[0m
[  40% ] [90m[1msavepack[22m | Storing File: res://.godot/imported/archive_return.glb-479e0f40dcfc73b28888d160483f7bda.scn[39m[0m
[  40% ] [90m[1msavepack[22m | Storing File: res://assets/models/environment/archive_return.glb.import[39m[0m
[  40% ] [90m[1msavepack[22m | Storing File: res://.godot/imported/archive_solid.glb-729974781d738c97909a31e44a048c3e.scn[39m[0m
[  40% ] [90m[1msavepack[22m | Storing File: res://assets/models/environment/archive_solid.glb.import[39m[0m
[  41% ] [90m[1msavepack[22m | Storing File: res://.godot/imported/citadel_bay.glb-e9484dce93d5a626d83678cb4a25a8f7.scn[39m[0m
[  41% ] [90m[1msavepack[22m | Storing File: res://assets/models/environment/citadel_bay.glb.import[39m[0m
[  41% ] [90m[1msavepack[22m | Storing File: res://.godot/imported/citadel_bay_broken.glb-23fc37b64c57a3d4053a76507cd3eb36.scn[39m[0m
[  41% ] [90m[1msavepack[22m | Storing File: res://assets/models/environment/citadel_bay_broken.glb.import[39m[0m
[  41% ] [90m[1msavepack[22m | Storing File: res://.godot/imported/citadel_end.glb-14b82078a057700512a7996b64011fa2.scn[39m[0m
[  41% ] [90m[1msavepack[22m | Storing File: res://assets/models/environment/citadel_end.glb.import[39m[0m
[  42% ] [90m[1msavepack[22m | Storing File: res://.godot/imported/citadel_return.glb-8c7f348e4c3c24f47246fe2c54342807.scn[39m[0m
[  42% ] [90m[1msavepack[22m | Storing File: res://assets/models/environment/citadel_return.glb.import[39m[0m
[  42% ] [90m[1msavepack[22m | Storing File: res://.godot/imported/citadel_solid.glb-6fb17af5901e7287d9e68c1e6a2a5a41.scn[39m[0m
[  42% ] [90m[1msavepack[22m | Storing File: res://assets/models/environment/citadel_solid.glb.import[39m[0m
[  43% ] [90m[1msavepack[22m | Storing File: res://assets/models/environment/manifest.json[39m[0m
[  43% ] [90m[1msavepack[22m | Storing File: res://.godot/imported/ossuary_bay.glb-1904a44fd1c4436880a364abce08dce7.scn[39m[0m
[  43% ] [90m[1msavepack[22m | Storing File: res://assets/models/environment/ossuary_bay.glb.import[39m[0m
[  43% ] [90m[1msavepack[22m | Storing File: res://.godot/imported/ossuary_bay_broken.glb-1af785b3a5f82e3c839ba29f6bffd08b.scn[39m[0m
[  43% ] [90m[1msavepack[22m | Storing File: res://assets/models/environment/ossuary_bay_broken.glb.import[39m[0m
[  44% ] [90m[1msavepack[22m | Storing File: res://.godot/imported/ossuary_end.glb-495736fc180ea23df3f97f7f6471f8ce.scn[39m[0m
[  44% ] [90m[1msavepack[22m | Storing File: res://assets/models/environment/ossuary_end.glb.import[39m[0m
[  44% ] [90m[1msavepack[22m | Storing File: res://.godot/imported/ossuary_return.glb-22f4302f4e0dba664c934ae4dcea2588.scn[39m[0m
[  44% ] [90m[1msavepack[22m | Storing File: res://assets/models/environment/ossuary_return.glb.import[39m[0m
[  45% ] [90m[1msavepack[22m | Storing File: res://.godot/imported/ossuary_solid.glb-89a36bb4201dbb371c888a6a592c86f1.scn[39m[0m
[  45% ] [90m[1msavepack[22m | Storing File: res://assets/models/environment/ossuary_solid.glb.import[39m[0m
[  45% ] [90m[1msavepack[22m | Storing File: res://.godot/imported/spire_bay.glb-772c070b1ba390b36326c3e661c64708.scn[39m[0m
[  45% ] [90m[1msavepack[22m | Storing File: res://assets/models/environment/spire_bay.glb.import[39m[0m
[  45% ] [90m[1msavepack[22m | Storing File: res://.godot/imported/spire_bay_broken.glb-698754b96b38ed297f50eed7c5c83883.scn[39m[0m
[  45% ] [90m[1msavepack[22m | Storing File: res://assets/models/environment/spire_bay_broken.glb.import[39m[0m
[  46% ] [90m[1msavepack[22m | Storing File: res://.godot/imported/spire_end.glb-99d2c2b983dd6d0098f70ad6bd36780d.scn[39m[0m
[  46% ] [90m[1msavepack[22m | Storing File: res://assets/models/environment/spire_end.glb.import[39m[0m
[  46% ] [90m[1msavepack[22m | Storing File: res://.godot/imported/spire_return.glb-255514099209b783c710a62b5fe7a365.scn[39m[0m
[  46% ] [90m[1msavepack[22m | Storing File: res://assets/models/environment/spire_return.glb.import[39m[0m
[  47% ] [90m[1msavepack[22m | Storing File: res://.godot/imported/spire_solid.glb-fc0d3f080a5b7f138e06b737e11eb426.scn[39m[0m
[  47% ] [90m[1msavepack[22m | Storing File: res://assets/models/environment/spire_solid.glb.import[39m[0m
[  47% ] [90m[1msavepack[22m | Storing File: res://.godot/imported/arcanist.glb-3c1ca8c50ced7b1bb080bf14de9adaed.scn[39m[0m
[  47% ] [90m[1msavepack[22m | Storing File: res://assets/models/nyra052/arcanist.glb.import[39m[0m
[  47% ] [90m[1msavepack[22m | Storing File: res://.godot/imported/arcanist_T_Eye_Brown.png-3a92388c855c4da3ed5ebb1b643499f8.ctex[39m[0m
[  47% ] [90m[1msavepack[22m | Storing File: res://assets/models/nyra052/arcanist_T_Eye_Brown.png.import[39m[0m
[  48% ] [90m[1msavepack[22m | Storing File: res://.godot/imported/arcanist_T_Eye_Normal.png-d0e0e49e164be7d7911a341e15c97457.ctex[39m[0m
[  48% ] [90m[1msavepack[22m | Storing File: res://assets/models/nyra052/arcanist_T_Eye_Normal.png.import[39m[0m
[  48% ] [90m[1msavepack[22m | Storing File: res://.godot/imported/arcanist_T_Hair_2_BaseColor.png-491283e19764193163ba098b4d521c9f.ctex[39m[0m
[  48% ] [90m[1msavepack[22m | Storing File: res://assets/models/nyra052/arcanist_T_Hair_2_BaseColor.png.import[39m[0m
[  49% ] [90m[1msavepack[22m | Storing File: res://.godot/imported/arcanist_T_Hair_2_BaseColor_11.png-526fe5432cb9f52b3893ed62755d71e0.ctex[39m[0m
[  49% ] [90m[1msavepack[22m | Storing File: res://assets/models/nyra052/arcanist_T_Hair_2_BaseColor_11.png.import[39m[0m
[  49% ] [90m[1msavepack[22m | Storing File: res://.godot/imported/arcanist_T_Hair_2_Normal.png-9ae3f019e71cf1589212a91a398a11ab.ctex[39m[0m
[  49% ] [90m[1msavepack[22m | Storing File: res://assets/models/nyra052/arcanist_T_Hair_2_Normal.png.import[39m[0m
[  49% ] [90m[1msavepack[22m | Storing File: res://.godot/imported/arcanist_T_Hair_2_Normal_10.png-1d503becafcd8baaa9d264bfdce54d26.ctex[39m[0m
[  49% ] [90m[1msavepack[22m | Storing File: res://assets/models/nyra052/arcanist_T_Hair_2_Normal_10.png.import[39m[0m
[  50% ] [90m[1msavepack[22m | Storing File: res://.godot/imported/arcanist_T_Peasant_BaseColor.png-6b09cfec62fbd623789b2cbd35745052.ctex[39m[0m
[  50% ] [90m[1msavepack[22m | Storing File: res://assets/models/nyra052/arcanist_T_Peasant_BaseColor.png.import[39m[0m
[  50% ] [90m[1msavepack[22m | Storing File: res://.godot/imported/arcanist_T_Peasant_Normal.png-61c608e65908e28cafb164dc6f8aec0f.ctex[39m[0m
[  50% ] [90m[1msavepack[22m | Storing File: res://assets/models/nyra052/arcanist_T_Peasant_Normal.png.import[39m[0m
[  50% ] [90m[1msavepack[22m | Storing File: res://.godot/imported/arcanist_T_Peasant_ORM.png-823dd445cb815571be80b548d7b1bbed.ctex[39m[0m
[  50% ] [90m[1msavepack[22m | Storing File: res://assets/models/nyra052/arcanist_T_Peasant_ORM.png.import[39m[0m
[  51% ] [90m[1msavepack[22m | Storing File: res://.godot/imported/arcanist_T_Superhero_Female_Dark_BaseColor.png-eba1e7513f09f85bed5afd85ad1e21bf.ctex[39m[0m
[  51% ] [90m[1msavepack[22m | Storing File: res://assets/models/nyra052/arcanist_T_Superhero_Female_Dark_BaseColor.png.import[39m[0m
[  51% ] [90m[1msavepack[22m | Storing File: res://.godot/imported/arcanist_T_Superhero_Female_Normal.png-f21166227b7849545871db8bf89ff960.ctex[39m[0m
[  51% ] [90m[1msavepack[22m | Storing File: res://assets/models/nyra052/arcanist_T_Superhero_Female_Normal.png.import[39m[0m
[  52% ] [90m[1msavepack[22m | Storing File: res://.godot/imported/arcanist_T_Superhero_Female_Roughness.png-ae8ddc75d3e365a9d4e9f502d16746dc.ctex[39m[0m
[  52% ] [90m[1msavepack[22m | Storing File: res://assets/models/nyra052/arcanist_T_Superhero_Female_Roughness.png.import[39m[0m
[  52% ] [90m[1msavepack[22m | Storing File: res://assets/models/nyra052/assembly-report.json[39m[0m
[  52% ] [90m[1msavepack[22m | Storing File: res://assets/models/nyra052/death-grounding.json[39m[0m
[  53% ] [90m[1msavepack[22m | Storing File: res://.godot/imported/staff-grip053.glb-538fafc9510c5e213bbca84ab940ad6c.scn[39m[0m
[  53% ] [90m[1msavepack[22m | Storing File: res://assets/models/nyra052/staff-grip053.glb.import[39m[0m
[  53% ] [90m[1msavepack[22m | Storing File: res://assets/models/nyra052/staff-grip053.json[39m[0m
[  54% ] [90m[1msavepack[22m | Storing File: res://.godot/imported/nyra-attire054.glb-759cfa99cd6f687501ba1ecfc94c2b72.scn[39m[0m
[  54% ] [90m[1msavepack[22m | Storing File: res://assets/models/nyra054/nyra-attire054.glb.import[39m[0m
[  54% ] [90m[1msavepack[22m | Storing File: res://assets/models/nyra054/nyra-attire054.json[39m[0m
[  54% ] [90m[1msavepack[22m | Storing File: res://.godot/imported/archive_reliquary.glb-db05fb09173078618ff81ab5542c8f0a.scn[39m[0m
[  54% ] [90m[1msavepack[22m | Storing File: res://assets/models/props049/archive_reliquary.glb.import[39m[0m
[  55% ] [90m[1msavepack[22m | Storing File: res://.godot/imported/citadel_reliquary.glb-e149ce130a2000779f0a5d36d6ec4ded.scn[39m[0m
[  55% ] [90m[1msavepack[22m | Storing File: res://assets/models/props049/citadel_reliquary.glb.import[39m[0m
[  55% ] [90m[1msavepack[22m | Storing File: res://assets/models/props049/manifest.json[39m[0m
[  56% ] [90m[1msavepack[22m | Storing File: res://.godot/imported/ossuary_reliquary.glb-692346c48540b0d34e8f113690076a52.scn[39m[0m
[  56% ] [90m[1msavepack[22m | Storing File: res://assets/models/props049/ossuary_reliquary.glb.import[39m[0m
[  56% ] [90m[1msavepack[22m | Storing File: res://.godot/imported/spire_reliquary.glb-763af3f107c1da50e00446a758b1db9a.scn[39m[0m
[  56% ] [90m[1msavepack[22m | Storing File: res://assets/models/props049/spire_reliquary.glb.import[39m[0m
[  56% ] [90m[1msavepack[22m | Storing File: res://.godot/imported/axe-fitted.glb-b932ec18b219b7de686af92b1de2b5f5.scn[39m[0m
[  56% ] [90m[1msavepack[22m | Storing File: res://assets/models/raider056/axe-fitted.glb.import[39m[0m
[  57% ] [90m[1msavepack[22m | Storing File: res://assets/models/raider056/axe-fitted.json[39m[0m
[  57% ] [90m[1msavepack[22m | Storing File: res://assets/models/raider056/axe-grip.json[39m[0m
[  58% ] [90m[1msavepack[22m | Storing File: res://.godot/imported/axe-original.glb-b7d77301667adfe60dc6f56768041e2f.scn[39m[0m
[  58% ] [90m[1msavepack[22m | Storing File: res://assets/models/raider056/axe-original.glb.import[39m[0m
[  58% ] [90m[1msavepack[22m | Storing File: res://assets/models/raider056/death-grounding.json[39m[0m
[  58% ] [90m[1msavepack[22m | Storing File: res://.godot/imported/raider-native65.glb-b0d2c1c799914186d1dedd5700f1982e.scn[39m[0m
[  58% ] [90m[1msavepack[22m | Storing File: res://assets/models/raider056/raider-native65.glb.import[39m[0m
[  59% ] [90m[1msavepack[22m | Storing File: res://assets/models/raider056/raider-native65.json[39m[0m
[  59% ] [90m[1msavepack[22m | Storing File: res://.godot/imported/raider-native65_T_Eye_Brown.png-f270c61d828fb9176817c62cf8e77885.ctex[39m[0m
[  59% ] [90m[1msavepack[22m | Storing File: res://assets/models/raider056/raider-native65_T_Eye_Brown.png.import[39m[0m
[  60% ] [90m[1msavepack[22m | Storing File: res://.godot/imported/raider-native65_T_Eye_Normal.png-3d7f2319b50202c5a478669916324a52.ctex[39m[0m
[  60% ] [90m[1msavepack[22m | Storing File: res://assets/models/raider056/raider-native65_T_Eye_Normal.png.import[39m[0m
[  60% ] [90m[1msavepack[22m | Storing File: res://.godot/imported/raider-native65_T_Hair_1_BaseColor.png-078b95edb09a0872decbdf5cd83615f8.ctex[39m[0m
[  60% ] [90m[1msavepack[22m | Storing File: res://assets/models/raider056/raider-native65_T_Hair_1_BaseColor.png.import[39m[0m
[  60% ] [90m[1msavepack[22m | Storing File: res://.godot/imported/raider-native65_T_Hair_1_Normal.png-852bc6c2932ca3d001ef283dedeac73f.ctex[39m[0m
[  60% ] [90m[1msavepack[22m | Storing File: res://assets/models/raider056/raider-native65_T_Hair_1_Normal.png.import[39m[0m
[  61% ] [90m[1msavepack[22m | Storing File: res://.godot/imported/raider-native65_T_Peasant_BaseColor.png-531aedec174b8ff864334b6f0a805196.ctex[39m[0m
[  61% ] [90m[1msavepack[22m | Storing File: res://assets/models/raider056/raider-native65_T_Peasant_BaseColor.png.import[39m[0m
[  61% ] [90m[1msavepack[22m | Storing File: res://.godot/imported/raider-native65_T_Peasant_Normal.png-8df19bc83e27462b2bdb2122fceb5be4.ctex[39m[0m
[  61% ] [90m[1msavepack[22m | Storing File: res://assets/models/raider056/raider-native65_T_Peasant_Normal.png.import[39m[0m
[  62% ] [90m[1msavepack[22m | Storing File: res://.godot/imported/raider-native65_T_Peasant_ORM.png-35a6390bfea006daf25fb4cd3251d5f5.ctex[39m[0m
[  62% ] [90m[1msavepack[22m | Storing File: res://assets/models/raider056/raider-native65_T_Peasant_ORM.png.import[39m[0m
[  62% ] [90m[1msavepack[22m | Storing File: res://.godot/imported/raider-native65_T_Regular_Male_Dark_BaseColor.png-446fd27a479a3f1ce18f3821a044e29e.ctex[39m[0m
[  62% ] [90m[1msavepack[22m | Storing File: res://assets/models/raider056/raider-native65_T_Regular_Male_Dark_BaseColor.png.import[39m[0m
[  62% ] [90m[1msavepack[22m | Storing File: res://.godot/imported/raider-native65_T_Regular_Male_Normal.png-af7cc78725a32ee872f66afa48b57e71.ctex[39m[0m
[  62% ] [90m[1msavepack[22m | Storing File: res://assets/models/raider056/raider-native65_T_Regular_Male_Normal.png.import[39m[0m
[  63% ] [90m[1msavepack[22m | Storing File: res://.godot/imported/raider-native65_T_Regular_Male_Roughness.png-13a6897309ac1868fd653a67856e79c1.ctex[39m[0m
[  63% ] [90m[1msavepack[22m | Storing File: res://assets/models/raider056/raider-native65_T_Regular_Male_Roughness.png.import[39m[0m
[  63% ] [90m[1msavepack[22m | Storing File: res://.godot/imported/raider-native65_T_Superhero_Male_Dark.png-f3f0b4188e0227bbd5bf29dc0dd7d052.ctex[39m[0m
[  63% ] [90m[1msavepack[22m | Storing File: res://assets/models/raider056/raider-native65_T_Superhero_Male_Dark.png.import[39m[0m
[  64% ] [90m[1msavepack[22m | Storing File: res://.godot/imported/raider-native65_T_Superhero_Male_Normal.png-485e2c88b22b35138334ed8732147e4a.ctex[39m[0m
[  64% ] [90m[1msavepack[22m | Storing File: res://assets/models/raider056/raider-native65_T_Superhero_Male_Normal.png.import[39m[0m
[  64% ] [90m[1msavepack[22m | Storing File: res://.godot/imported/raider-native65_T_Superhero_Male_Roughness.png-972e754c15bd3cf6dbb037e30cd4daef.ctex[39m[0m
[  64% ] [90m[1msavepack[22m | Storing File: res://assets/models/raider056/raider-native65_T_Superhero_Male_Roughness.png.import[39m[0m
[  64% ] [90m[1msavepack[22m | Storing File: res://.godot/imported/arcanist.glb-5004bdb3c2653fcf413604205fcf0367.scn[39m[0m
[  64% ] [90m[1msavepack[22m | Storing File: res://assets/models/arcanist.glb.import[39m[0m
[  65% ] [90m[1msavepack[22m | Storing File: res://.godot/imported/bone_arch.glb-6f3011358c8e0905418e94b9a13a30c6.scn[39m[0m
[  65% ] [90m[1msavepack[22m | Storing File: res://assets/models/bone_arch.glb.import[39m[0m
[  65% ] [90m[1msavepack[22m | Storing File: res://.godot/imported/broken_pillar.glb-516c6c58bc674ca85d971a4912f65352.scn[39m[0m
[  65% ] [90m[1msavepack[22m | Storing File: res://assets/models/broken_pillar.glb.import[39m[0m
[  66% ] [90m[1msavepack[22m | Storing File: res://.godot/imported/bulwark.glb-9daf7d8282e45d3e1755ac7e3cc072e0.scn[39m[0m
[  66% ] [90m[1msavepack[22m | Storing File: res://assets/models/bulwark.glb.import[39m[0m
[  66% ] [90m[1msavepack[22m | Storing File: res://.godot/imported/carved_tomb.glb-1342e4177e3bf34445a3f0625bfcaadb.scn[39m[0m
[  66% ] [90m[1msavepack[22m | Storing File: res://assets/models/carved_tomb.glb.import[39m[0m
[  66% ] [90m[1msavepack[22m | Storing File: res://.godot/imported/ceremonial_brazier.glb-424edd82adb6f8d60d4f27e953676a75.scn[39m[0m
[  66% ] [90m[1msavepack[22m | Storing File: res://assets/models/ceremonial_brazier.glb.import[39m[0m
[  66% ] [90m[1msavepack[22m | Storing File: res://.godot/imported/drowned_library.glb-158fcdb2e20b53a6fa6e5459b54bb694.scn[39m[0m
[  66% ] [90m[1msavepack[22m | Storing File: res://assets/models/drowned_library.glb.import[39m[0m
[  66% ] [90m[1msavepack[22m | Storing File: res://.godot/imported/elite.glb-8cb06f9536a564d85872e4f2ace2fbf5.scn[39m[0m
[  66% ] [90m[1msavepack[22m | Storing File: res://assets/models/elite.glb.import[39m[0m
[  66% ] [90m[1msavepack[22m | Storing File: res://.godot/imported/expedition_table.glb-e7ad277c014b7d43674970541d41273f.scn[39m[0m
[  66% ] [90m[1msavepack[22m | Storing File: res://assets/models/expedition_table.glb.import[39m[0m
[  67% ] [90m[1msavepack[22m | Storing File: res://.godot/imported/field_forge.glb-6c3f0b0867b0fd3d23ce6c1ced123e35.scn[39m[0m
[  67% ] [90m[1msavepack[22m | Storing File: res://assets/models/field_forge.glb.import[39m[0m
[  67% ] [90m[1msavepack[22m | Storing File: res://.godot/imported/furnace.glb-a3f2271114d78038efb7789efcc2084f.scn[39m[0m
[  67% ] [90m[1msavepack[22m | Storing File: res://assets/models/furnace.glb.import[39m[0m
[  68% ] [90m[1msavepack[22m | Storing File: res://.godot/imported/furnace_throne.glb-23bd2b9a69f9ef9523f28ea87cad0282.scn[39m[0m
[  68% ] [90m[1msavepack[22m | Storing File: res://assets/models/furnace_throne.glb.import[39m[0m
[  68% ] [90m[1msavepack[22m | Storing File: res://.godot/imported/gothic_arch.glb-b1ced3826c210ff06a1b7ec0bb595469.scn[39m[0m
[  68% ] [90m[1msavepack[22m | Storing File: res://assets/models/gothic_arch.glb.import[39m[0m
[  68% ] [90m[1msavepack[22m | Storing File: res://.godot/imported/guardian_0.glb-e505398dad9424304a21a1940946aaee.scn[39m[0m
[  68% ] [90m[1msavepack[22m | Storing File: res://assets/models/guardian_0.glb.import[39m[0m
[  69% ] [90m[1msavepack[22m | Storing File: res://.godot/imported/guardian_1.glb-01b49232e4d939d2ee88563cf2cd0202.scn[39m[0m
[  69% ] [90m[1msavepack[22m | Storing File: res://assets/models/guardian_1.glb.import[39m[0m
[  69% ] [90m[1msavepack[22m | Storing File: res://.godot/imported/guardian_2.glb-863b7105932d4a5346a6fb87d9d8f70d.scn[39m[0m
[  69% ] [90m[1msavepack[22m | Storing File: res://assets/models/guardian_2.glb.import[39m[0m
[  70% ] [90m[1msavepack[22m | Storing File: res://.godot/imported/guardian_3.glb-8ef6846d9374c20d4f8c6addc3e4d2f9.scn[39m[0m
[  70% ] [90m[1msavepack[22m | Storing File: res://assets/models/guardian_3.glb.import[39m[0m
[  70% ] [90m[1msavepack[22m | Storing File: res://.godot/imported/hanging_bell.glb-6bb48c68b30f052700ce7074e2058738.scn[39m[0m
[  70% ] [90m[1msavepack[22m | Storing File: res://assets/models/hanging_bell.glb.import[39m[0m
[  70% ] [90m[1msavepack[22m | Storing File: res://.godot/imported/hexer.glb-9d251cb82a4d4bdc8400c1d95e364c8b.scn[39m[0m
[  70% ] [90m[1msavepack[22m | Storing File: res://assets/models/hexer.glb.import[39m[0m
[  71% ] [90m[1msavepack[22m | Storing File: res://.godot/imported/leaded_lancet.glb-337432674d0bacdafd8971e3859142aa.scn[39m[0m
[  71% ] [90m[1msavepack[22m | Storing File: res://assets/models/leaded_lancet.glb.import[39m[0m
[  71% ] [90m[1msavepack[22m | Storing File: res://.godot/imported/pilgrim_well.glb-c252c7e4d80ce50d549babfb023c60bb.scn[39m[0m
[  71% ] [90m[1msavepack[22m | Storing File: res://assets/models/pilgrim_well.glb.import[39m[0m
[  72% ] [90m[1msavepack[22m | Storing File: res://.godot/imported/pillar.glb-8fe894eddbe22220964a70cbd50ae07b.scn[39m[0m
[  72% ] [90m[1msavepack[22m | Storing File: res://assets/models/pillar.glb.import[39m[0m
[  72% ] [90m[1msavepack[22m | Storing File: res://.godot/imported/raider.glb-1f99c273da4e962a7987c83e798c6687.scn[39m[0m
[  72% ] [90m[1msavepack[22m | Storing File: res://assets/models/raider.glb.import[39m[0m
[  72% ] [90m[1msavepack[22m | Storing File: res://.godot/imported/ranger.glb-2cd432b83dd188329004b7e562197ce7.scn[39m[0m
[  72% ] [90m[1msavepack[22m | Storing File: res://assets/models/ranger.glb.import[39m[0m
[  73% ] [90m[1msavepack[22m | Storing File: res://.godot/imported/reliquary_altar.glb-acf9ad4ddc101c137057d5db75f2d126.scn[39m[0m
[  73% ] [90m[1msavepack[22m | Storing File: res://assets/models/reliquary_altar.glb.import[39m[0m
[  73% ] [90m[1msavepack[22m | Storing File: res://.godot/imported/ruined_vault.glb-2940559253e8ee532f2cb898abb920e0.scn[39m[0m
[  73% ] [90m[1msavepack[22m | Storing File: res://assets/models/ruined_vault.glb.import[39m[0m
[  74% ] [90m[1msavepack[22m | Storing File: res://.godot/imported/sanctuary_intarsia.glb-fc78226f71a4031be2450a3b74a18609.scn[39m[0m
[  74% ] [90m[1msavepack[22m | Storing File: res://assets/models/sanctuary_intarsia.glb.import[39m[0m
[  74% ] [90m[1msavepack[22m | Storing File: res://.godot/imported/seal_shrine.glb-8ac19114c88a8c00e25731c4f30ac788.scn[39m[0m
[  74% ] [90m[1msavepack[22m | Storing File: res://assets/models/seal_shrine.glb.import[39m[0m
[  74% ] [90m[1msavepack[22m | Storing File: res://.godot/imported/vowkeeper.glb-3d6ebad1e9dfb61f4bd9576d3bff2025.scn[39m[0m
[  74% ] [90m[1msavepack[22m | Storing File: res://assets/models/vowkeeper.glb.import[39m[0m
[  75% ] [90m[1msavepack[22m | Storing File: res://assets/shaders/aged_stone.gdshader[39m[0m
[  75% ] [90m[1msavepack[22m | Storing File: res://assets/shaders/camp_matte.gdshader[39m[0m
[  76% ] [90m[1msavepack[22m | Storing File: res://assets/shaders/camp_paving.gdshader[39m[0m
[  76% ] [90m[1msavepack[22m | Storing File: res://assets/shaders/character_surface.gdshader[39m[0m
[  76% ] [90m[1msavepack[22m | Storing File: res://assets/shaders/combat_telegraph.gdshader[39m[0m
[  77% ] [90m[1msavepack[22m | Storing File: res://assets/shaders/crafted_surface.gdshader[39m[0m
[  77% ] [90m[1msavepack[22m | Storing File: res://assets/shaders/crypt_mist.gdshader[39m[0m
[  78% ] [90m[1msavepack[22m | Storing File: res://assets/shaders/dungeon_atmosphere.gdshader[39m[0m
[  78% ] [90m[1msavepack[22m | Storing File: res://assets/shaders/dungeon_court.gdshader[39m[0m
[  78% ] [90m[1msavepack[22m | Storing File: res://assets/shaders/dungeon_water.gdshader[39m[0m
[  79% ] [90m[1msavepack[22m | Storing File: res://assets/shaders/ember_flame.gdshader[39m[0m
[  79% ] [90m[1msavepack[22m | Storing File: res://assets/shaders/environment_basin.gdshader[39m[0m
[  80% ] [90m[1msavepack[22m | Storing File: res://assets/shaders/forged_surface.gdshader[39m[0m
[  80% ] [90m[1msavepack[22m | Storing File: res://assets/shaders/ground_grime.gdshader[39m[0m
[  80% ] [90m[1msavepack[22m | Storing File: res://assets/shaders/hero_occlusion.gdshader[39m[0m
[  81% ] [90m[1msavepack[22m | Storing File: res://assets/shaders/magic_volume.gdshader[39m[0m
[  81% ] [90m[1msavepack[22m | Storing File: res://assets/shaders/masonry_surface.gdshader[39m[0m
[  82% ] [90m[1msavepack[22m | Storing File: res://scripts/fellowship_service.gdc[39m[0m
[  82% ] [90m[1msavepack[22m | Storing File: res://assets/shaders/painted_stone.gdshader[39m[0m
[  82% ] [90m[1msavepack[22m | Storing File: res://assets/shaders/region_matte.gdshader[39m[0m
[  83% ] [90m[1msavepack[22m | Storing File: res://assets/shaders/ruin_deposit.gdshader[39m[0m
[  83% ] [90m[1msavepack[22m | Storing File: res://assets/shaders/ruin_floor.gdshader[39m[0m
[  83% ] [90m[1msavepack[22m | Storing File: res://assets/shaders/sanctuary_beam.gdshader[39m[0m
[  84% ] [90m[1msavepack[22m | Storing File: res://assets/shaders/sanctuary_glass.gdshader[39m[0m
[  84% ] [90m[1msavepack[22m | Storing File: res://assets/shaders/veil_gate.gdshader[39m[0m
[  85% ] [90m[1msavepack[22m | Storing File: res://assets/shaders/ward_surface.gdshader[39m[0m
[  85% ] [90m[1msavepack[22m | Storing File: res://assets/shaders/weathered_stone.gdshader[39m[0m
[  85% ] [90m[1msavepack[22m | Storing File: res://assets/models/nyra054/QUATERNIUS-CC0-LICENSE.txt[39m[0m
[  86% ] [90m[1msavepack[22m | Storing File: res://.godot/imported/archive.png-0c275731e847baf349ba6c4a8d26a9c8.ctex[39m[0m
[  86% ] [90m[1msavepack[22m | Storing File: res://assets/world/ashen-realms/archive.png.import[39m[0m
[  86% ] [90m[1msavepack[22m | Storing File: res://assets/models/nyra052/OUTFIT-LICENSE.txt[39m[0m
[  87% ] [90m[1msavepack[22m | Storing File: res://.godot/imported/camp.png-cd4448e832b49b45d15605665d6806b7.ctex[39m[0m
[  87% ] [90m[1msavepack[22m | Storing File: res://assets/world/ashen-realms/camp.png.import[39m[0m
[  87% ] [90m[1msavepack[22m | Storing File: res://.godot/exported/133200997/export-bcb0d2eb5949c52b6a65bfe9de3e985b-Main.scn[39m[0m
[  87% ] [90m[1msavepack[22m | Storing File: res://.godot/imported/citadel.png-809923b9d1a4d74a401967c2c8707e8e.ctex[39m[0m
[  87% ] [90m[1msavepack[22m | Storing File: res://assets/world/ashen-realms/citadel.png.import[39m[0m
[  88% ] [90m[1msavepack[22m | Storing File: res://assets/models/classes055/OUTFIT-LICENSE.txt[39m[0m
[  88% ] [90m[1msavepack[22m | Storing File: res://assets/models/nyra052/BASE-LICENSE.txt[39m[0m
[  89% ] [90m[1msavepack[22m | Storing File: res://.godot/imported/ossuary.png-5c7897dc7f87654da5101b72d17d6b4f.ctex[39m[0m
[  89% ] [90m[1msavepack[22m | Storing File: res://assets/world/ashen-realms/ossuary.png.import[39m[0m
[  89% ] [90m[1msavepack[22m | Storing File: res://assets/models/nyra052/ANIMATION-LICENSE.txt[39m[0m
[  89% ] [90m[1msavepack[22m | Storing File: res://.godot/imported/spire.png-8d81d9bb7e5fb7027f24a58564697528.ctex[39m[0m
[  89% ] [90m[1msavepack[22m | Storing File: res://assets/world/ashen-realms/spire.png.import[39m[0m
[  90% ] [90m[1msavepack[22m | Storing File: res://assets/models/raider056/BASE-LICENSE.txt[39m[0m
[  90% ] [90m[1msavepack[22m | Storing File: res://assets/models/classes055/ANIMATION2-LICENSE.txt[39m[0m
[  91% ] [90m[1msavepack[22m | Storing File: res://assets/models/raider056/WEAPON-LICENSE.txt[39m[0m
[  91% ] [90m[1msavepack[22m | Storing File: res://assets/models/raider056/OUTFIT-LICENSE.txt[39m[0m
[  91% ] [90m[1msavepack[22m | Storing File: res://assets/models/raider056/ANIMATION1-LICENSE.txt[39m[0m
[  92% ] [90m[1msavepack[22m | Storing File: res://.godot/imported/app_icon.png-5d640de2395e757a338ed9ab80ddb512.ctex[39m[0m
[  92% ] [90m[1msavepack[22m | Storing File: res://assets/app_icon.png.import[39m[0m
[  92% ] [90m[1msavepack[22m | Storing File: res://.godot/imported/app_icon.svg-178bb982ce83b4c21063f1a6b4ae8feb.ctex[39m[0m
[  92% ] [90m[1msavepack[22m | Storing File: res://assets/app_icon.svg.import[39m[0m
[  93% ] [90m[1msavepack[22m | Storing File: res://assets/fonts/Cinzel-OFL.txt[39m[0m
[  93% ] [90m[1msavepack[22m | Storing File: res://assets/animations/LICENSE-Quaternius.txt[39m[0m
[  93% ] [90m[1msavepack[22m | Storing File: res://assets/models/raider056/ANIMATION2-LICENSE.txt[39m[0m
[  94% ] [90m[1msavepack[22m | Storing File: res://assets/fonts/Lora-OFL.txt[39m[0m
[  94% ] [90m[1msavepack[22m | Storing File: res://scripts/audio_director.gdc[39m[0m
[  95% ] [90m[1msavepack[22m | Storing File: res://scripts/authored_architecture.gdc[39m[0m
[  95% ] [90m[1msavepack[22m | Storing File: res://scripts/authored_characters.gdc[39m[0m
[  95% ] [90m[1msavepack[22m | Storing File: res://scripts/battle_art.gdc[39m[0m
[  96% ] [90m[1msavepack[22m | Storing File: res://scripts/boss_patterns.gdc[39m[0m
[  96% ] [90m[1msavepack[22m | Storing File: res://scripts/camp_scene.gdc[39m[0m
[  97% ] [90m[1msavepack[22m | Storing File: res://scripts/character_animation.gdc[39m[0m
[  97% ] [90m[1msavepack[22m | Storing File: res://scripts/character_rig.gdc[39m[0m
[  97% ] [90m[1msavepack[22m | Storing File: res://scripts/class_avatar_pose.gdc[39m[0m
[  98% ] [90m[1msavepack[22m | Storing File: res://scripts/class_avatar_rig.gdc[39m[0m
[  98% ] [90m[1msavepack[22m | Storing File: res://scripts/class_avatar_style.gdc[39m[0m
[  98% ] [90m[1msavepack[22m | Storing File: res://addons/com.heroiclabs.nakama/api/NakamaAPI.gd.remap[39m[0m
[  98% ] [90m[1msavepack[22m | Storing File: res://addons/com.heroiclabs.nakama/api/NakamaRTAPI.gd.remap[39m[0m
[  98% ] [90m[1msavepack[22m | Storing File: res://addons/com.heroiclabs.nakama/api/NakamaRTMessage.gd.remap[39m[0m
[  98% ] [90m[1msavepack[22m | Storing File: res://addons/com.heroiclabs.nakama/api/NakamaSession.gd.remap[39m[0m
[  98% ] [90m[1msavepack[22m | Storing File: res://addons/com.heroiclabs.nakama/api/NakamaStorageObjectId.gd.remap[39m[0m
[  98% ] [90m[1msavepack[22m | Storing File: res://addons/com.heroiclabs.nakama/api/NakamaWriteStorageObject.gd.remap[39m[0m
[  98% ] [90m[1msavepack[22m | Storing File: res://addons/com.heroiclabs.nakama/client/NakamaClient.gd.remap[39m[0m
[  98% ] [90m[1msavepack[22m | Storing File: res://addons/com.heroiclabs.nakama/client/NakamaHTTPAdapter.gd.remap[39m[0m
[  98% ] [90m[1msavepack[22m | Storing File: res://addons/com.heroiclabs.nakama/Satori/utils/SatoriAsyncResult.gd.remap[39m[0m
[  98% ] [90m[1msavepack[22m | Storing File: res://addons/com.heroiclabs.nakama/Satori/utils/SatoriException.gd.remap[39m[0m
[  98% ] [90m[1msavepack[22m | Storing File: res://addons/com.heroiclabs.nakama/Satori/utils/SatoriLogger.gd.remap[39m[0m
[  98% ] [90m[1msavepack[22m | Storing File: res://addons/com.heroiclabs.nakama/Satori/utils/SatoriSerializer.gd.remap[39m[0m
[  98% ] [90m[1msavepack[22m | Storing File: res://addons/com.heroiclabs.nakama/Satori/Event.gd.remap[39m[0m
[  98% ] [90m[1msavepack[22m | Storing File: res://addons/com.heroiclabs.nakama/Satori/SatoriAPI.gd.remap[39m[0m
[  98% ] [90m[1msavepack[22m | Storing File: res://addons/com.heroiclabs.nakama/Satori/SatoriClient.gd.remap[39m[0m
[  98% ] [90m[1msavepack[22m | Storing File: res://addons/com.heroiclabs.nakama/Satori/SatoriHttpAdapter.gd.remap[39m[0m
[  98% ] [90m[1msavepack[22m | Storing File: res://addons/com.heroiclabs.nakama/Satori/SatoriSession.gd.remap[39m[0m
[  98% ] [90m[1msavepack[22m | Storing File: res://addons/com.heroiclabs.nakama/socket/NakamaSocket.gd.remap[39m[0m
[  98% ] [90m[1msavepack[22m | Storing File: res://addons/com.heroiclabs.nakama/socket/NakamaSocketAdapter.gd.remap[39m[0m
[  98% ] [90m[1msavepack[22m | Storing File: res://addons/com.heroiclabs.nakama/utils/NakamaAsyncResult.gd.remap[39m[0m
[  98% ] [90m[1msavepack[22m | Storing File: res://addons/com.heroiclabs.nakama/utils/NakamaException.gd.remap[39m[0m
[  98% ] [90m[1msavepack[22m | Storing File: res://addons/com.heroiclabs.nakama/utils/NakamaLogger.gd.remap[39m[0m
[  98% ] [90m[1msavepack[22m | Storing File: res://addons/com.heroiclabs.nakama/utils/NakamaMultiplayerBridge.gd.remap[39m[0m
[  98% ] [90m[1msavepack[22m | Storing File: res://addons/com.heroiclabs.nakama/utils/NakamaMultiplayerPeer.gd.remap[39m[0m
[  98% ] [90m[1msavepack[22m | Storing File: res://addons/com.heroiclabs.nakama/utils/NakamaSerializer.gd.remap[39m[0m
[  98% ] [90m[1msavepack[22m | Storing File: res://addons/com.heroiclabs.nakama/Nakama.gd.remap[39m[0m
[  98% ] [90m[1msavepack[22m | Storing File: res://addons/com.heroiclabs.nakama/Satori.gd.remap[39m[0m
[  98% ] [90m[1msavepack[22m | Storing File: res://assets/animations/vowkeeper_sword_foundation.gd.remap[39m[0m
[  98% ] [90m[1msavepack[22m | Storing File: res://scripts/release_info.gd.remap[39m[0m
[  98% ] [90m[1msavepack[22m | Storing File: res://scripts/skill_glyph.gd.remap[39m[0m
[  98% ] [90m[1msavepack[22m | Storing File: res://scripts/source_avatar_style.gd.remap[39m[0m
[  98% ] [90m[1msavepack[22m | Storing File: res://scripts/cloud_save.gd.remap[39m[0m
[  98% ] [90m[1msavepack[22m | Storing File: res://scripts/render_budget.gd.remap[39m[0m
[  98% ] [90m[1msavepack[22m | Storing File: res://scripts/combat_health_bar.gd.remap[39m[0m
[  98% ] [90m[1msavepack[22m | Storing File: res://scripts/dungeon_theme.gd.remap[39m[0m
[  98% ] [90m[1msavepack[22m | Storing File: res://scripts/source_avatar_rig.gd.remap[39m[0m
[  98% ] [90m[1msavepack[22m | Storing File: res://scripts/ruin_architecture.gd.remap[39m[0m
[  98% ] [90m[1msavepack[22m | Storing File: res://scripts/room_ground.gd.remap[39m[0m
[  98% ] [90m[1msavepack[22m | Storing File: res://scripts/ui_glyph.gd.remap[39m[0m
[  98% ] [90m[1msavepack[22m | Storing File: res://scripts/farm_forecast.gd.remap[39m[0m
[  98% ] [90m[1msavepack[22m | Storing File: res://scripts/dungeon_lighting.gd.remap[39m[0m
[  98% ] [90m[1msavepack[22m | Storing File: res://scripts/settings_panel.gd.remap[39m[0m
[  98% ] [90m[1msavepack[22m | Storing File: res://scripts/native_equipment_finish.gd.remap[39m[0m
[  98% ] [90m[1msavepack[22m | Storing File: res://scripts/dungeon_actor.gd.remap[39m[0m
[  98% ] [90m[1msavepack[22m | Storing File: res://scripts/hero_art.gd.remap[39m[0m
[  98% ] [90m[1msavepack[22m | Storing File: res://scripts/combat_readability.gd.remap[39m[0m
[  98% ] [90m[1msavepack[22m | Storing File: res://scripts/source_avatar_combat.gd.remap[39m[0m
[  98% ] [90m[1msavepack[22m | Storing File: res://scripts/class_skills.gd.remap[39m[0m
[  98% ] [90m[1msavepack[22m | Storing File: res://scripts/frame_metrics.gd.remap[39m[0m
[  98% ] [90m[1msavepack[22m | Storing File: res://scripts/hostile_style.gd.remap[39m[0m
[  98% ] [90m[1msavepack[22m | Storing File: res://scripts/raider_avatar_rig.gd.remap[39m[0m
[  98% ] [90m[1msavepack[22m | Storing File: res://scripts/game_preferences.gd.remap[39m[0m
[  98% ] [90m[1msavepack[22m | Storing File: res://scripts/expedition_contract.gd.remap[39m[0m
[  98% ] [90m[1msavepack[22m | Storing File: res://scripts/class_relics.gd.remap[39m[0m
[  98% ] [90m[1msavepack[22m | Storing File: res://scripts/regional_sets.gd.remap[39m[0m
[  98% ] [90m[1msavepack[22m | Storing File: res://scripts/gear_advisor.gd.remap[39m[0m
[  98% ] [90m[1msavepack[22m | Storing File: res://scripts/dungeon_world.gd.remap[39m[0m
[  98% ] [90m[1msavepack[22m | Storing File: res://scripts/offline_farm.gd.remap[39m[0m
[  98% ] [90m[1msavepack[22m | Storing File: res://scripts/expedition_simulation.gd.remap[39m[0m
[  98% ] [90m[1msavepack[22m | Storing File: res://scripts/playtest_notes.gd.remap[39m[0m
[  98% ] [90m[1msavepack[22m | Storing File: res://scripts/source_avatar_evade.gd.remap[39m[0m
[  98% ] [90m[1msavepack[22m | Storing File: res://scripts/save_store.gd.remap[39m[0m
[  98% ] [90m[1msavepack[22m | Storing File: res://scripts/progression_service.gd.remap[39m[0m
[  98% ] [90m[1msavepack[22m | Storing File: res://scripts/class_loot.gd.remap[39m[0m
[  98% ] [90m[1msavepack[22m | Storing File: res://scripts/main.gd.remap[39m[0m
[  98% ] [90m[1msavepack[22m | Storing File: res://scripts/oath_combat_rules.gd.remap[39m[0m
[  98% ] [90m[1msavepack[22m | Storing File: res://scripts/combat_stances.gd.remap[39m[0m
[  98% ] [90m[1msavepack[22m | Storing File: res://scripts/sculpted_mesh.gd.remap[39m[0m
[  98% ] [90m[1msavepack[22m | Storing File: res://scripts/dungeon_layout.gd.remap[39m[0m
[  98% ] [90m[1msavepack[22m | Storing File: res://scripts/combat_readout.gd.remap[39m[0m
[  98% ] [90m[1msavepack[22m | Storing File: res://scripts/mobile_safe_area.gd.remap[39m[0m
[  98% ] [90m[1msavepack[22m | Storing File: res://scripts/expedition_map.gd.remap[39m[0m
[  98% ] [90m[1msavepack[22m | Storing File: res://scripts/regional_stage.gd.remap[39m[0m
[  98% ] [90m[1msavepack[22m | Storing File: res://scripts/fellowship_service.gd.remap[39m[0m
[  98% ] [90m[1msavepack[22m | Storing File: res://Main.tscn.remap[39m[0m
[  98% ] [90m[1msavepack[22m | Storing File: res://scripts/audio_director.gd.remap[39m[0m
[  98% ] [90m[1msavepack[22m | Storing File: res://scripts/authored_architecture.gd.remap[39m[0m
[  98% ] [90m[1msavepack[22m | Storing File: res://scripts/authored_characters.gd.remap[39m[0m
[  98% ] [90m[1msavepack[22m | Storing File: res://scripts/battle_art.gd.remap[39m[0m
[  98% ] [90m[1msavepack[22m | Storing File: res://scripts/boss_patterns.gd.remap[39m[0m
[  98% ] [90m[1msavepack[22m | Storing File: res://scripts/camp_scene.gd.remap[39m[0m
[  98% ] [90m[1msavepack[22m | Storing File: res://scripts/character_animation.gd.remap[39m[0m
[  98% ] [90m[1msavepack[22m | Storing File: res://scripts/character_rig.gd.remap[39m[0m
[  98% ] [90m[1msavepack[22m | Storing File: res://scripts/class_avatar_pose.gd.remap[39m[0m
[  98% ] [90m[1msavepack[22m | Storing File: res://scripts/class_avatar_rig.gd.remap[39m[0m
[  98% ] [90m[1msavepack[22m | Storing File: res://scripts/class_avatar_style.gd.remap[39m[0m
[  98% ] [90m[1msavepack[22m | Storing File: res://.godot/global_script_class_cache.cfg[39m[0m
[  98% ] [90m[1msavepack[22m | Storing File: res://assets/app_icon.png[39m[0m
[  98% ] [90m[1msavepack[22m | Storing File: res://.godot/uid_cache.bin[39m[0m
[  98% ] [90m[1msavepack[22m | Storing File: res://project.binary[39m[0m
[92m[ DONE ][39m [1msavepack[22m
[0m
Unable to open Android 'build-tools' directory.
