2026-10-07T20:24:33.3083095Z Version: 20261002.596
2026-10-07T20:24:33.3099228Z Version: 20261004.327.1
2026-10-07T20:27:08.2347998Z EXPORTED AVATAR SMOKE: 60 checks, 0 failures
2026-10-07T20:27:08.8710582Z Ran 59 tests in 0.189s
2026-10-07T20:27:48.6140514Z PASS BETA FLOW SMOKE: 46 checks
2026-10-07T20:27:53.7083681Z PASS COMBAT STANCES SMOKE: 140 checks
2026-10-07T20:27:56.8515307Z PASS COMBAT MOVEMENT SMOKE: 8 checks
2026-10-07T20:29:05.7252704Z PASS JOURNEY SMOKE: 413 checks
2026-10-07T20:32:26.9314618Z PASS DUNGEON SMOKE: 55 checks
2026-10-07T20:32:42.1665141Z PASS PERSISTENCE SMOKE: 89 checks
2026-10-07T20:33:03.0703199Z PASS ARCANE TACTICS SMOKE: 29 checks
2026-10-07T20:33:40.8962359Z PASS BOSS PATTERNS SMOKE: 122 checks
2026-10-07T20:33:45.2521969Z PASS CLASS LOOT SMOKE: 29 checks
2026-10-07T20:34:19.7529624Z PASS CONTRACTS SMOKE: 68 checks
2026-10-07T20:34:39.2500484Z PASS COMBINED OATHS / PHASES SMOKE: 338 checks
2026-10-07T20:34:52.2475342Z PASS MAIN COMBINED RULES SMOKE: 156 checks
2026-10-07T20:35:44.8527419Z PASS GEAR / FORECAST SMOKE: 38 checks
2026-10-07T20:35:51.7201553Z PASS GEAR GOALS SMOKE: 114 checks
2026-10-07T20:36:04.3501991Z PASS REGIONS SMOKE: 36 checks
2026-10-07T20:36:14.3848174Z PASS ONBOARDING SMOKE: 19 checks
2026-10-07T20:36:18.1823003Z PASS SUCCESS LOOP SMOKE: 87 checks
2026-10-07T20:36:21.0449754Z PASS RECOVERY SMOKE: 48 checks
2026-10-07T20:36:28.3756925Z PASS OPTIONS SMOKE: 82 checks
2026-10-07T20:36:50.9561657Z PASS SKILL ROTATION SMOKE: 135 checks
2026-10-07T20:36:59.7807444Z PASS VISUALS SMOKE: 73 checks
2026-10-07T20:37:27.3830199Z PASS WORLD FRAMING SMOKE: 900 checks
2026-10-07T20:37:38.2414878Z PASS AUTHORED ART SMOKE: 105 checks
2026-10-07T20:37:44.4579273Z PASS CHARACTER EQUIPMENT SMOKE: 48 checks
2026-10-07T20:37:50.3927256Z PASS NATIVE EQUIPMENT FINISH SMOKE: 129 checks
2026-10-07T20:38:01.5402291Z PASS PRESENTATION SMOKE: 188 checks
2026-10-07T20:38:02.0720455Z PASS FRAME METRICS SMOKE: 10 checks
2026-10-07T20:38:02.6959556Z PASS ROOM GROUND SMOKE: 19 checks
2026-10-07T20:38:29.4568017Z PASS CHARACTER THREE D SMOKE: 168 checks
2026-10-07T20:38:33.1556961Z PASS SOURCE AVATAR: 39 checks
2026-10-07T20:38:37.0392513Z PASS SOURCE AVATAR GRIP: 296 checks
2026-10-07T20:38:46.8805530Z PASS SOURCE AVATAR ATTACK: 172 checks
2026-10-07T20:38:50.8590367Z PASS SOURCE AVATAR ATTACK CONTACT SMOKE: 295 checks
2026-10-07T20:39:06.1872954Z PASS SOURCE AVATAR EVADE SMOKE: 1729 checks
2026-10-07T20:39:13.7984864Z PASS NATIVE MOTION TRANSITION SMOKE: 706 checks
2026-10-07T20:39:17.1276710Z PASS RAIDER NATIVE SMOKE: 324 checks
2026-10-07T20:39:31.7998489Z PASS NATIVE HOSTILE SMOKE: 3775 checks
2026-10-07T20:39:35.4108006Z PASS COMBAT OCCLUSION SMOKE: 25 checks
2026-10-07T20:39:43.4959932Z PASS RENDER BUDGET SMOKE: 287 checks
2026-10-07T20:39:46.9178572Z PASS SOURCE AVATAR STYLE SMOKE: 135 checks
2026-10-07T20:39:51.8314497Z PASS AVATAR ATTIRE QUALITY SMOKE: 306 checks
2026-10-07T20:39:58.4173148Z PASS CLASS AVATAR QUALITY SMOKE: 398 checks
2026-10-07T20:40:11.3246872Z PASS GUARDIAN PRESENTATION SMOKE: 278 checks
2026-10-07T20:40:19.2104373Z PASS HOSTILE QUALITY SMOKE: 96 checks
2026-10-07T20:40:29.7041088Z PASS DUNGEON LIGHTING SMOKE: 60 checks
2026-10-07T20:40:31.4453745Z PASS COMBAT AUDIO SMOKE: 61 checks
2026-10-07T20:40:33.0928862Z PASS NATIVE CAPTURE AUDIO SMOKE: 79 checks
2026-10-07T20:41:05.4405003Z PASS ANIMATION CRAFT SMOKE: 74 checks
2026-10-07T20:41:23.8403198Z PASS CAMP HUD SMOKE: 44 checks
2026-10-07T20:41:43.3637864Z PASS COMBAT READABILITY SMOKE: 57 checks
2026-10-07T20:41:47.2517614Z PASS FELLOWSHIP UI SMOKE: 11 checks
2026-10-07T20:41:47.7826206Z PASS CLOUD IDENTITY SMOKE: 14 checks
2026-10-07T20:41:53.4625103Z PASS MANA WARD SMOKE: 27 checks
2026-10-07T20:41:53.4626783Z PROGRESSION RUNTIME: server-owned profile, bounded AFK settlement, allowlists, inventory and replay protection passed.
2026-10-07T20:41:53.4627721Z BETA CHECKS: 53 Godot suites, 12980 checks, 0 failures
