[
  {
    "workflow": "Gameplay Quality",
    "run": 37680231176,
    "attempt": 1,
    "status": "in_progress",
    "conclusion": null,
    "job_status": "in_progress",
    "job_conclusion": null
  },
  {
    "workflow": "Android Debug APK",
    "run": 37680231278,
    "attempt": 1,
    "status": "in_progress",
    "conclusion": null,
    "job_status": "in_progress",
    "job_conclusion": null
  },
  {
    "workflow": "Android Beta Runtime",
    "run": 37680231428,
    "attempt": 1,
    "status": "in_progress",
    "conclusion": null,
    "job_status": "in_progress",
    "job_conclusion": null
  }
]
