Godot Engine v4.7.2.stable.official.ed1daf0bf - https://godotengine.org

ERROR: Arcanist real cancelled entry 0.32: held real transition/recoil is bit-identical and never compounds
   at: push_error (core/variant/variant_utility.cpp:1023)
   GDScript backtrace (most recent call first):
       [0] check (res://tests/source_avatar_grip_smoke.gd:22)
       [1] held_actual_frame (res://tests/native_motion_transition_smoke.gd:29)
       [2] audit_native_sequence (res://tests/native_motion_transition_smoke.gd:111)
       [3] run (res://tests/native_motion_transition_smoke.gd:139)
ERROR: Arcanist real cancelled entry 0.67: held real transition/recoil is bit-identical and never compounds
   at: push_error (core/variant/variant_utility.cpp:1023)
   GDScript backtrace (most recent call first):
       [0] check (res://tests/source_avatar_grip_smoke.gd:22)
       [1] held_actual_frame (res://tests/native_motion_transition_smoke.gd:29)
       [2] audit_native_sequence (res://tests/native_motion_transition_smoke.gd:111)
       [3] run (res://tests/native_motion_transition_smoke.gd:139)
ERROR: Arcanist real cancelled entry 0.93: held real transition/recoil is bit-identical and never compounds
   at: push_error (core/variant/variant_utility.cpp:1023)
   GDScript backtrace (most recent call first):
       [0] check (res://tests/source_avatar_grip_smoke.gd:22)
       [1] held_actual_frame (res://tests/native_motion_transition_smoke.gd:29)
       [2] audit_native_sequence (res://tests/native_motion_transition_smoke.gd:111)
       [3] run (res://tests/native_motion_transition_smoke.gd:139)
ERROR: Ranger real cancelled entry 0.32: held real transition/recoil is bit-identical and never compounds
   at: push_error (core/variant/variant_utility.cpp:1023)
   GDScript backtrace (most recent call first):
       [0] check (res://tests/source_avatar_grip_smoke.gd:22)
       [1] held_actual_frame (res://tests/native_motion_transition_smoke.gd:29)
       [2] audit_native_sequence (res://tests/native_motion_transition_smoke.gd:111)
       [3] run (res://tests/native_motion_transition_smoke.gd:139)
ERROR: Ranger real cancelled entry 0.67: held real transition/recoil is bit-identical and never compounds
   at: push_error (core/variant/variant_utility.cpp:1023)
   GDScript backtrace (most recent call first):
       [0] check (res://tests/source_avatar_grip_smoke.gd:22)
       [1] held_actual_frame (res://tests/native_motion_transition_smoke.gd:29)
       [2] audit_native_sequence (res://tests/native_motion_transition_smoke.gd:111)
       [3] run (res://tests/native_motion_transition_smoke.gd:139)
ERROR: Vowkeeper real cancelled entry 0.32: held real transition/recoil is bit-identical and never compounds
   at: push_error (core/variant/variant_utility.cpp:1023)
   GDScript backtrace (most recent call first):
       [0] check (res://tests/source_avatar_grip_smoke.gd:22)
       [1] held_actual_frame (res://tests/native_motion_transition_smoke.gd:29)
       [2] audit_native_sequence (res://tests/native_motion_transition_smoke.gd:111)
       [3] run (res://tests/native_motion_transition_smoke.gd:139)
ERROR: Vowkeeper real cancelled entry 0.67: held real transition/recoil is bit-identical and never compounds
   at: push_error (core/variant/variant_utility.cpp:1023)
   GDScript backtrace (most recent call first):
       [0] check (res://tests/source_avatar_grip_smoke.gd:22)
       [1] held_actual_frame (res://tests/native_motion_transition_smoke.gd:29)
       [2] audit_native_sequence (res://tests/native_motion_transition_smoke.gd:111)
       [3] run (res://tests/native_motion_transition_smoke.gd:139)
ERROR: Vowkeeper real cancelled entry 0.93: held real transition/recoil is bit-identical and never compounds
   at: push_error (core/variant/variant_utility.cpp:1023)
   GDScript backtrace (most recent call first):
       [0] check (res://tests/source_avatar_grip_smoke.gd:22)
       [1] held_actual_frame (res://tests/native_motion_transition_smoke.gd:29)
       [2] audit_native_sequence (res://tests/native_motion_transition_smoke.gd:111)
       [3] run (res://tests/native_motion_transition_smoke.gd:139)
NATIVE MOTION TRANSITION METRICS {"Arcanist":{"actual_release_maximum_quaternion_component_jump":0.0,"actual_release_native65_continuous":true,"cancel_cases":[{"chest_entry_jump_m":0.000000238418579101562,"maximum_cancel_ankle_world_jump_m":0.000000337257091587162,"maximum_escape_weapon_frame_step_m":0.123131677508354,"normalized_cancel_phase":0.32,"weapon_entry_jump_m":0.000000476837158203125},{"chest_entry_jump_m":0.000000357627868652344,"maximum_cancel_ankle_world_jump_m":0.000000448274874997878,"maximum_escape_weapon_frame_step_m":0.134111523628235,"normalized_cancel_phase":0.67,"weapon_entry_jump_m":0.000000238418579101562},{"chest_entry_jump_m":0.000000357627868652344,"maximum_cancel_ankle_world_jump_m":0.000000155572692506212,"maximum_escape_weapon_frame_step_m":0.150218635797501,"normalized_cancel_phase":0.93,"weapon_entry_jump_m":0.000000320980831247653}],"ordinary_walk_cast_entire_sampled_phrase_maximum_weapon_step_m":0.0526629909873009,"ordinary_walk_cast_first9frames_maximum_weapon_step_m":0.0526629909873009,"ordinary_walk_cast_maximum_chest_step_m":0.0526633933186531,"ranger_full_draw_hook_to_native_head_height_m":0.0},"Ranger":{"actual_release_maximum_quaternion_component_jump":0.0,"actual_release_native65_continuous":true,"cancel_cases":[{"chest_entry_jump_m":0.000000357687270025053,"maximum_cancel_ankle_world_jump_m":0.000000290859048845959,"maximum_escape_weapon_frame_step_m":0.261915028095245,"normalized_cancel_phase":0.32,"weapon_entry_jump_m":0.000000478928029679082},{"chest_entry_jump_m":0.000000357627868652344,"maximum_cancel_ankle_world_jump_m":0.000000133280039449346,"maximum_escape_weapon_frame_step_m":0.264932304620743,"normalized_cancel_phase":0.67,"weapon_entry_jump_m":0.000000238418579101562},{"chest_entry_jump_m":0.000000119209289550781,"maximum_cancel_ankle_world_jump_m":0.000000139983697522439,"maximum_escape_weapon_frame_step_m":0.264575004577637,"normalized_cancel_phase":0.93,"weapon_entry_jump_m":0.000000238418579101562}],"ordinary_walk_cast_entire_sampled_phrase_maximum_weapon_step_m":0.131485998630524,"ordinary_walk_cast_first9frames_maximum_weapon_step_m":0.131485998630524,"ordinary_walk_cast_maximum_chest_step_m":0.0379648096859455,"ranger_full_draw_hook_to_native_head_height_m":0.0415750741958618},"Vowkeeper":{"actual_release_maximum_quaternion_component_jump":0.0000000596046447753906,"actual_release_native65_continuous":true,"cancel_cases":[{"chest_entry_jump_m":0.000000238418579101562,"maximum_cancel_ankle_world_jump_m":0.000000133488128994941,"maximum_escape_weapon_frame_step_m":0.131111487746239,"normalized_cancel_phase":0.32,"weapon_entry_jump_m":0.000000565459288282},{"chest_entry_jump_m":0.0,"maximum_cancel_ankle_world_jump_m":0.000000195568873095908,"maximum_escape_weapon_frame_step_m":0.282388925552368,"normalized_cancel_phase":0.67,"weapon_entry_jump_m":0.000000292001942625575},{"chest_entry_jump_m":0.000000119209289550781,"maximum_cancel_ankle_world_jump_m":0.000000520954927196726,"maximum_escape_weapon_frame_step_m":0.21915628015995,"normalized_cancel_phase":0.93,"weapon_entry_jump_m":0.00000038165595128703}],"ordinary_walk_cast_entire_sampled_phrase_maximum_weapon_step_m":0.478004842996597,"ordinary_walk_cast_first9frames_maximum_weapon_step_m":0.20180569589138,"ordinary_walk_cast_maximum_chest_step_m":0.0470102950930595,"ranger_full_draw_hook_to_native_head_height_m":0.0}}
NATIVE MOTION TRANSITION SMOKE: 706 checks, 8 failures
