Godot Engine v4.7.2.stable.official.ed1daf0bf - https://godotengine.org

NATIVE_WALK_METRIC Vowkeeper boot_probes=714 stable_samples=94 max_world_stance_drift=0.00000065361598 min_world_boot_y=-0.02019043825567 max_world_free_lift=0.13943164050579
NATIVE_RIGID_PROP_METRIC Vowkeeper surfaces=4 max_world_length_error=0.00000089406967
NATIVE_COLLAPSE_TRACE Vowkeeper [{"drop_from_original_guard":-0.207346439361572,"time":0.0,"world_head_y":1.77190566062927},{"drop_from_original_guard":0.072771430015564,"time":0.22,"world_head_y":1.49178779125214},{"drop_from_original_guard":0.253458499908447,"time":0.3,"world_head_y":1.31110072135925},{"drop_from_original_guard":1.29831638932228,"time":0.45,"world_head_y":0.266242831945419},{"drop_from_original_guard":1.26804625988007,"time":0.6,"world_head_y":0.296512961387634},{"drop_from_original_guard":1.27455964684486,"time":0.68,"world_head_y":0.289999574422836},{"drop_from_original_guard":1.27470254898071,"time":0.75,"world_head_y":0.289856672286987},{"drop_from_original_guard":1.27520310878754,"time":0.9,"world_head_y":0.289356112480164}]
NATIVE_WALK_METRIC Arcanist boot_probes=356 stable_samples=94 max_world_stance_drift=0.00000052047517 min_world_boot_y=-0.02127665095031 max_world_free_lift=0.13630823791027
NATIVE_RIGID_PROP_METRIC Arcanist surfaces=5 max_world_length_error=0.00000083446503
NATIVE_COLLAPSE_TRACE Arcanist [{"drop_from_original_guard":0.00235724449157715,"time":0.0,"world_head_y":1.77553737163544},{"drop_from_original_guard":0.296566247940063,"time":0.22,"world_head_y":1.48132836818695},{"drop_from_original_guard":0.463419556617737,"time":0.3,"world_head_y":1.31447505950928},{"drop_from_original_guard":1.51165178418159,"time":0.45,"world_head_y":0.266242831945419},{"drop_from_original_guard":1.51022839546204,"time":0.6,"world_head_y":0.267666220664978},{"drop_from_original_guard":1.51676398515701,"time":0.68,"world_head_y":0.261130630970001},{"drop_from_original_guard":1.51690971851349,"time":0.75,"world_head_y":0.260984897613525},{"drop_from_original_guard":1.51741635799408,"time":0.9,"world_head_y":0.260478258132935}]
NATIVE_WALK_METRIC Ranger boot_probes=714 stable_samples=94 max_world_stance_drift=0.00000057364633 min_world_boot_y=-0.02019044198096 max_world_free_lift=0.13940250873566
NATIVE_RIGID_PROP_METRIC Ranger surfaces=2 max_world_length_error=0.00000023841858
NATIVE_COLLAPSE_TRACE Ranger [{"drop_from_original_guard":0.00226390361785889,"time":0.0,"world_head_y":1.77190566062927},{"drop_from_original_guard":0.282381772994995,"time":0.22,"world_head_y":1.49178779125214},{"drop_from_original_guard":0.463068842887878,"time":0.3,"world_head_y":1.31110072135925},{"drop_from_original_guard":1.53684788942337,"time":0.45,"world_head_y":0.237321674823761},{"drop_from_original_guard":1.4776566028595,"time":0.6,"world_head_y":0.296512961387634},{"drop_from_original_guard":1.4841699898243,"time":0.68,"world_head_y":0.289999574422836},{"drop_from_original_guard":1.48431289196014,"time":0.75,"world_head_y":0.289856672286987},{"drop_from_original_guard":1.48481345176697,"time":0.9,"world_head_y":0.289356112480164}]
NATIVE_WALK_METRIC raider boot_probes=346 stable_samples=94 max_world_stance_drift=0.0000004298152 min_world_boot_y=-0.01883587427437 max_world_free_lift=0.12961088120937
NATIVE_RIGID_PROP_METRIC raider surfaces=4 max_world_length_error=0.0000005364418
NATIVE_COLLAPSE_TRACE raider [{"drop_from_original_guard":-0.00268018245697021,"time":0.0,"world_head_y":1.66229581832886},{"drop_from_original_guard":0.070813775062561,"time":0.22,"world_head_y":1.58880186080933},{"drop_from_original_guard":0.260308980941772,"time":0.3,"world_head_y":1.39930665493011},{"drop_from_original_guard":1.44932249188423,"time":0.45,"world_head_y":0.210293143987656},{"drop_from_original_guard":1.36644172668457,"time":0.6,"world_head_y":0.293173909187317},{"drop_from_original_guard":1.3739897608757,"time":0.68,"world_head_y":0.285625874996185},{"drop_from_original_guard":1.37410515546799,"time":0.75,"world_head_y":0.2855104804039},{"drop_from_original_guard":1.37463575601578,"time":0.9,"world_head_y":0.28497987985611}]
NATIVE_WALK_METRIC bulwark boot_probes=346 stable_samples=96 max_world_stance_drift=0.00000048060576 min_world_boot_y=-0.02033667638898 max_world_free_lift=0.14411735534668
NATIVE_RIGID_PROP_METRIC bulwark surfaces=4 max_world_length_error=0.00000051409006
NATIVE_COLLAPSE_TRACE bulwark [{"drop_from_original_guard":-0.00286710262298584,"time":0.0,"world_head_y":1.77826642990112},{"drop_from_original_guard":0.0757541656494141,"time":0.22,"world_head_y":1.69964516162872},{"drop_from_original_guard":0.278469443321228,"time":0.3,"world_head_y":1.49692988395691},{"drop_from_original_guard":1.50900167226791,"time":0.45,"world_head_y":0.266397655010223},{"drop_from_original_guard":1.42916077375412,"time":0.6,"world_head_y":0.346238553524017},{"drop_from_original_guard":1.43706169724464,"time":0.68,"world_head_y":0.338337630033493},{"drop_from_original_guard":1.4371851682663,"time":0.75,"world_head_y":0.338214159011841},{"drop_from_original_guard":1.43775281310081,"time":0.9,"world_head_y":0.337646514177322}]
NATIVE_WALK_METRIC hexer boot_probes=346 stable_samples=94 max_world_stance_drift=0.00000047712808 min_world_boot_y=-0.01883573271334 max_world_free_lift=0.12960182130337
NATIVE_RIGID_PROP_METRIC hexer surfaces=5 max_world_length_error=0.00000068545341
NATIVE_COLLAPSE_TRACE hexer [{"drop_from_original_guard":0.00331974029541016,"time":0.0,"world_head_y":1.87335062026978},{"drop_from_original_guard":0.287871479988098,"time":0.22,"world_head_y":1.58879888057709},{"drop_from_original_guard":0.477366209030151,"time":0.3,"world_head_y":1.39930415153503},{"drop_from_original_guard":1.57422959804535,"time":0.45,"world_head_y":0.302440762519836},{"drop_from_original_guard":1.55301257967949,"time":0.6,"world_head_y":0.323657780885696},{"drop_from_original_guard":1.56039822101593,"time":0.68,"world_head_y":0.316272139549255},{"drop_from_original_guard":1.56051361560822,"time":0.75,"world_head_y":0.31615674495697},{"drop_from_original_guard":1.56104424595833,"time":0.9,"world_head_y":0.315626114606857}]
NATIVE_WALK_METRIC elite boot_probes=346 stable_samples=96 max_world_stance_drift=0.00000048060576 min_world_boot_y=-0.02033667638898 max_world_free_lift=0.14411735534668
NATIVE_RIGID_PROP_METRIC elite surfaces=4 max_world_length_error=0.00000029802322
NATIVE_COLLAPSE_TRACE elite [{"drop_from_original_guard":-0.00286710262298584,"time":0.0,"world_head_y":1.77826642990112},{"drop_from_original_guard":0.0757541656494141,"time":0.22,"world_head_y":1.69964516162872},{"drop_from_original_guard":0.278469443321228,"time":0.3,"world_head_y":1.49692988395691},{"drop_from_original_guard":1.50900167226791,"time":0.45,"world_head_y":0.266397655010223},{"drop_from_original_guard":1.42916077375412,"time":0.6,"world_head_y":0.346238553524017},{"drop_from_original_guard":1.43706169724464,"time":0.68,"world_head_y":0.338337630033493},{"drop_from_original_guard":1.4371851682663,"time":0.75,"world_head_y":0.338214159011841},{"drop_from_original_guard":1.43775281310081,"time":0.9,"world_head_y":0.337646514177322}]
ERROR: FAIL: guardian_0: native walking keeps the actually weighted loaded sole on the floor while the other original boot visibly clears it
   at: push_error (core/variant/variant_utility.cpp:1023)
   GDScript backtrace (most recent call first):
       [0] check (res://tests/character_3d_smoke.gd:14)
       [1] check_source_walk (res://tests/character_3d_smoke.gd:347)
       [2] check_source_avatar (res://tests/character_3d_smoke.gd:241)
       [3] run_checks (res://tests/character_3d_smoke.gd:48)
NATIVE_WALK_METRIC guardian_0 boot_probes=346 stable_samples=101 max_world_stance_drift=0.00000120367815 min_world_boot_y=-0.04010483250022 max_world_free_lift=0.28530550003052
NATIVE_RIGID_PROP_METRIC guardian_0 surfaces=2 max_world_length_error=0.00000143051147
NATIVE_COLLAPSE_TRACE guardian_0 [{"drop_from_original_guard":-0.00573420524597168,"time":0.0,"world_head_y":3.55653285980225},{"drop_from_original_guard":0.151508331298828,"time":0.22,"world_head_y":3.39929032325745},{"drop_from_original_guard":0.556938886642456,"time":0.3,"world_head_y":2.99385976791382},{"drop_from_original_guard":3.01800334453583,"time":0.45,"world_head_y":0.532795310020447},{"drop_from_original_guard":2.85832154750824,"time":0.6,"world_head_y":0.692477107048035},{"drop_from_original_guard":2.87412339448929,"time":0.68,"world_head_y":0.676675260066986},{"drop_from_original_guard":2.87437033653259,"time":0.75,"world_head_y":0.676428318023682},{"drop_from_original_guard":2.87550562620163,"time":0.9,"world_head_y":0.675293028354645}]
ERROR: FAIL: guardian_1: native walking keeps the actually weighted loaded sole on the floor while the other original boot visibly clears it
   at: push_error (core/variant/variant_utility.cpp:1023)
   GDScript backtrace (most recent call first):
       [0] check (res://tests/character_3d_smoke.gd:14)
       [1] check_source_walk (res://tests/character_3d_smoke.gd:347)
       [2] check_source_avatar (res://tests/character_3d_smoke.gd:241)
       [3] run_checks (res://tests/character_3d_smoke.gd:48)
NATIVE_WALK_METRIC guardian_1 boot_probes=346 stable_samples=101 max_world_stance_drift=0.00000120367815 min_world_boot_y=-0.04010483250022 max_world_free_lift=0.28530550003052
NATIVE_RIGID_PROP_METRIC guardian_1 surfaces=5 max_world_length_error=0.00000166893005
NATIVE_COLLAPSE_TRACE guardian_1 [{"drop_from_original_guard":0.00710248947143555,"time":0.0,"world_head_y":4.00809860229492},{"drop_from_original_guard":0.615910768508911,"time":0.22,"world_head_y":3.39929032325745},{"drop_from_original_guard":1.02134132385254,"time":0.3,"world_head_y":2.99385976791382},{"drop_from_original_guard":3.36811858415604,"time":0.45,"world_head_y":0.647082507610321},{"drop_from_original_guard":3.32272398471832,"time":0.6,"world_head_y":0.692477107048035},{"drop_from_original_guard":3.33852583169937,"time":0.68,"world_head_y":0.676675260066986},{"drop_from_original_guard":3.33877277374268,"time":0.75,"world_head_y":0.676428318023682},{"drop_from_original_guard":3.33990806341171,"time":0.9,"world_head_y":0.675293028354645}]
ERROR: FAIL: guardian_2: native walking keeps the actually weighted loaded sole on the floor while the other original boot visibly clears it
   at: push_error (core/variant/variant_utility.cpp:1023)
   GDScript backtrace (most recent call first):
       [0] check (res://tests/character_3d_smoke.gd:14)
       [1] check_source_walk (res://tests/character_3d_smoke.gd:347)
       [2] check_source_avatar (res://tests/character_3d_smoke.gd:241)
       [3] run_checks (res://tests/character_3d_smoke.gd:48)
NATIVE_WALK_METRIC guardian_2 boot_probes=346 stable_samples=101 max_world_stance_drift=0.00000120367815 min_world_boot_y=-0.04010483250022 max_world_free_lift=0.28530550003052
NATIVE_RIGID_PROP_METRIC guardian_2 surfaces=5 max_world_length_error=0.00000092387199
NATIVE_COLLAPSE_TRACE guardian_2 [{"drop_from_original_guard":0.00710248947143555,"time":0.0,"world_head_y":4.00809860229492},{"drop_from_original_guard":0.615910768508911,"time":0.22,"world_head_y":3.39929032325745},{"drop_from_original_guard":1.02134132385254,"time":0.3,"world_head_y":2.99385976791382},{"drop_from_original_guard":3.36811858415604,"time":0.45,"world_head_y":0.647082507610321},{"drop_from_original_guard":3.32272398471832,"time":0.6,"world_head_y":0.692477107048035},{"drop_from_original_guard":3.33852583169937,"time":0.68,"world_head_y":0.676675260066986},{"drop_from_original_guard":3.33877277374268,"time":0.75,"world_head_y":0.676428318023682},{"drop_from_original_guard":3.33990806341171,"time":0.9,"world_head_y":0.675293028354645}]
ERROR: FAIL: guardian_3: native walking keeps the actually weighted loaded sole on the floor while the other original boot visibly clears it
   at: push_error (core/variant/variant_utility.cpp:1023)
   GDScript backtrace (most recent call first):
       [0] check (res://tests/character_3d_smoke.gd:14)
       [1] check_source_walk (res://tests/character_3d_smoke.gd:347)
       [2] check_source_avatar (res://tests/character_3d_smoke.gd:241)
       [3] run_checks (res://tests/character_3d_smoke.gd:48)
NATIVE_WALK_METRIC guardian_3 boot_probes=346 stable_samples=101 max_world_stance_drift=0.00000120367815 min_world_boot_y=-0.04010483250022 max_world_free_lift=0.28530550003052
NATIVE_RIGID_PROP_METRIC guardian_3 surfaces=3 max_world_length_error=0.00000059604645
NATIVE_COLLAPSE_TRACE guardian_3 [{"drop_from_original_guard":-0.00573420524597168,"time":0.0,"world_head_y":3.55653285980225},{"drop_from_original_guard":0.151508331298828,"time":0.22,"world_head_y":3.39929032325745},{"drop_from_original_guard":0.556938886642456,"time":0.3,"world_head_y":2.99385976791382},{"drop_from_original_guard":3.01800334453583,"time":0.45,"world_head_y":0.532795310020447},{"drop_from_original_guard":2.85832154750824,"time":0.6,"world_head_y":0.692477107048035},{"drop_from_original_guard":2.87412339448929,"time":0.68,"world_head_y":0.676675260066986},{"drop_from_original_guard":2.87437033653259,"time":0.75,"world_head_y":0.676428318023682},{"drop_from_original_guard":2.87550562620163,"time":0.9,"world_head_y":0.675293028354645}]
NATIVE_BOW_RELEASE_METRIC line_distance=0.0; nock_join=0.0; bow_grip_distance=0.0130640855059; draw_hand_outward=0.11010603606701; arrow_visible=false
ERROR: FAIL: real string returns to its endpoint line while the named bow hand holds aim and native draw hand follows through outward; side=0.11010603606701
   at: push_error (core/variant/variant_utility.cpp:1023)
   GDScript backtrace (most recent call first):
       [0] check (res://tests/character_3d_smoke.gd:14)
       [1] check_native_bow_release (res://tests/character_3d_smoke.gd:470)
       [2] run_checks (res://tests/character_3d_smoke.gd:170)
CHARACTER THREE D SMOKE: 168 checks, 5 failures
