Godot Engine v4.7.2.stable.official.ed1daf0bf - https://godotengine.org

PASS: Vowkeeper: own exported character appearance
PASS: Vowkeeper: finite geometry and normals fit the animated joint contract
PASS: Vowkeeper: character geometry remains within the 40k triangle ceiling (36378)
PASS: Arcanist: own exported character appearance
PASS: Arcanist: finite geometry and normals fit the animated joint contract
PASS: Arcanist: character geometry remains within the 40k triangle ceiling (36376)
PASS: Ranger: own exported character appearance
PASS: Ranger: finite geometry and normals fit the animated joint contract
PASS: Ranger: character geometry remains within the 40k triangle ceiling (36380)
PASS: raider: own exported character appearance
PASS: raider: finite geometry and normals fit the animated joint contract
PASS: raider: character geometry remains within the 40k triangle ceiling (20343)
PASS: hexer: own exported character appearance
PASS: hexer: finite geometry and normals fit the animated joint contract
PASS: hexer: character geometry remains within the 40k triangle ceiling (35903)
PASS: bulwark: own exported character appearance
PASS: bulwark: finite geometry and normals fit the animated joint contract
PASS: bulwark: character geometry remains within the 40k triangle ceiling (25140)
PASS: elite: own exported character appearance
PASS: elite: finite geometry and normals fit the animated joint contract
PASS: elite: character geometry remains within the 40k triangle ceiling (23660)
PASS: guardian_0: own exported character appearance
PASS: guardian_0: finite geometry and normals fit the animated joint contract
PASS: guardian_0: character geometry remains within the 40k triangle ceiling (34428)
PASS: guardian_1: own exported character appearance
PASS: guardian_1: finite geometry and normals fit the animated joint contract
PASS: guardian_1: character geometry remains within the 40k triangle ceiling (36381)
PASS: guardian_2: own exported character appearance
PASS: guardian_2: finite geometry and normals fit the animated joint contract
PASS: guardian_2: character geometry remains within the 40k triangle ceiling (36379)
PASS: guardian_3: own exported character appearance
PASS: guardian_3: finite geometry and normals fit the animated joint contract
PASS: guardian_3: character geometry remains within the 40k triangle ceiling (25856)
PASS: field_table: architectural GLTF is available for export
PASS: field_forge: architectural GLTF is available for export
PASS: seal_shrine: architectural GLTF is available for export
PASS: vault: architectural GLTF is available for export
PASS: vault: repeated landmark stays joined within twelve material meshes
PASS: library: architectural GLTF is available for export
PASS: library: repeated landmark stays joined within twelve material meshes
PASS: altar: architectural GLTF is available for export
PASS: altar: repeated landmark stays joined within twelve material meshes
PASS: throne: architectural GLTF is available for export
PASS: throne: repeated landmark stays joined within twelve material meshes
PASS: brazier: architectural GLTF is available for export
PASS: lancet: architectural GLTF is available for export
PASS: intarsia: architectural GLTF is available for export
PASS: pillar: architectural GLTF is available for export
PASS: broken_pillar: architectural GLTF is available for export
PASS: arch: architectural GLTF is available for export
PASS: tomb: architectural GLTF is available for export
PASS: bell: architectural GLTF is available for export
PASS: bone_arch: architectural GLTF is available for export
PASS: furnace: architectural GLTF is available for export
PASS: well: architectural GLTF is available for export
PASS: guardian 0: actual native body/prop meshes and skins share cached immutable resources while every visible PBR override and contact shadow belongs to its actor
PASS: guardian 0: actual 3D attack, impact and defeat states remain finite
PASS: guardian 1: actual native body/prop meshes and skins share cached immutable resources while every visible PBR override and contact shadow belongs to its actor
PASS: guardian 1: actual 3D attack, impact and defeat states remain finite
PASS: guardian 2: actual native body/prop meshes and skins share cached immutable resources while every visible PBR override and contact shadow belongs to its actor
PASS: guardian 2: actual 3D attack, impact and defeat states remain finite
PASS: guardian 3: actual native body/prop meshes and skins share cached immutable resources while every visible PBR override and contact shadow belongs to its actor
PASS: guardian 3: actual 3D attack, impact and defeat states remain finite
PASS: region 0 seed 1979: route audit includes real standing-height dressing
PASS: region 0 seed 1979: added walls and complete props leave authoritative passages clear (0 intersections)
PASS: region 0 seed 1979: repeated static geometry stays below 450 batches (185)
PASS: region 0 seed 1042: route audit includes real standing-height dressing
PASS: region 0 seed 1042: added walls and complete props leave authoritative passages clear (0 intersections)
PASS: region 0 seed 1042: repeated static geometry stays below 450 batches (188)
PASS: region 0 seed 7351: route audit includes real standing-height dressing
PASS: region 0 seed 7351: added walls and complete props leave authoritative passages clear (0 intersections)
PASS: region 0 seed 7351: repeated static geometry stays below 450 batches (194)
PASS: region 1 seed 1979: route audit includes real standing-height dressing
PASS: region 1 seed 1979: added walls and complete props leave authoritative passages clear (0 intersections)
PASS: region 1 seed 1979: repeated static geometry stays below 450 batches (199)
PASS: region 1 seed 1979: native fluid centers are visible through actual stone-court mesh openings
PASS: region 1 seed 1042: route audit includes real standing-height dressing
PASS: region 1 seed 1042: added walls and complete props leave authoritative passages clear (0 intersections)
PASS: region 1 seed 1042: repeated static geometry stays below 450 batches (206)
PASS: region 1 seed 1042: native fluid centers are visible through actual stone-court mesh openings
PASS: region 1 seed 7351: route audit includes real standing-height dressing
PASS: region 1 seed 7351: added walls and complete props leave authoritative passages clear (0 intersections)
PASS: region 1 seed 7351: repeated static geometry stays below 450 batches (198)
PASS: region 1 seed 7351: native fluid centers are visible through actual stone-court mesh openings
PASS: region 2 seed 1979: route audit includes real standing-height dressing
PASS: region 2 seed 1979: added walls and complete props leave authoritative passages clear (0 intersections)
PASS: region 2 seed 1979: repeated static geometry stays below 450 batches (168)
PASS: region 2 seed 1042: route audit includes real standing-height dressing
PASS: region 2 seed 1042: added walls and complete props leave authoritative passages clear (0 intersections)
PASS: region 2 seed 1042: repeated static geometry stays below 450 batches (171)
PASS: region 2 seed 7351: route audit includes real standing-height dressing
PASS: region 2 seed 7351: added walls and complete props leave authoritative passages clear (0 intersections)
PASS: region 2 seed 7351: repeated static geometry stays below 450 batches (180)
PASS: region 3 seed 1979: route audit includes real standing-height dressing
PASS: region 3 seed 1979: added walls and complete props leave authoritative passages clear (0 intersections)
PASS: region 3 seed 1979: repeated static geometry stays below 450 batches (210)
PASS: region 3 seed 1979: native fluid centers are visible through actual stone-court mesh openings
PASS: region 3 seed 1042: route audit includes real standing-height dressing
PASS: region 3 seed 1042: added walls and complete props leave authoritative passages clear (0 intersections)
PASS: region 3 seed 1042: repeated static geometry stays below 450 batches (214)
PASS: region 3 seed 1042: native fluid centers are visible through actual stone-court mesh openings
PASS: region 3 seed 7351: route audit includes real standing-height dressing
PASS: region 3 seed 7351: added walls and complete props leave authoritative passages clear (0 intersections)
PASS: region 3 seed 7351: repeated static geometry stays below 450 batches (218)
PASS: region 3 seed 7351: native fluid centers are visible through actual stone-court mesh openings
AUTHORED ART SMOKE: 105 checks, 0 failures
