Godot Engine v4.7.2.stable.official.ed1daf0bf - https://godotengine.org

PASS: seed 0 reproduces its route, enemy lineups and spawns
PASS: run seed 0 reproduces its passage bends
PASS: run seed 0 reproduces its wandering corridor
PASS: run seed 0 reproduces its exploratory corridor
PASS: seed 1 reproduces its route, enemy lineups and spawns
PASS: run seed 1 reproduces its passage bends
PASS: run seed 1 reproduces its wandering corridor
PASS: run seed 1 reproduces its exploratory corridor
PASS: seed 2 reproduces its route, enemy lineups and spawns
PASS: run seed 2 reproduces its passage bends
PASS: run seed 2 reproduces its wandering corridor
PASS: run seed 2 reproduces its exploratory corridor
PASS: seed 3 reproduces its route, enemy lineups and spawns
PASS: run seed 3 reproduces its passage bends
PASS: run seed 3 reproduces its wandering corridor
PASS: run seed 3 reproduces its exploratory corridor
PASS: seed 4 reproduces its route, enemy lineups and spawns
PASS: run seed 4 reproduces its passage bends
PASS: run seed 4 reproduces its wandering corridor
PASS: run seed 4 reproduces its exploratory corridor
PASS: seed 5 reproduces its route, enemy lineups and spawns
PASS: run seed 5 reproduces its passage bends
PASS: run seed 5 reproduces its wandering corridor
PASS: run seed 5 reproduces its exploratory corridor
PASS: seed 6 reproduces its route, enemy lineups and spawns
PASS: run seed 6 reproduces its passage bends
PASS: run seed 6 reproduces its wandering corridor
PASS: run seed 6 reproduces its exploratory corridor
PASS: seed 7 reproduces its route, enemy lineups and spawns
PASS: run seed 7 reproduces its passage bends
PASS: run seed 7 reproduces its wandering corridor
PASS: run seed 7 reproduces its exploratory corridor
PASS: seed 8 reproduces its route, enemy lineups and spawns
PASS: run seed 8 reproduces its passage bends
PASS: run seed 8 reproduces its wandering corridor
PASS: run seed 8 reproduces its exploratory corridor
PASS: seed 9 reproduces its route, enemy lineups and spawns
PASS: run seed 9 reproduces its passage bends
PASS: run seed 9 reproduces its wandering corridor
PASS: run seed 9 reproduces its exploratory corridor
PASS: seed 10 reproduces its route, enemy lineups and spawns
PASS: run seed 10 reproduces its passage bends
PASS: run seed 10 reproduces its wandering corridor
PASS: run seed 10 reproduces its exploratory corridor
PASS: seed 11 reproduces its route, enemy lineups and spawns
PASS: run seed 11 reproduces its passage bends
PASS: run seed 11 reproduces its wandering corridor
PASS: run seed 11 reproduces its exploratory corridor
PASS: seed 12 reproduces its route, enemy lineups and spawns
PASS: run seed 12 reproduces its passage bends
PASS: run seed 12 reproduces its wandering corridor
PASS: run seed 12 reproduces its exploratory corridor
PASS: seed 13 reproduces its route, enemy lineups and spawns
PASS: run seed 13 reproduces its passage bends
PASS: run seed 13 reproduces its wandering corridor
PASS: run seed 13 reproduces its exploratory corridor
PASS: seed 14 reproduces its route, enemy lineups and spawns
PASS: run seed 14 reproduces its passage bends
PASS: run seed 14 reproduces its wandering corridor
PASS: run seed 14 reproduces its exploratory corridor
PASS: seed 15 reproduces its route, enemy lineups and spawns
PASS: run seed 15 reproduces its passage bends
PASS: run seed 15 reproduces its wandering corridor
PASS: run seed 15 reproduces its exploratory corridor
PASS: seed 16 reproduces its route, enemy lineups and spawns
PASS: run seed 16 reproduces its passage bends
PASS: run seed 16 reproduces its wandering corridor
PASS: run seed 16 reproduces its exploratory corridor
PASS: seed 17 reproduces its route, enemy lineups and spawns
PASS: run seed 17 reproduces its passage bends
PASS: run seed 17 reproduces its wandering corridor
PASS: run seed 17 reproduces its exploratory corridor
PASS: seed 18 reproduces its route, enemy lineups and spawns
PASS: run seed 18 reproduces its passage bends
PASS: run seed 18 reproduces its wandering corridor
PASS: run seed 18 reproduces its exploratory corridor
PASS: seed 19 reproduces its route, enemy lineups and spawns
PASS: run seed 19 reproduces its passage bends
PASS: run seed 19 reproduces its wandering corridor
PASS: run seed 19 reproduces its exploratory corridor
PASS: seed 20 reproduces its route, enemy lineups and spawns
PASS: run seed 20 reproduces its passage bends
PASS: run seed 20 reproduces its wandering corridor
PASS: run seed 20 reproduces its exploratory corridor
PASS: seed 21 reproduces its route, enemy lineups and spawns
PASS: run seed 21 reproduces its passage bends
PASS: run seed 21 reproduces its wandering corridor
PASS: run seed 21 reproduces its exploratory corridor
PASS: seed 22 reproduces its route, enemy lineups and spawns
PASS: run seed 22 reproduces its passage bends
PASS: run seed 22 reproduces its wandering corridor
PASS: run seed 22 reproduces its exploratory corridor
PASS: seed 23 reproduces its route, enemy lineups and spawns
PASS: run seed 23 reproduces its passage bends
PASS: run seed 23 reproduces its wandering corridor
PASS: run seed 23 reproduces its exploratory corridor
PASS: seed 24 reproduces its route, enemy lineups and spawns
PASS: run seed 24 reproduces its passage bends
PASS: run seed 24 reproduces its wandering corridor
PASS: run seed 24 reproduces its exploratory corridor
PASS: seed 25 reproduces its route, enemy lineups and spawns
PASS: run seed 25 reproduces its passage bends
PASS: run seed 25 reproduces its wandering corridor
PASS: run seed 25 reproduces its exploratory corridor
PASS: seed 26 reproduces its route, enemy lineups and spawns
PASS: run seed 26 reproduces its passage bends
PASS: run seed 26 reproduces its wandering corridor
PASS: run seed 26 reproduces its exploratory corridor
PASS: seed 27 reproduces its route, enemy lineups and spawns
PASS: run seed 27 reproduces its passage bends
PASS: run seed 27 reproduces its wandering corridor
PASS: run seed 27 reproduces its exploratory corridor
PASS: seed 28 reproduces its route, enemy lineups and spawns
PASS: run seed 28 reproduces its passage bends
PASS: run seed 28 reproduces its wandering corridor
PASS: run seed 28 reproduces its exploratory corridor
PASS: seed 29 reproduces its route, enemy lineups and spawns
PASS: run seed 29 reproduces its passage bends
PASS: run seed 29 reproduces its wandering corridor
PASS: run seed 29 reproduces its exploratory corridor
PASS: seed 30 reproduces its route, enemy lineups and spawns
PASS: run seed 30 reproduces its passage bends
PASS: run seed 30 reproduces its wandering corridor
PASS: run seed 30 reproduces its exploratory corridor
PASS: seed 31 reproduces its route, enemy lineups and spawns
PASS: run seed 31 reproduces its passage bends
PASS: run seed 31 reproduces its wandering corridor
PASS: run seed 31 reproduces its exploratory corridor
PASS: seed 32 reproduces its route, enemy lineups and spawns
PASS: run seed 32 reproduces its passage bends
PASS: run seed 32 reproduces its wandering corridor
PASS: run seed 32 reproduces its exploratory corridor
PASS: seed 33 reproduces its route, enemy lineups and spawns
PASS: run seed 33 reproduces its passage bends
PASS: run seed 33 reproduces its wandering corridor
PASS: run seed 33 reproduces its exploratory corridor
PASS: seed 34 reproduces its route, enemy lineups and spawns
PASS: run seed 34 reproduces its passage bends
PASS: run seed 34 reproduces its wandering corridor
PASS: run seed 34 reproduces its exploratory corridor
PASS: seed 35 reproduces its route, enemy lineups and spawns
PASS: run seed 35 reproduces its passage bends
PASS: run seed 35 reproduces its wandering corridor
PASS: run seed 35 reproduces its exploratory corridor
PASS: seed 36 reproduces its route, enemy lineups and spawns
PASS: run seed 36 reproduces its passage bends
PASS: run seed 36 reproduces its wandering corridor
PASS: run seed 36 reproduces its exploratory corridor
PASS: seed 37 reproduces its route, enemy lineups and spawns
PASS: run seed 37 reproduces its passage bends
PASS: run seed 37 reproduces its wandering corridor
PASS: run seed 37 reproduces its exploratory corridor
PASS: seed 38 reproduces its route, enemy lineups and spawns
PASS: run seed 38 reproduces its passage bends
PASS: run seed 38 reproduces its wandering corridor
PASS: run seed 38 reproduces its exploratory corridor
PASS: seed 39 reproduces its route, enemy lineups and spawns
PASS: run seed 39 reproduces its passage bends
PASS: run seed 39 reproduces its wandering corridor
PASS: run seed 39 reproduces its exploratory corridor
PASS: seed 40 reproduces its route, enemy lineups and spawns
PASS: run seed 40 reproduces its passage bends
PASS: run seed 40 reproduces its wandering corridor
PASS: run seed 40 reproduces its exploratory corridor
PASS: seed 41 reproduces its route, enemy lineups and spawns
PASS: run seed 41 reproduces its passage bends
PASS: run seed 41 reproduces its wandering corridor
PASS: run seed 41 reproduces its exploratory corridor
PASS: seed 42 reproduces its route, enemy lineups and spawns
PASS: run seed 42 reproduces its passage bends
PASS: run seed 42 reproduces its wandering corridor
PASS: run seed 42 reproduces its exploratory corridor
PASS: seed 43 reproduces its route, enemy lineups and spawns
PASS: run seed 43 reproduces its passage bends
PASS: run seed 43 reproduces its wandering corridor
PASS: run seed 43 reproduces its exploratory corridor
PASS: seed 44 reproduces its route, enemy lineups and spawns
PASS: run seed 44 reproduces its passage bends
PASS: run seed 44 reproduces its wandering corridor
PASS: run seed 44 reproduces its exploratory corridor
PASS: seed 45 reproduces its route, enemy lineups and spawns
PASS: run seed 45 reproduces its passage bends
PASS: run seed 45 reproduces its wandering corridor
PASS: run seed 45 reproduces its exploratory corridor
PASS: seed 46 reproduces its route, enemy lineups and spawns
PASS: run seed 46 reproduces its passage bends
PASS: run seed 46 reproduces its wandering corridor
PASS: run seed 46 reproduces its exploratory corridor
PASS: seed 47 reproduces its route, enemy lineups and spawns
PASS: run seed 47 reproduces its passage bends
PASS: run seed 47 reproduces its wandering corridor
PASS: run seed 47 reproduces its exploratory corridor
PASS: seed 48 reproduces its route, enemy lineups and spawns
PASS: run seed 48 reproduces its passage bends
PASS: run seed 48 reproduces its wandering corridor
PASS: run seed 48 reproduces its exploratory corridor
PASS: seed 49 reproduces its route, enemy lineups and spawns
PASS: run seed 49 reproduces its passage bends
PASS: run seed 49 reproduces its wandering corridor
PASS: run seed 49 reproduces its exploratory corridor
PASS: seed 50 reproduces its route, enemy lineups and spawns
PASS: run seed 50 reproduces its passage bends
PASS: run seed 50 reproduces its wandering corridor
PASS: run seed 50 reproduces its exploratory corridor
PASS: seed 51 reproduces its route, enemy lineups and spawns
PASS: run seed 51 reproduces its passage bends
PASS: run seed 51 reproduces its wandering corridor
PASS: run seed 51 reproduces its exploratory corridor
PASS: seed 52 reproduces its route, enemy lineups and spawns
PASS: run seed 52 reproduces its passage bends
PASS: run seed 52 reproduces its wandering corridor
PASS: run seed 52 reproduces its exploratory corridor
PASS: seed 53 reproduces its route, enemy lineups and spawns
PASS: run seed 53 reproduces its passage bends
PASS: run seed 53 reproduces its wandering corridor
PASS: run seed 53 reproduces its exploratory corridor
PASS: seed 54 reproduces its route, enemy lineups and spawns
PASS: run seed 54 reproduces its passage bends
PASS: run seed 54 reproduces its wandering corridor
PASS: run seed 54 reproduces its exploratory corridor
PASS: seed 55 reproduces its route, enemy lineups and spawns
PASS: run seed 55 reproduces its passage bends
PASS: run seed 55 reproduces its wandering corridor
PASS: run seed 55 reproduces its exploratory corridor
PASS: seed 56 reproduces its route, enemy lineups and spawns
PASS: run seed 56 reproduces its passage bends
PASS: run seed 56 reproduces its wandering corridor
PASS: run seed 56 reproduces its exploratory corridor
PASS: seed 57 reproduces its route, enemy lineups and spawns
PASS: run seed 57 reproduces its passage bends
PASS: run seed 57 reproduces its wandering corridor
PASS: run seed 57 reproduces its exploratory corridor
PASS: seed 58 reproduces its route, enemy lineups and spawns
PASS: run seed 58 reproduces its passage bends
PASS: run seed 58 reproduces its wandering corridor
PASS: run seed 58 reproduces its exploratory corridor
PASS: seed 59 reproduces its route, enemy lineups and spawns
PASS: run seed 59 reproduces its passage bends
PASS: run seed 59 reproduces its wandering corridor
PASS: run seed 59 reproduces its exploratory corridor
PASS: seed 60 reproduces its route, enemy lineups and spawns
PASS: run seed 60 reproduces its passage bends
PASS: run seed 60 reproduces its wandering corridor
PASS: run seed 60 reproduces its exploratory corridor
PASS: seed 61 reproduces its route, enemy lineups and spawns
PASS: run seed 61 reproduces its passage bends
PASS: run seed 61 reproduces its wandering corridor
PASS: run seed 61 reproduces its exploratory corridor
PASS: seed 62 reproduces its route, enemy lineups and spawns
PASS: run seed 62 reproduces its passage bends
PASS: run seed 62 reproduces its wandering corridor
PASS: run seed 62 reproduces its exploratory corridor
PASS: seed 63 reproduces its route, enemy lineups and spawns
PASS: run seed 63 reproduces its passage bends
PASS: run seed 63 reproduces its wandering corridor
PASS: run seed 63 reproduces its exploratory corridor
PASS: 64 seeds create varied but repeatable route shapes
PASS: every run seed varies where the hero turns through a passage
PASS: new runs take varied S-bends instead of the same straight corridor
PASS: new runs vary their exploratory route and choose different side passages
PASS: per-run passage variation preserves travel distance and AFK timing
PASS: per-run passage bends stay inside generated corridors
PASS: new route variation adds at most 1.5 metres of travel per passage
PASS: new S-bend routes stay on the generated floor
PASS: scouting routes and their side passages stay on the generated floor
PASS: 64 seeds create varied enemy compositions
PASS: the newer seed bank creates at least 250 distinct route patterns
PASS: the newer seed bank creates at least 230 distinct pack lineups
PASS: the newer seed bank creates at least 250 independently varied spawn formations
PASS: all randomized spawns stay within their room
PASS: randomized enemy spawns do not overlap
PASS: random pack roles keep the six-room enemy count at 26
PASS: region 0 has a distinct floor plan
PASS: region 0: every travel segment is on the floor
PASS: Vowkeeper/0 initial journey restores
PASS: Vowkeeper/0 hero and enemies stay on walkable floor
PASS: Vowkeeper/0 completes 26 enemies and each objective once
PASS: Vowkeeper/0 produces two timed, seed-bound ambush arrivals
PASS: Vowkeeper/0 watched and skipped outcomes match
PASS: Vowkeeper/0 travel and interaction checkpoints preserve final result
PASS: Arcanist/0 initial journey restores
PASS: Arcanist/0 hero and enemies stay on walkable floor
PASS: Arcanist/0 completes 26 enemies and each objective once
PASS: Arcanist/0 produces two timed, seed-bound ambush arrivals
PASS: Arcanist/0 watched and skipped outcomes match
PASS: Arcanist/0 travel and interaction checkpoints preserve final result
PASS: Ranger/0 initial journey restores
PASS: Ranger/0 hero and enemies stay on walkable floor
PASS: Ranger/0 completes 26 enemies and each objective once
PASS: Ranger/0 produces two timed, seed-bound ambush arrivals
PASS: Ranger/0 watched and skipped outcomes match
PASS: Ranger/0 travel and interaction checkpoints preserve final result
PASS: region 1 has a distinct floor plan
PASS: region 1: every travel segment is on the floor
PASS: Vowkeeper/1 initial journey restores
PASS: Vowkeeper/1 hero and enemies stay on walkable floor
PASS: Vowkeeper/1 completes 26 enemies and each objective once
PASS: Vowkeeper/1 produces two timed, seed-bound ambush arrivals
PASS: Vowkeeper/1 watched and skipped outcomes match
PASS: Vowkeeper/1 travel and interaction checkpoints preserve final result
PASS: Arcanist/1 initial journey restores
PASS: Arcanist/1 hero and enemies stay on walkable floor
PASS: Arcanist/1 completes 26 enemies and each objective once
PASS: Arcanist/1 produces two timed, seed-bound ambush arrivals
PASS: Arcanist/1 watched and skipped outcomes match
PASS: Arcanist/1 travel and interaction checkpoints preserve final result
PASS: Ranger/1 initial journey restores
PASS: Ranger/1 hero and enemies stay on walkable floor
PASS: Ranger/1 completes 26 enemies and each objective once
PASS: Ranger/1 produces two timed, seed-bound ambush arrivals
PASS: Ranger/1 watched and skipped outcomes match
PASS: Ranger/1 travel and interaction checkpoints preserve final result
PASS: region 2 has a distinct floor plan
PASS: region 2: every travel segment is on the floor
PASS: Vowkeeper/2 initial journey restores
PASS: Vowkeeper/2 hero and enemies stay on walkable floor
PASS: Vowkeeper/2 completes 26 enemies and each objective once
PASS: Vowkeeper/2 produces two timed, seed-bound ambush arrivals
PASS: Vowkeeper/2 watched and skipped outcomes match
PASS: Vowkeeper/2 travel and interaction checkpoints preserve final result
PASS: Arcanist/2 initial journey restores
PASS: Arcanist/2 hero and enemies stay on walkable floor
PASS: Arcanist/2 completes 26 enemies and each objective once
PASS: Arcanist/2 produces two timed, seed-bound ambush arrivals
PASS: Arcanist/2 watched and skipped outcomes match
PASS: Arcanist/2 travel and interaction checkpoints preserve final result
PASS: Ranger/2 initial journey restores
PASS: Ranger/2 hero and enemies stay on walkable floor
PASS: Ranger/2 completes 26 enemies and each objective once
PASS: Ranger/2 produces two timed, seed-bound ambush arrivals
PASS: Ranger/2 watched and skipped outcomes match
PASS: Ranger/2 travel and interaction checkpoints preserve final result
PASS: region 3 has a distinct floor plan
PASS: region 3: every travel segment is on the floor
PASS: Vowkeeper/3 initial journey restores
PASS: Vowkeeper/3 hero and enemies stay on walkable floor
PASS: Vowkeeper/3 completes 26 enemies and each objective once
PASS: Vowkeeper/3 produces two timed, seed-bound ambush arrivals
PASS: Vowkeeper/3 watched and skipped outcomes match
PASS: Vowkeeper/3 travel and interaction checkpoints preserve final result
PASS: Arcanist/3 initial journey restores
PASS: Arcanist/3 hero and enemies stay on walkable floor
PASS: Arcanist/3 completes 26 enemies and each objective once
PASS: Arcanist/3 produces two timed, seed-bound ambush arrivals
PASS: Arcanist/3 watched and skipped outcomes match
PASS: Arcanist/3 travel and interaction checkpoints preserve final result
PASS: Ranger/3 initial journey restores
PASS: Ranger/3 hero and enemies stay on walkable floor
PASS: Ranger/3 completes 26 enemies and each objective once
PASS: Ranger/3 produces two timed, seed-bound ambush arrivals
PASS: Ranger/3 watched and skipped outcomes match
PASS: Ranger/3 travel and interaction checkpoints preserve final result
PASS: Vowkeeper: all 256 starting-floor patterns are winnable with starter gear
PASS: Vowkeeper: all 256 patterns agree live/skip
PASS: Arcanist: all 256 starting-floor patterns are winnable with starter gear
PASS: Arcanist: all 256 patterns agree live/skip
PASS: Ranger: all 256 starting-floor patterns are winnable with starter gear
PASS: Ranger: all 256 patterns agree live/skip
PASS: 0.10 checkpoint keeps exact old outcome: Vowkeeper/1
PASS: 0.10 checkpoint keeps exact old outcome: Vowkeeper/11
PASS: 0.10 checkpoint keeps exact old outcome: Vowkeeper/21
PASS: 0.10 checkpoint keeps exact old outcome: Vowkeeper/31
PASS: 0.10 checkpoint keeps exact old outcome: Arcanist/1
PASS: 0.10 checkpoint keeps exact old outcome: Arcanist/11
PASS: 0.10 checkpoint keeps exact old outcome: Arcanist/21
PASS: 0.10 checkpoint keeps exact old outcome: Arcanist/31
PASS: 0.10 checkpoint keeps exact old outcome: Ranger/1
PASS: 0.10 checkpoint keeps exact old outcome: Ranger/11
PASS: 0.10 checkpoint keeps exact old outcome: Ranger/21
PASS: 0.10 checkpoint keeps exact old outcome: Ranger/31
PASS: ambush arrives immediately when its room is already clear
PASS: the pattern bank varies which rooms and enemies create ambushes
PASS: seed-bound ambushes use many distinct room-edge entry points
PASS: every ambush entry point is on walkable room floor
PASS: ambushes enter from the outer half of their chamber
PASS: ambushes enter at least 1.8 metres from the active group
PASS: checkpoint during a dungeon ambush restores
PASS: live and restored ambush runs finish identically
PASS: new campaign expeditions carry generation-6 exploration routes and tactical movement state
PASS: Vowkeeper combat steps vary by seed while staying in melee reach
PASS: Arcanist combat steps vary by seed while holding spell distance
PASS: Ranger combat steps vary by seed while holding firing distance
PASS: random combat steps and their destinations stay inside the active chamber
PASS: class combat steps preserve melee and ranged attack distances
PASS: a saved movement step resumes with exactly the same state and RNG
PASS: the same class and run seed reproduce the same combat step
PASS: a ready attack fires immediately while a reposition step is pending
PASS: generation-4 expeditions restore without the new movement state
PASS: generation-5 checkpoints cannot resume without their movement state
PASS: invalid journey flag rejected: -1
PASS: invalid journey flag rejected: 2
PASS: invalid journey flag rejected: 1.0
PASS: invalid journey flag rejected: yes
PASS: missing journey field rejected: travel_index
PASS: missing journey field rejected: channel
PASS: missing journey field rejected: well_used
PASS: missing journey field rejected: seal_broken
PASS: missing journey field rejected: chest_open
PASS: new journey stops at its four-minute safety limit
PASS: old checkpoint keeps its three-minute limit
PASS: invalid current travel leg rejected
PASS: closed sanctum cannot resume beyond its seal
PASS: mid-well channel restores
PASS: well restores actual Life once
PASS: well cannot grant duplicate healing
PASS: in-run route map is present
PASS: in-run route map uses the enlarged landscape footprint
PASS: combat objective and pack labels use readable base sizes
PASS: well, seal, chest and closed gate are rendered
PASS: breaking the seal opens the visible gate
PASS: opened chest displays its loot beam
PASS: the reliquary displays the same named, quality-rated item awarded to the player
PASS: the recovered 3D relic shows its item name in the dungeon
JOURNEY SMOKE: 413 checks, 0 failures
