Godot Engine v4.7.2.stable.official.ed1daf0bf - https://godotengine.org

PASS: region 0: authentic path reaches a committed guardian warning
PASS: region 0: occlusion audit observes the actual complete native guardian body and held props without a hidden compatibility shader
PASS: region 0: coverage fixture renders the actual eight authored source surfaces
PASS: region 0 basic: overlap projection encloses the complete actually weighted hero body in this cast
PASS: region 0 basic: a foreground guardian enables the hero's exact-geometry depth visibility pass
PASS: region 0 basic: visibility preserves every actual opaque guardian body/weapon mesh, skin, owned material and original shadow mode
PASS: region 0 basic: body visibility changes neither combat authority nor settled camera
PASS: region 0 signature: overlap projection encloses the complete actually weighted hero body in this cast
PASS: region 0 signature: a foreground guardian enables the hero's exact-geometry depth visibility pass
PASS: region 0 signature: visibility preserves every actual opaque guardian body/weapon mesh, skin, owned material and original shadow mode
PASS: region 0 signature: body visibility changes neither combat authority nor settled camera
PASS: region 0 starfall: overlap projection encloses the complete actually weighted hero body in this cast
PASS: region 0 starfall: a foreground guardian enables the hero's exact-geometry depth visibility pass
PASS: region 0 starfall: visibility preserves every actual opaque guardian body/weapon mesh, skin, owned material and original shadow mode
PASS: region 0 starfall: body visibility changes neither combat authority nor settled camera
PASS: region 0 basic: overlap projection encloses the complete actually weighted hero body in this cast
PASS: region 0 basic: a foreground guardian enables the hero's exact-geometry depth visibility pass
PASS: region 0 basic: visibility preserves every actual opaque guardian body/weapon mesh, skin, owned material and original shadow mode
PASS: region 0 basic: body visibility changes neither combat authority nor settled camera
PASS: region 0 signature: overlap projection encloses the complete actually weighted hero body in this cast
PASS: region 0 signature: a foreground guardian enables the hero's exact-geometry depth visibility pass
PASS: region 0 signature: visibility preserves every actual opaque guardian body/weapon mesh, skin, owned material and original shadow mode
PASS: region 0 signature: body visibility changes neither combat authority nor settled camera
PASS: region 0 starfall: overlap projection encloses the complete actually weighted hero body in this cast
PASS: region 0 starfall: a foreground guardian enables the hero's exact-geometry depth visibility pass
PASS: region 0 starfall: visibility preserves every actual opaque guardian body/weapon mesh, skin, owned material and original shadow mode
PASS: region 0 starfall: body visibility changes neither combat authority nor settled camera
PASS: region 0 basic: overlap projection encloses the complete actually weighted hero body in this cast
PASS: region 0 basic: a foreground guardian enables the hero's exact-geometry depth visibility pass
PASS: region 0 basic: visibility preserves every actual opaque guardian body/weapon mesh, skin, owned material and original shadow mode
PASS: region 0 basic: body visibility changes neither combat authority nor settled camera
PASS: region 0 signature: overlap projection encloses the complete actually weighted hero body in this cast
PASS: region 0 signature: a foreground guardian enables the hero's exact-geometry depth visibility pass
PASS: region 0 signature: visibility preserves every actual opaque guardian body/weapon mesh, skin, owned material and original shadow mode
PASS: region 0 signature: body visibility changes neither combat authority nor settled camera
PASS: region 0 starfall: overlap projection encloses the complete actually weighted hero body in this cast
PASS: region 0 starfall: a foreground guardian enables the hero's exact-geometry depth visibility pass
PASS: region 0 starfall: visibility preserves every actual opaque guardian body/weapon mesh, skin, owned material and original shadow mode
PASS: region 0 starfall: body visibility changes neither combat authority nor settled camera
PASS: region 0 basic: overlap projection encloses the complete actually weighted hero body in this cast
PASS: region 0 basic: a foreground guardian enables the hero's exact-geometry depth visibility pass
PASS: region 0 basic: visibility preserves every actual opaque guardian body/weapon mesh, skin, owned material and original shadow mode
PASS: region 0 basic: body visibility changes neither combat authority nor settled camera
PASS: region 0 signature: overlap projection encloses the complete actually weighted hero body in this cast
PASS: region 0 signature: a foreground guardian enables the hero's exact-geometry depth visibility pass
PASS: region 0 signature: visibility preserves every actual opaque guardian body/weapon mesh, skin, owned material and original shadow mode
PASS: region 0 signature: body visibility changes neither combat authority nor settled camera
PASS: region 0 starfall: overlap projection encloses the complete actually weighted hero body in this cast
PASS: region 0 starfall: a foreground guardian enables the hero's exact-geometry depth visibility pass
PASS: region 0 starfall: visibility preserves every actual opaque guardian body/weapon mesh, skin, owned material and original shadow mode
PASS: region 0 starfall: body visibility changes neither combat authority nor settled camera
PASS: region 0: the actual weighted native guardian shadow needs no duplicate cutaway compensation pass
PASS: region 0: anticipation energy follows the actual animated casting palm
PASS: region 0: anticipation vanishes when the palm actually releases
PASS: region 0: the real projectile travels from the real palm to guardian chest contact
PASS: region 0: simultaneous contacts cannot stack whole-scene light flashes
PASS: region 1: authentic path reaches a committed guardian warning
PASS: region 1: occlusion audit observes the actual complete native guardian body and held props without a hidden compatibility shader
PASS: region 1: coverage fixture renders the actual eight authored source surfaces
PASS: region 1 basic: overlap projection encloses the complete actually weighted hero body in this cast
PASS: region 1 basic: a foreground guardian enables the hero's exact-geometry depth visibility pass
PASS: region 1 basic: visibility preserves every actual opaque guardian body/weapon mesh, skin, owned material and original shadow mode
PASS: region 1 basic: body visibility changes neither combat authority nor settled camera
PASS: region 1 signature: overlap projection encloses the complete actually weighted hero body in this cast
PASS: region 1 signature: a foreground guardian enables the hero's exact-geometry depth visibility pass
PASS: region 1 signature: visibility preserves every actual opaque guardian body/weapon mesh, skin, owned material and original shadow mode
PASS: region 1 signature: body visibility changes neither combat authority nor settled camera
PASS: region 1 starfall: overlap projection encloses the complete actually weighted hero body in this cast
PASS: region 1 starfall: a foreground guardian enables the hero's exact-geometry depth visibility pass
PASS: region 1 starfall: visibility preserves every actual opaque guardian body/weapon mesh, skin, owned material and original shadow mode
PASS: region 1 starfall: body visibility changes neither combat authority nor settled camera
PASS: region 1 basic: overlap projection encloses the complete actually weighted hero body in this cast
PASS: region 1 basic: a foreground guardian enables the hero's exact-geometry depth visibility pass
PASS: region 1 basic: visibility preserves every actual opaque guardian body/weapon mesh, skin, owned material and original shadow mode
PASS: region 1 basic: body visibility changes neither combat authority nor settled camera
PASS: region 1 signature: overlap projection encloses the complete actually weighted hero body in this cast
PASS: region 1 signature: a foreground guardian enables the hero's exact-geometry depth visibility pass
PASS: region 1 signature: visibility preserves every actual opaque guardian body/weapon mesh, skin, owned material and original shadow mode
PASS: region 1 signature: body visibility changes neither combat authority nor settled camera
PASS: region 1 starfall: overlap projection encloses the complete actually weighted hero body in this cast
PASS: region 1 starfall: a foreground guardian enables the hero's exact-geometry depth visibility pass
PASS: region 1 starfall: visibility preserves every actual opaque guardian body/weapon mesh, skin, owned material and original shadow mode
PASS: region 1 starfall: body visibility changes neither combat authority nor settled camera
PASS: region 1 basic: overlap projection encloses the complete actually weighted hero body in this cast
PASS: region 1 basic: a foreground guardian enables the hero's exact-geometry depth visibility pass
PASS: region 1 basic: visibility preserves every actual opaque guardian body/weapon mesh, skin, owned material and original shadow mode
PASS: region 1 basic: body visibility changes neither combat authority nor settled camera
PASS: region 1 signature: overlap projection encloses the complete actually weighted hero body in this cast
PASS: region 1 signature: a foreground guardian enables the hero's exact-geometry depth visibility pass
PASS: region 1 signature: visibility preserves every actual opaque guardian body/weapon mesh, skin, owned material and original shadow mode
PASS: region 1 signature: body visibility changes neither combat authority nor settled camera
PASS: region 1 starfall: overlap projection encloses the complete actually weighted hero body in this cast
PASS: region 1 starfall: a foreground guardian enables the hero's exact-geometry depth visibility pass
PASS: region 1 starfall: visibility preserves every actual opaque guardian body/weapon mesh, skin, owned material and original shadow mode
PASS: region 1 starfall: body visibility changes neither combat authority nor settled camera
PASS: region 1 basic: overlap projection encloses the complete actually weighted hero body in this cast
PASS: region 1 basic: a foreground guardian enables the hero's exact-geometry depth visibility pass
PASS: region 1 basic: visibility preserves every actual opaque guardian body/weapon mesh, skin, owned material and original shadow mode
PASS: region 1 basic: body visibility changes neither combat authority nor settled camera
PASS: region 1 signature: overlap projection encloses the complete actually weighted hero body in this cast
PASS: region 1 signature: a foreground guardian enables the hero's exact-geometry depth visibility pass
PASS: region 1 signature: visibility preserves every actual opaque guardian body/weapon mesh, skin, owned material and original shadow mode
PASS: region 1 signature: body visibility changes neither combat authority nor settled camera
PASS: region 1 starfall: overlap projection encloses the complete actually weighted hero body in this cast
PASS: region 1 starfall: a foreground guardian enables the hero's exact-geometry depth visibility pass
PASS: region 1 starfall: visibility preserves every actual opaque guardian body/weapon mesh, skin, owned material and original shadow mode
PASS: region 1 starfall: body visibility changes neither combat authority nor settled camera
PASS: region 1: the actual weighted native guardian shadow needs no duplicate cutaway compensation pass
PASS: region 1: anticipation energy follows the actual animated casting palm
PASS: region 1: anticipation vanishes when the palm actually releases
PASS: region 1: the real projectile travels from the real palm to guardian chest contact
PASS: region 1: simultaneous contacts cannot stack whole-scene light flashes
PASS: region 2: authentic path reaches a committed guardian warning
PASS: region 2: occlusion audit observes the actual complete native guardian body and held props without a hidden compatibility shader
PASS: region 2: coverage fixture renders the actual eight authored source surfaces
PASS: region 2 basic: overlap projection encloses the complete actually weighted hero body in this cast
PASS: region 2 basic: a foreground guardian enables the hero's exact-geometry depth visibility pass
PASS: region 2 basic: visibility preserves every actual opaque guardian body/weapon mesh, skin, owned material and original shadow mode
PASS: region 2 basic: body visibility changes neither combat authority nor settled camera
PASS: region 2 signature: overlap projection encloses the complete actually weighted hero body in this cast
PASS: region 2 signature: a foreground guardian enables the hero's exact-geometry depth visibility pass
PASS: region 2 signature: visibility preserves every actual opaque guardian body/weapon mesh, skin, owned material and original shadow mode
PASS: region 2 signature: body visibility changes neither combat authority nor settled camera
PASS: region 2 starfall: overlap projection encloses the complete actually weighted hero body in this cast
PASS: region 2 starfall: a foreground guardian enables the hero's exact-geometry depth visibility pass
PASS: region 2 starfall: visibility preserves every actual opaque guardian body/weapon mesh, skin, owned material and original shadow mode
PASS: region 2 starfall: body visibility changes neither combat authority nor settled camera
PASS: region 2 basic: overlap projection encloses the complete actually weighted hero body in this cast
PASS: region 2 basic: a foreground guardian enables the hero's exact-geometry depth visibility pass
PASS: region 2 basic: visibility preserves every actual opaque guardian body/weapon mesh, skin, owned material and original shadow mode
PASS: region 2 basic: body visibility changes neither combat authority nor settled camera
PASS: region 2 signature: overlap projection encloses the complete actually weighted hero body in this cast
PASS: region 2 signature: a foreground guardian enables the hero's exact-geometry depth visibility pass
PASS: region 2 signature: visibility preserves every actual opaque guardian body/weapon mesh, skin, owned material and original shadow mode
PASS: region 2 signature: body visibility changes neither combat authority nor settled camera
PASS: region 2 starfall: overlap projection encloses the complete actually weighted hero body in this cast
PASS: region 2 starfall: a foreground guardian enables the hero's exact-geometry depth visibility pass
PASS: region 2 starfall: visibility preserves every actual opaque guardian body/weapon mesh, skin, owned material and original shadow mode
PASS: region 2 starfall: body visibility changes neither combat authority nor settled camera
PASS: region 2 basic: overlap projection encloses the complete actually weighted hero body in this cast
PASS: region 2 basic: a foreground guardian enables the hero's exact-geometry depth visibility pass
PASS: region 2 basic: visibility preserves every actual opaque guardian body/weapon mesh, skin, owned material and original shadow mode
PASS: region 2 basic: body visibility changes neither combat authority nor settled camera
PASS: region 2 signature: overlap projection encloses the complete actually weighted hero body in this cast
PASS: region 2 signature: a foreground guardian enables the hero's exact-geometry depth visibility pass
PASS: region 2 signature: visibility preserves every actual opaque guardian body/weapon mesh, skin, owned material and original shadow mode
PASS: region 2 signature: body visibility changes neither combat authority nor settled camera
PASS: region 2 starfall: overlap projection encloses the complete actually weighted hero body in this cast
PASS: region 2 starfall: a foreground guardian enables the hero's exact-geometry depth visibility pass
PASS: region 2 starfall: visibility preserves every actual opaque guardian body/weapon mesh, skin, owned material and original shadow mode
PASS: region 2 starfall: body visibility changes neither combat authority nor settled camera
PASS: region 2 basic: overlap projection encloses the complete actually weighted hero body in this cast
PASS: region 2 basic: a foreground guardian enables the hero's exact-geometry depth visibility pass
PASS: region 2 basic: visibility preserves every actual opaque guardian body/weapon mesh, skin, owned material and original shadow mode
PASS: region 2 basic: body visibility changes neither combat authority nor settled camera
PASS: region 2 signature: overlap projection encloses the complete actually weighted hero body in this cast
PASS: region 2 signature: a foreground guardian enables the hero's exact-geometry depth visibility pass
PASS: region 2 signature: visibility preserves every actual opaque guardian body/weapon mesh, skin, owned material and original shadow mode
PASS: region 2 signature: body visibility changes neither combat authority nor settled camera
PASS: region 2 starfall: overlap projection encloses the complete actually weighted hero body in this cast
PASS: region 2 starfall: a foreground guardian enables the hero's exact-geometry depth visibility pass
PASS: region 2 starfall: visibility preserves every actual opaque guardian body/weapon mesh, skin, owned material and original shadow mode
PASS: region 2 starfall: body visibility changes neither combat authority nor settled camera
PASS: region 2: the actual weighted native guardian shadow needs no duplicate cutaway compensation pass
PASS: region 2: anticipation energy follows the actual animated casting palm
PASS: region 2: anticipation vanishes when the palm actually releases
PASS: region 2: the real projectile travels from the real palm to guardian chest contact
PASS: region 2: simultaneous contacts cannot stack whole-scene light flashes
PASS: region 3: authentic path reaches a committed guardian warning
PASS: region 3: occlusion audit observes the actual complete native guardian body and held props without a hidden compatibility shader
PASS: region 3: coverage fixture renders the actual eight authored source surfaces
PASS: region 3 basic: overlap projection encloses the complete actually weighted hero body in this cast
PASS: region 3 basic: a foreground guardian enables the hero's exact-geometry depth visibility pass
PASS: region 3 basic: visibility preserves every actual opaque guardian body/weapon mesh, skin, owned material and original shadow mode
PASS: region 3 basic: body visibility changes neither combat authority nor settled camera
PASS: region 3 signature: overlap projection encloses the complete actually weighted hero body in this cast
PASS: region 3 signature: a foreground guardian enables the hero's exact-geometry depth visibility pass
PASS: region 3 signature: visibility preserves every actual opaque guardian body/weapon mesh, skin, owned material and original shadow mode
PASS: region 3 signature: body visibility changes neither combat authority nor settled camera
PASS: region 3 starfall: overlap projection encloses the complete actually weighted hero body in this cast
PASS: region 3 starfall: a foreground guardian enables the hero's exact-geometry depth visibility pass
PASS: region 3 starfall: visibility preserves every actual opaque guardian body/weapon mesh, skin, owned material and original shadow mode
PASS: region 3 starfall: body visibility changes neither combat authority nor settled camera
PASS: region 3 basic: overlap projection encloses the complete actually weighted hero body in this cast
PASS: region 3 basic: a foreground guardian enables the hero's exact-geometry depth visibility pass
PASS: region 3 basic: visibility preserves every actual opaque guardian body/weapon mesh, skin, owned material and original shadow mode
PASS: region 3 basic: body visibility changes neither combat authority nor settled camera
PASS: region 3 signature: overlap projection encloses the complete actually weighted hero body in this cast
PASS: region 3 signature: a foreground guardian enables the hero's exact-geometry depth visibility pass
PASS: region 3 signature: visibility preserves every actual opaque guardian body/weapon mesh, skin, owned material and original shadow mode
PASS: region 3 signature: body visibility changes neither combat authority nor settled camera
PASS: region 3 starfall: overlap projection encloses the complete actually weighted hero body in this cast
PASS: region 3 starfall: a foreground guardian enables the hero's exact-geometry depth visibility pass
PASS: region 3 starfall: visibility preserves every actual opaque guardian body/weapon mesh, skin, owned material and original shadow mode
PASS: region 3 starfall: body visibility changes neither combat authority nor settled camera
PASS: region 3 basic: overlap projection encloses the complete actually weighted hero body in this cast
PASS: region 3 basic: a foreground guardian enables the hero's exact-geometry depth visibility pass
PASS: region 3 basic: visibility preserves every actual opaque guardian body/weapon mesh, skin, owned material and original shadow mode
PASS: region 3 basic: body visibility changes neither combat authority nor settled camera
PASS: region 3 signature: overlap projection encloses the complete actually weighted hero body in this cast
PASS: region 3 signature: a foreground guardian enables the hero's exact-geometry depth visibility pass
PASS: region 3 signature: visibility preserves every actual opaque guardian body/weapon mesh, skin, owned material and original shadow mode
PASS: region 3 signature: body visibility changes neither combat authority nor settled camera
PASS: region 3 starfall: overlap projection encloses the complete actually weighted hero body in this cast
PASS: region 3 starfall: a foreground guardian enables the hero's exact-geometry depth visibility pass
PASS: region 3 starfall: visibility preserves every actual opaque guardian body/weapon mesh, skin, owned material and original shadow mode
PASS: region 3 starfall: body visibility changes neither combat authority nor settled camera
PASS: region 3 basic: overlap projection encloses the complete actually weighted hero body in this cast
PASS: region 3 basic: a foreground guardian enables the hero's exact-geometry depth visibility pass
PASS: region 3 basic: visibility preserves every actual opaque guardian body/weapon mesh, skin, owned material and original shadow mode
PASS: region 3 basic: body visibility changes neither combat authority nor settled camera
PASS: region 3 signature: overlap projection encloses the complete actually weighted hero body in this cast
PASS: region 3 signature: a foreground guardian enables the hero's exact-geometry depth visibility pass
PASS: region 3 signature: visibility preserves every actual opaque guardian body/weapon mesh, skin, owned material and original shadow mode
PASS: region 3 signature: body visibility changes neither combat authority nor settled camera
PASS: region 3 starfall: overlap projection encloses the complete actually weighted hero body in this cast
PASS: region 3 starfall: a foreground guardian enables the hero's exact-geometry depth visibility pass
PASS: region 3 starfall: visibility preserves every actual opaque guardian body/weapon mesh, skin, owned material and original shadow mode
PASS: region 3 starfall: body visibility changes neither combat authority nor settled camera
PASS: region 3: the actual weighted native guardian shadow needs no duplicate cutaway compensation pass
PASS: region 3: anticipation energy follows the actual animated casting palm
PASS: region 3: anticipation vanishes when the palm actually releases
PASS: region 3: the real projectile travels from the real palm to guardian chest contact
PASS: region 3: simultaneous contacts cannot stack whole-scene light flashes
PASS: basic 0.017s: release regression starts from a structurally valid real first-descent checkpoint
RELEASE DELIVERY: basic 0.017s: 1 authoritative commits, 1 completed casts, 1 presented releases
PASS: basic 0.017s: every authoritative completed cast delivers one release; long basic/chain frames genuinely span multiple casts
PASS: basic 0.017s: each release retains its own authoritative signature/technique classification
PASS: basic 0.017s: multi-target signature damage shares the single release
PASS: basic 0.017s: skipped visual lead changes no damage, time, Mana, positions or RNG
PASS: basic 0.017s: recovery frames deliver no duplicate release and preserve authority
PASS: basic 0.600s: release regression starts from a structurally valid real first-descent checkpoint
RELEASE DELIVERY: basic 0.600s: 1 authoritative commits, 1 completed casts, 1 presented releases
PASS: basic 0.600s: every authoritative completed cast delivers one release; long basic/chain frames genuinely span multiple casts
PASS: basic 0.600s: each release retains its own authoritative signature/technique classification
PASS: basic 0.600s: multi-target signature damage shares the single release
PASS: basic 0.600s: skipped visual lead changes no damage, time, Mana, positions or RNG
PASS: basic 0.600s: recovery frames deliver no duplicate release and preserve authority
PASS: basic 2.000s: release regression starts from a structurally valid real first-descent checkpoint
RELEASE DELIVERY: basic 2.000s: 2 authoritative commits, 2 completed casts, 2 presented releases
PASS: basic 2.000s: every authoritative completed cast delivers one release; long basic/chain frames genuinely span multiple casts
PASS: basic 2.000s: each release retains its own authoritative signature/technique classification
PASS: basic 2.000s: multi-target signature damage shares the single release
PASS: basic 2.000s: skipped visual lead changes no damage, time, Mana, positions or RNG
PASS: basic 2.000s: recovery frames deliver no duplicate release and preserve authority
PASS: signature 0.017s: release regression starts from a structurally valid real first-descent checkpoint
RELEASE DELIVERY: signature 0.017s: 1 authoritative commits, 1 completed casts, 1 presented releases
PASS: signature 0.017s: every authoritative completed cast delivers one release; long basic/chain frames genuinely span multiple casts
PASS: signature 0.017s: each release retains its own authoritative signature/technique classification
PASS: signature 0.017s: multi-target signature damage shares the single release
PASS: signature 0.017s: skipped visual lead changes no damage, time, Mana, positions or RNG
PASS: signature 0.017s: recovery frames deliver no duplicate release and preserve authority
PASS: signature 0.600s: release regression starts from a structurally valid real first-descent checkpoint
RELEASE DELIVERY: signature 0.600s: 1 authoritative commits, 1 completed casts, 1 presented releases
PASS: signature 0.600s: every authoritative completed cast delivers one release; long basic/chain frames genuinely span multiple casts
PASS: signature 0.600s: each release retains its own authoritative signature/technique classification
PASS: signature 0.600s: multi-target signature damage shares the single release
PASS: signature 0.600s: skipped visual lead changes no damage, time, Mana, positions or RNG
PASS: signature 0.600s: recovery frames deliver no duplicate release and preserve authority
PASS: signature 2.000s: release regression starts from a structurally valid real first-descent checkpoint
RELEASE DELIVERY: signature 2.000s: 1 authoritative commits, 1 completed casts, 1 presented releases
PASS: signature 2.000s: every authoritative completed cast delivers one release; long basic/chain frames genuinely span multiple casts
PASS: signature 2.000s: each release retains its own authoritative signature/technique classification
PASS: signature 2.000s: multi-target signature damage shares the single release
PASS: signature 2.000s: skipped visual lead changes no damage, time, Mana, positions or RNG
PASS: signature 2.000s: recovery frames deliver no duplicate release and preserve authority
PASS: chain 0.017s: release regression starts from a structurally valid real first-descent checkpoint
RELEASE DELIVERY: chain 0.017s: 1 authoritative commits, 1 completed casts, 1 presented releases
PASS: chain 0.017s: every authoritative completed cast delivers one release; long basic/chain frames genuinely span multiple casts
PASS: chain 0.017s: each release retains its own authoritative signature/technique classification
PASS: chain 0.017s: multi-target signature damage shares the single release
PASS: chain 0.017s: skipped visual lead changes no damage, time, Mana, positions or RNG
PASS: chain 0.017s: recovery frames deliver no duplicate release and preserve authority
PASS: chain 0.600s: release regression starts from a structurally valid real first-descent checkpoint
RELEASE DELIVERY: chain 0.600s: 1 authoritative commits, 1 completed casts, 1 presented releases
PASS: chain 0.600s: every authoritative completed cast delivers one release; long basic/chain frames genuinely span multiple casts
PASS: chain 0.600s: each release retains its own authoritative signature/technique classification
PASS: chain 0.600s: multi-target signature damage shares the single release
PASS: chain 0.600s: skipped visual lead changes no damage, time, Mana, positions or RNG
PASS: chain 0.600s: recovery frames deliver no duplicate release and preserve authority
PASS: chain 2.000s: release regression starts from a structurally valid real first-descent checkpoint
RELEASE DELIVERY: chain 2.000s: 2 authoritative commits, 2 completed casts, 2 presented releases
PASS: chain 2.000s: every authoritative completed cast delivers one release; long basic/chain frames genuinely span multiple casts
PASS: chain 2.000s: each release retains its own authoritative signature/technique classification
PASS: chain 2.000s: multi-target signature damage shares the single release
PASS: chain 2.000s: skipped visual lead changes no damage, time, Mana, positions or RNG
PASS: chain 2.000s: recovery frames deliver no duplicate release and preserve authority
GUARDIAN PRESENTATION SMOKE: 278 checks, 0 failures
