{"class": "arcanist", "side": "before", "label": "first-signature-full-released-phrase", "first": 1, "last": 23, "sheets": 1, "actual_decoder_exit": 0}
{"class": "arcanist", "side": "before", "label": "first-basic-full-released-phrase", "first": 43, "last": 65, "sheets": 1, "actual_decoder_exit": 0}
{"class": "arcanist", "side": "before", "label": "first-starfall-full-released-phrase", "first": 319, "last": 360, "sheets": 2, "actual_decoder_exit": 0}
{"class": "arcanist", "side": "before", "label": "first-chain-full-released-phrase", "first": 1267, "last": 1293, "sheets": 2, "actual_decoder_exit": 0}
{"class": "arcanist", "side": "before", "label": "first-lateral-evade", "first": 309, "last": 324, "sheets": 1, "actual_decoder_exit": 0}
{"class": "arcanist", "side": "before", "label": "first-attack-to-evade", "first": 789, "last": 808, "sheets": 2, "actual_decoder_exit": 0}
{"class": "arcanist", "side": "before", "label": "additional-evade-2114", "first": 2112, "last": 2128, "sheets": 2, "actual_decoder_exit": 0}
{"class": "arcanist", "side": "before", "label": "ordinary-travel-gait", "first": 95, "last": 115, "sheets": 1, "actual_decoder_exit": 0}
{"class": "arcanist", "side": "before", "label": "first-raider-death", "first": 9, "last": 39, "sheets": 2, "actual_decoder_exit": 0}
{"class": "arcanist", "side": "before", "label": "first-hexer-death", "first": 9, "last": 39, "sheets": 2, "actual_decoder_exit": 0}
{"class": "arcanist", "side": "before", "label": "first-bulwark-death", "first": 756, "last": 786, "sheets": 3, "actual_decoder_exit": 0}
{"class": "arcanist", "side": "before", "label": "first-elite-death", "first": 1317, "last": 1347, "sheets": 2, "actual_decoder_exit": 0}
{"class": "arcanist", "side": "before", "label": "first-boss-death", "first": 2259, "last": 2289, "sheets": 2, "actual_decoder_exit": 0}
{"class": "arcanist", "side": "before", "label": "first-hexer-telegraph-release-interrupted-recovery", "first": 297, "last": 350, "sheets": 4, "actual_decoder_exit": 0}
{"class": "arcanist", "side": "before", "label": "additional-hexer-telegraph-release-recovery-reset", "first": 783, "last": 834, "sheets": 4, "actual_decoder_exit": 0}
{"class": "arcanist", "side": "before", "label": "first-boss-telegraph-release-recovery-reset", "first": 2094, "last": 2217, "sheets": 8, "actual_decoder_exit": 0}
{"class": "arcanist", "side": "before", "label": "original-ending-loot-ui", "first": 2490, "last": 2495, "sheets": 1, "actual_decoder_exit": 0}
{"class": "arcanist", "side": "after", "label": "first-signature-full-released-phrase", "first": 1, "last": 23, "sheets": 1, "actual_decoder_exit": 0}
{"class": "arcanist", "side": "after", "label": "first-basic-full-released-phrase", "first": 43, "last": 65, "sheets": 1, "actual_decoder_exit": 0}
{"class": "arcanist", "side": "after", "label": "first-starfall-full-released-phrase", "first": 319, "last": 360, "sheets": 2, "actual_decoder_exit": 0}
{"class": "arcanist", "side": "after", "label": "first-chain-full-released-phrase", "first": 1267, "last": 1293, "sheets": 2, "actual_decoder_exit": 0}
{"class": "arcanist", "side": "after", "label": "first-lateral-evade", "first": 309, "last": 324, "sheets": 1, "actual_decoder_exit": 0}
{"class": "arcanist", "side": "after", "label": "first-attack-to-evade", "first": 789, "last": 808, "sheets": 2, "actual_decoder_exit": 0}
{"class": "arcanist", "side": "after", "label": "additional-evade-2114", "first": 2112, "last": 2128, "sheets": 2, "actual_decoder_exit": 0}
{"class": "arcanist", "side": "after", "label": "ordinary-travel-gait", "first": 95, "last": 115, "sheets": 1, "actual_decoder_exit": 0}
{"class": "arcanist", "side": "after", "label": "first-raider-death", "first": 9, "last": 39, "sheets": 2, "actual_decoder_exit": 0}
{"class": "arcanist", "side": "after", "label": "first-hexer-death", "first": 9, "last": 39, "sheets": 2, "actual_decoder_exit": 0}
{"class": "arcanist", "side": "after", "label": "first-bulwark-death", "first": 756, "last": 786, "sheets": 3, "actual_decoder_exit": 0}
{"class": "arcanist", "side": "after", "label": "first-elite-death", "first": 1317, "last": 1347, "sheets": 2, "actual_decoder_exit": 0}
{"class": "arcanist", "side": "after", "label": "first-boss-death", "first": 2259, "last": 2289, "sheets": 2, "actual_decoder_exit": 0}
{"class": "arcanist", "side": "after", "label": "first-hexer-telegraph-release-interrupted-recovery", "first": 297, "last": 350, "sheets": 4, "actual_decoder_exit": 0}
{"class": "arcanist", "side": "after", "label": "additional-hexer-telegraph-release-recovery-reset", "first": 783, "last": 834, "sheets": 4, "actual_decoder_exit": 0}
{"class": "arcanist", "side": "after", "label": "first-boss-telegraph-release-recovery-reset", "first": 2094, "last": 2217, "sheets": 8, "actual_decoder_exit": 0}
{"class": "arcanist", "side": "after", "label": "original-ending-loot-ui", "first": 2490, "last": 2495, "sheets": 1, "actual_decoder_exit": 0}
{"status": "all_planned_arcanist_ranges_decoded", "ranges_per_side": 17, "human_visual_review": "pending"}
