{"class": "ranger", "side": "before", "label": "first-signature-full-released-phrase", "first": 4, "last": 26, "sheets": 1, "actual_decoder_exit": 0}
{"class": "ranger", "side": "before", "label": "first-basic-full-released-phrase", "first": 37, "last": 59, "sheets": 1, "actual_decoder_exit": 0}
{"class": "ranger", "side": "before", "label": "first-marked-full-released-phrase", "first": 70, "last": 99, "sheets": 2, "actual_decoder_exit": 0}
{"class": "ranger", "side": "before", "label": "first-rain-full-released-phrase", "first": 1312, "last": 1344, "sheets": 2, "actual_decoder_exit": 0}
{"class": "ranger", "side": "before", "label": "first-lateral-evade", "first": 342, "last": 358, "sheets": 2, "actual_decoder_exit": 0}
{"class": "ranger", "side": "before", "label": "first-attack-to-evade", "first": 337, "last": 358, "sheets": 2, "actual_decoder_exit": 0}
{"class": "ranger", "side": "before", "label": "additional-evade-809", "first": 793, "last": 823, "sheets": 2, "actual_decoder_exit": 0}
{"class": "ranger", "side": "before", "label": "additional-evade-1235", "first": 1233, "last": 1251, "sheets": 2, "actual_decoder_exit": 0}
{"class": "ranger", "side": "before", "label": "additional-evade-2144", "first": 2142, "last": 2166, "sheets": 2, "actual_decoder_exit": 0}
{"class": "ranger", "side": "before", "label": "additional-evade-2252", "first": 2250, "last": 2260, "sheets": 1, "actual_decoder_exit": 0}
{"class": "ranger", "side": "before", "label": "ordinary-travel-gait", "first": 128, "last": 148, "sheets": 1, "actual_decoder_exit": 0}
{"class": "ranger", "side": "before", "label": "first-raider-death", "first": 12, "last": 42, "sheets": 3, "actual_decoder_exit": 0}
{"class": "ranger", "side": "before", "label": "first-hexer-death", "first": 12, "last": 42, "sheets": 3, "actual_decoder_exit": 0}
{"class": "ranger", "side": "before", "label": "first-bulwark-death", "first": 867, "last": 897, "sheets": 2, "actual_decoder_exit": 0}
{"class": "ranger", "side": "before", "label": "first-elite-death", "first": 1329, "last": 1359, "sheets": 2, "actual_decoder_exit": 0}
{"class": "ranger", "side": "before", "label": "first-boss-death", "first": 2334, "last": 2364, "sheets": 2, "actual_decoder_exit": 0}
{"class": "ranger", "side": "before", "label": "first-hexer-telegraph-release-recovery-reset", "first": 333, "last": 381, "sheets": 4, "actual_decoder_exit": 0}
{"class": "ranger", "side": "before", "label": "first-boss-telegraph-release-recovery-reset", "first": 2118, "last": 2301, "sheets": 13, "actual_decoder_exit": 0}
{"class": "ranger", "side": "before", "label": "original-ending-loot-ui", "first": 2553, "last": 2558, "sheets": 1, "actual_decoder_exit": 0}
{"class": "ranger", "side": "after", "label": "first-signature-full-released-phrase", "first": 4, "last": 26, "sheets": 1, "actual_decoder_exit": 0}
{"class": "ranger", "side": "after", "label": "first-basic-full-released-phrase", "first": 37, "last": 59, "sheets": 1, "actual_decoder_exit": 0}
{"class": "ranger", "side": "after", "label": "first-marked-full-released-phrase", "first": 70, "last": 99, "sheets": 2, "actual_decoder_exit": 0}
{"class": "ranger", "side": "after", "label": "first-rain-full-released-phrase", "first": 1312, "last": 1344, "sheets": 2, "actual_decoder_exit": 0}
{"class": "ranger", "side": "after", "label": "first-lateral-evade", "first": 342, "last": 358, "sheets": 2, "actual_decoder_exit": 0}
{"class": "ranger", "side": "after", "label": "first-attack-to-evade", "first": 337, "last": 358, "sheets": 2, "actual_decoder_exit": 0}
{"class": "ranger", "side": "after", "label": "additional-evade-809", "first": 793, "last": 823, "sheets": 2, "actual_decoder_exit": 0}
{"class": "ranger", "side": "after", "label": "additional-evade-1235", "first": 1233, "last": 1251, "sheets": 2, "actual_decoder_exit": 0}
{"class": "ranger", "side": "after", "label": "additional-evade-2144", "first": 2142, "last": 2166, "sheets": 2, "actual_decoder_exit": 0}
{"class": "ranger", "side": "after", "label": "additional-evade-2252", "first": 2250, "last": 2260, "sheets": 1, "actual_decoder_exit": 0}
{"class": "ranger", "side": "after", "label": "ordinary-travel-gait", "first": 128, "last": 148, "sheets": 1, "actual_decoder_exit": 0}
{"class": "ranger", "side": "after", "label": "first-raider-death", "first": 12, "last": 42, "sheets": 3, "actual_decoder_exit": 0}
{"class": "ranger", "side": "after", "label": "first-hexer-death", "first": 12, "last": 42, "sheets": 3, "actual_decoder_exit": 0}
{"class": "ranger", "side": "after", "label": "first-bulwark-death", "first": 867, "last": 897, "sheets": 2, "actual_decoder_exit": 0}
{"class": "ranger", "side": "after", "label": "first-elite-death", "first": 1329, "last": 1359, "sheets": 2, "actual_decoder_exit": 0}
{"class": "ranger", "side": "after", "label": "first-boss-death", "first": 2334, "last": 2364, "sheets": 2, "actual_decoder_exit": 0}
{"class": "ranger", "side": "after", "label": "first-hexer-telegraph-release-recovery-reset", "first": 333, "last": 381, "sheets": 4, "actual_decoder_exit": 0}
{"class": "ranger", "side": "after", "label": "first-boss-telegraph-release-recovery-reset", "first": 2118, "last": 2301, "sheets": 13, "actual_decoder_exit": 0}
{"class": "ranger", "side": "after", "label": "original-ending-loot-ui", "first": 2553, "last": 2558, "sheets": 1, "actual_decoder_exit": 0}
{"status": "all_planned_ranger_ranges_decoded", "ranges_per_side": 19, "human_visual_review": "pending"}
