{
  "schema": 1,
  "status": "planned_sampled_visual_review_not_acceptance",
  "source_commit": "1cc13152a83c6631590d4df32ca298700a417df7",
  "baseline_commit": "86cb1b8ec878b4ae06daba5e6c5a4fa583865dc5",
  "character_class": "ranger",
  "comparison_sha256": "34a416600608a2984faead0847c1f7306d300d3f1082f89a53ef3403fd1ea827",
  "ranges": [
    {
      "label": "first-signature-full-released-phrase",
      "first": 4,
      "last": 26,
      "crop_scope": "hero_and_surrounding_scene"
    },
    {
      "label": "first-basic-full-released-phrase",
      "first": 37,
      "last": 59,
      "crop_scope": "hero_and_surrounding_scene"
    },
    {
      "label": "first-marked-full-released-phrase",
      "first": 70,
      "last": 99,
      "crop_scope": "hero_and_surrounding_scene"
    },
    {
      "label": "first-rain-full-released-phrase",
      "first": 1312,
      "last": 1344,
      "crop_scope": "hero_and_surrounding_scene"
    },
    {
      "label": "first-lateral-evade",
      "first": 342,
      "last": 358,
      "crop_scope": "hero_and_surrounding_scene"
    },
    {
      "label": "first-attack-to-evade",
      "first": 337,
      "last": 358,
      "crop_scope": "hero_and_surrounding_scene"
    },
    {
      "label": "additional-evade-809",
      "first": 793,
      "last": 823,
      "crop_scope": "hero_and_surrounding_scene"
    },
    {
      "label": "additional-evade-1235",
      "first": 1233,
      "last": 1251,
      "crop_scope": "hero_and_surrounding_scene"
    },
    {
      "label": "additional-evade-2144",
      "first": 2142,
      "last": 2166,
      "crop_scope": "hero_and_surrounding_scene"
    },
    {
      "label": "additional-evade-2252",
      "first": 2250,
      "last": 2260,
      "crop_scope": "hero_and_surrounding_scene"
    },
    {
      "label": "ordinary-travel-gait",
      "first": 128,
      "last": 148,
      "crop_scope": "hero_and_surrounding_scene"
    },
    {
      "label": "first-raider-death",
      "first": 12,
      "last": 42,
      "crop_scope": "full_viewport"
    },
    {
      "label": "first-hexer-death",
      "first": 12,
      "last": 42,
      "crop_scope": "full_viewport"
    },
    {
      "label": "first-bulwark-death",
      "first": 867,
      "last": 897,
      "crop_scope": "full_viewport"
    },
    {
      "label": "first-elite-death",
      "first": 1329,
      "last": 1359,
      "crop_scope": "full_viewport"
    },
    {
      "label": "first-boss-death",
      "first": 2334,
      "last": 2364,
      "crop_scope": "full_viewport"
    },
    {
      "label": "first-hexer-telegraph-release-recovery-reset",
      "first": 333,
      "last": 381,
      "crop_scope": "full_viewport"
    },
    {
      "label": "first-boss-telegraph-release-recovery-reset",
      "first": 2118,
      "last": 2301,
      "crop_scope": "full_viewport"
    },
    {
      "label": "original-ending-loot-ui",
      "first": 2553,
      "last": 2558,
      "crop_scope": "full_viewport"
    }
  ],
  "scope": "Every frame of these bounded ranges will be decoded. Explicitly sampled visual review, not a claim that a human watched either entire movie."
}
