{"class": "vowkeeper", "side": "before", "label": "first-signature-full-released-phrase", "first": 1, "last": 24, "sheets": 1, "actual_decoder_exit": 0}
{"class": "vowkeeper", "side": "after", "label": "first-signature-full-released-phrase", "first": 1, "last": 24, "sheets": 1, "actual_decoder_exit": 0}
{"class": "vowkeeper", "side": "before", "label": "first-basic-full-released-phrase", "first": 64, "last": 87, "sheets": 1, "actual_decoder_exit": 0}
{"class": "vowkeeper", "side": "after", "label": "first-basic-full-released-phrase", "first": 64, "last": 87, "sheets": 1, "actual_decoder_exit": 0}
{"class": "vowkeeper", "side": "before", "label": "first-judgment-full-released-phrase", "first": 1621, "last": 1653, "sheets": 2, "actual_decoder_exit": 0}
{"class": "vowkeeper", "side": "after", "label": "first-judgment-full-released-phrase", "first": 1621, "last": 1653, "sheets": 2, "actual_decoder_exit": 0}
{"class": "vowkeeper", "side": "before", "label": "first-sunder-full-released-phrase", "first": 961, "last": 990, "sheets": 2, "actual_decoder_exit": 0}
{"class": "vowkeeper", "side": "after", "label": "first-sunder-full-released-phrase", "first": 961, "last": 990, "sheets": 2, "actual_decoder_exit": 0}
{"class": "vowkeeper", "side": "before", "label": "first-lateral-evade", "first": 423, "last": 439, "sheets": 2, "actual_decoder_exit": 0}
{"class": "vowkeeper", "side": "after", "label": "first-lateral-evade", "first": 423, "last": 439, "sheets": 2, "actual_decoder_exit": 0}
{"class": "vowkeeper", "side": "before", "label": "first-recovery-to-evade", "first": 412, "last": 439, "sheets": 2, "actual_decoder_exit": 0}
{"class": "vowkeeper", "side": "after", "label": "first-recovery-to-evade", "first": 412, "last": 439, "sheets": 2, "actual_decoder_exit": 0}
{"class": "vowkeeper", "side": "before", "label": "first-attack-to-evade", "first": 918, "last": 937, "sheets": 2, "actual_decoder_exit": 0}
{"class": "vowkeeper", "side": "after", "label": "first-attack-to-evade", "first": 918, "last": 937, "sheets": 2, "actual_decoder_exit": 0}
{"class": "vowkeeper", "side": "before", "label": "additional-evade-2501", "first": 2499, "last": 2527, "sheets": 2, "actual_decoder_exit": 0}
{"class": "vowkeeper", "side": "after", "label": "additional-evade-2501", "first": 2499, "last": 2527, "sheets": 2, "actual_decoder_exit": 0}
{"class": "vowkeeper", "side": "before", "label": "additional-evade-2684", "first": 2682, "last": 2707, "sheets": 2, "actual_decoder_exit": 0}
{"class": "vowkeeper", "side": "after", "label": "additional-evade-2684", "first": 2682, "last": 2707, "sheets": 2, "actual_decoder_exit": 0}
{"class": "vowkeeper", "side": "before", "label": "ordinary-travel-gait", "first": 24, "last": 44, "sheets": 1, "actual_decoder_exit": 0}
{"class": "vowkeeper", "side": "after", "label": "ordinary-travel-gait", "first": 24, "last": 44, "sheets": 1, "actual_decoder_exit": 0}
{"class": "vowkeeper", "side": "before", "label": "first-raider-death", "first": 9, "last": 39, "sheets": 2, "actual_decoder_exit": 0}
{"class": "vowkeeper", "side": "after", "label": "first-raider-death", "first": 9, "last": 39, "sheets": 2, "actual_decoder_exit": 0}
{"class": "vowkeeper", "side": "before", "label": "first-hexer-death", "first": 72, "last": 102, "sheets": 3, "actual_decoder_exit": 0}
{"class": "vowkeeper", "side": "after", "label": "first-hexer-death", "first": 72, "last": 102, "sheets": 3, "actual_decoder_exit": 0}
{"class": "vowkeeper", "side": "before", "label": "first-bulwark-death", "first": 975, "last": 1005, "sheets": 2, "actual_decoder_exit": 0}
{"class": "vowkeeper", "side": "after", "label": "first-bulwark-death", "first": 975, "last": 1005, "sheets": 2, "actual_decoder_exit": 0}
{"class": "vowkeeper", "side": "before", "label": "first-elite-death", "first": 1638, "last": 1668, "sheets": 3, "actual_decoder_exit": 0}
{"class": "vowkeeper", "side": "after", "label": "first-elite-death", "first": 1638, "last": 1668, "sheets": 3, "actual_decoder_exit": 0}
{"class": "vowkeeper", "side": "before", "label": "first-boss-death", "first": 2820, "last": 2850, "sheets": 2, "actual_decoder_exit": 0}
{"class": "vowkeeper", "side": "after", "label": "first-boss-death", "first": 2820, "last": 2850, "sheets": 2, "actual_decoder_exit": 0}
{"class": "vowkeeper", "side": "before", "label": "first-boss-phase0-ordinary-melee", "first": 2439, "last": 2466, "sheets": 3, "actual_decoder_exit": 0}
{"class": "vowkeeper", "side": "after", "label": "first-boss-phase0-ordinary-melee", "first": 2439, "last": 2466, "sheets": 3, "actual_decoder_exit": 0}
{"class": "vowkeeper", "side": "before", "label": "first-hexer-telegraph-release-recovery-reset", "first": 414, "last": 462, "sheets": 4, "actual_decoder_exit": 0}
{"class": "vowkeeper", "side": "after", "label": "first-hexer-telegraph-release-recovery-reset", "first": 414, "last": 462, "sheets": 4, "actual_decoder_exit": 0}
{"class": "vowkeeper", "side": "before", "label": "first-elite-interrupted-telegraph", "first": 1638, "last": 1670, "sheets": 3, "actual_decoder_exit": 0}
{"class": "vowkeeper", "side": "after", "label": "first-elite-interrupted-telegraph", "first": 1638, "last": 1670, "sheets": 3, "actual_decoder_exit": 0}
{"class": "vowkeeper", "side": "before", "label": "first-boss-telegraph-release-recovery-reset", "first": 2481, "last": 2718, "sheets": 20, "actual_decoder_exit": 0}
{"class": "vowkeeper", "side": "after", "label": "first-boss-telegraph-release-recovery-reset", "first": 2481, "last": 2718, "sheets": 20, "actual_decoder_exit": 0}
{"class": "vowkeeper", "side": "before", "label": "original-ending-loot-ui", "first": 3093, "last": 3098, "sheets": 1, "actual_decoder_exit": 0}
{"class": "vowkeeper", "side": "after", "label": "original-ending-loot-ui", "first": 3093, "last": 3098, "sheets": 1, "actual_decoder_exit": 0}
