{
  "schema": 1,
  "status": "planned_sampled_visual_review_not_acceptance",
  "source_commit": "1cc13152a83c6631590d4df32ca298700a417df7",
  "baseline_commit": "86cb1b8ec878b4ae06daba5e6c5a4fa583865dc5",
  "character_class": "vowkeeper",
  "comparison_sha256": "4b59eefbe7166104f0dc93e96dc9bd5895284fbdc30bf2da7150c292e23d20a8",
  "ranges": [
    {
      "label": "first-signature-full-released-phrase",
      "first": 1,
      "last": 24,
      "crop_scope": "hero_and_surrounding_scene"
    },
    {
      "label": "first-basic-full-released-phrase",
      "first": 64,
      "last": 87,
      "crop_scope": "hero_and_surrounding_scene"
    },
    {
      "label": "first-judgment-full-released-phrase",
      "first": 1621,
      "last": 1653,
      "crop_scope": "hero_and_surrounding_scene"
    },
    {
      "label": "first-sunder-full-released-phrase",
      "first": 961,
      "last": 990,
      "crop_scope": "hero_and_surrounding_scene"
    },
    {
      "label": "first-lateral-evade",
      "first": 423,
      "last": 439,
      "crop_scope": "hero_and_surrounding_scene"
    },
    {
      "label": "first-recovery-to-evade",
      "first": 412,
      "last": 439,
      "crop_scope": "hero_and_surrounding_scene"
    },
    {
      "label": "first-attack-to-evade",
      "first": 918,
      "last": 937,
      "crop_scope": "hero_and_surrounding_scene"
    },
    {
      "label": "additional-evade-2501",
      "first": 2499,
      "last": 2527,
      "crop_scope": "hero_and_surrounding_scene"
    },
    {
      "label": "additional-evade-2684",
      "first": 2682,
      "last": 2707,
      "crop_scope": "hero_and_surrounding_scene"
    },
    {
      "label": "ordinary-travel-gait",
      "first": 24,
      "last": 44,
      "crop_scope": "hero_and_surrounding_scene"
    },
    {
      "label": "first-raider-death",
      "first": 9,
      "last": 39,
      "crop_scope": "full_viewport"
    },
    {
      "label": "first-hexer-death",
      "first": 72,
      "last": 102,
      "crop_scope": "full_viewport"
    },
    {
      "label": "first-bulwark-death",
      "first": 975,
      "last": 1005,
      "crop_scope": "full_viewport"
    },
    {
      "label": "first-elite-death",
      "first": 1638,
      "last": 1668,
      "crop_scope": "full_viewport"
    },
    {
      "label": "first-boss-death",
      "first": 2820,
      "last": 2850,
      "crop_scope": "full_viewport"
    },
    {
      "label": "first-boss-phase0-ordinary-melee",
      "first": 2439,
      "last": 2466,
      "crop_scope": "full_viewport"
    },
    {
      "label": "first-hexer-telegraph-release-recovery-reset",
      "first": 414,
      "last": 462,
      "crop_scope": "full_viewport"
    },
    {
      "label": "first-elite-interrupted-telegraph",
      "first": 1638,
      "last": 1670,
      "crop_scope": "full_viewport"
    },
    {
      "label": "first-boss-telegraph-release-recovery-reset",
      "first": 2481,
      "last": 2718,
      "crop_scope": "full_viewport"
    },
    {
      "label": "original-ending-loot-ui",
      "first": 3093,
      "last": 3098,
      "crop_scope": "full_viewport"
    }
  ],
  "scope": "Every frame of these bounded ranges will be decoded. Explicitly sampled visual review, not a claim that a human watched either entire movie."
}
