{"original_native_png": "gameplay-final-evade/before-vowkeeper/selected-frames/frame-00008.png", "bytes": 809170, "sha256": "d3342eb09666c815ffcaa33f84d36a8fc82bb94fc7c4b53ad9e264ca6b59c529", "actual_ai_inspection_recorded_utc": "2026-10-08T00:11:52.185602+00:00"}
{"original_native_png": "gameplay-final-evade/after-vowkeeper/selected-frames/frame-00008.png", "bytes": 808462, "sha256": "4b2134f6c9a3b7f52e39dd484a68aa3190e6e48685b9fafe61f254a11a342d6b", "actual_ai_inspection_recorded_utc": "2026-10-08T00:11:52.187178+00:00"}
{"original_native_png": "gameplay-final-evade/before-vowkeeper/selected-frames/frame-00011.png", "bytes": 808859, "sha256": "60168e06e8b11b322edd94d767f9ad881484d9d1f89e4a91786246968840d265", "actual_ai_inspection_recorded_utc": "2026-10-08T00:12:08.580868+00:00"}
{"original_native_png": "gameplay-final-evade/after-vowkeeper/selected-frames/frame-00011.png", "bytes": 808627, "sha256": "cd55ff1aa764bfb7f3bc565fd2fb40d65062b3aea2fbef5204be6a105df9807d", "actual_ai_inspection_recorded_utc": "2026-10-08T00:12:08.581616+00:00"}
{"original_native_png": "gameplay-final-evade/before-vowkeeper/selected-frames/frame-00074.png", "bytes": 794755, "sha256": "16e3f82f6c48bc3915638f7b5ed2e95da824def7b0f72c53fee54e07f3ff5145", "actual_ai_inspection_recorded_utc": "2026-10-08T00:12:22.759971+00:00"}
{"original_native_png": "gameplay-final-evade/after-vowkeeper/selected-frames/frame-00074.png", "bytes": 794393, "sha256": "2581619822a9a250d9ad4a9e3a2829ade5a4cb2ba759ae0ad6ec2ef6c0aef765", "actual_ai_inspection_recorded_utc": "2026-10-08T00:12:22.760820+00:00"}
{"original_native_png": "gameplay-final-evade/before-vowkeeper/selected-frames/frame-00425.png", "bytes": 843291, "sha256": "fd9999b45ff19c12f3edaa922aa2dec0092b0550ff875bfecf31a55cf0be8ebe", "actual_ai_inspection_recorded_utc": "2026-10-08T00:12:36.783315+00:00"}
{"original_native_png": "gameplay-final-evade/after-vowkeeper/selected-frames/frame-00425.png", "bytes": 843138, "sha256": "74720bb3e4fc01c50170efaa01138f2e65df62a314dc12caf4b92a7e357319ad", "actual_ai_inspection_recorded_utc": "2026-10-08T00:12:36.784107+00:00"}
{"original_native_png": "gameplay-final-evade/before-vowkeeper/selected-frames/frame-00428.png", "bytes": 842806, "sha256": "955e2552fad150c488ed076e5f303ce0475cd7a7affd36fc8a2a69962f063800", "actual_ai_inspection_recorded_utc": "2026-10-08T00:13:04.695360+00:00"}
{"original_native_png": "gameplay-final-evade/after-vowkeeper/selected-frames/frame-00428.png", "bytes": 842997, "sha256": "e48e61df94c1f3270e52cd9b7681e8e13c8412da9763f4a4fa4b7bb856bb8a00", "actual_ai_inspection_recorded_utc": "2026-10-08T00:13:04.696148+00:00"}
{"original_native_png": "gameplay-final-evade/before-vowkeeper/selected-frames/frame-00431.png", "bytes": 843664, "sha256": "28c4a0b907d5c7845cb8c93161f0aead1a80682bc7b8d601e54955c04df5bb16", "actual_ai_inspection_recorded_utc": "2026-10-08T00:13:18.126419+00:00"}
{"original_native_png": "gameplay-final-evade/after-vowkeeper/selected-frames/frame-00431.png", "bytes": 844345, "sha256": "0e72aae73916b3d6a39d3eec9cf47e3fb0ee39ed367236a9296e313ebeca99d5", "actual_ai_inspection_recorded_utc": "2026-10-08T00:13:18.127387+00:00"}
{"original_native_png": "gameplay-final-evade/before-vowkeeper/selected-frames/frame-00434.png", "bytes": 843562, "sha256": "b8a5fcfab7b79f1d6707fe9656a6093465a08c4e90256878f7a11655a1306936", "actual_ai_inspection_recorded_utc": "2026-10-08T00:13:32.618947+00:00"}
{"original_native_png": "gameplay-final-evade/after-vowkeeper/selected-frames/frame-00434.png", "bytes": 843827, "sha256": "a0cbde5ddb9f5ac5ff10c1579438e12431c271c1d335cba78a2b3cff3f5d506b", "actual_ai_inspection_recorded_utc": "2026-10-08T00:13:32.619801+00:00"}
{"original_native_png": "gameplay-final-evade/before-vowkeeper/selected-frames/frame-02700.png", "bytes": 863441, "sha256": "275e04ecd51dcb44ffd7859f0f74dd8ce0af5b544c048dc684ed7e45aae73b62", "actual_ai_inspection_recorded_utc": "2026-10-08T00:13:50.821072+00:00"}
{"original_native_png": "gameplay-final-evade/after-vowkeeper/selected-frames/frame-02700.png", "bytes": 864210, "sha256": "994adc073234952e8113cd209010c416ec78b2bfe3f2c7ec8b2bba469701e06e", "actual_ai_inspection_recorded_utc": "2026-10-08T00:13:50.822064+00:00"}
{"file": "vowkeeper/before/first-signature-full-released-phrase/derived-contact-sheet-00.jpg", "bytes": 308537, "sha256": "5552b26bee1156158f047c41d835ef3cc9dddd1779995f107edb55f7d3e78194", "actual_ai_inspection_recorded_utc": "2026-10-08T00:14:27.890055+00:00"}
{"file": "vowkeeper/after/first-signature-full-released-phrase/derived-contact-sheet-00.jpg", "bytes": 309503, "sha256": "5e380cf82a5afe0ba763c984d5b05b8557f8d2d9a428e4e5f7137ff880f98059", "actual_ai_inspection_recorded_utc": "2026-10-08T00:14:27.890469+00:00"}
{"file": "vowkeeper/before/first-basic-full-released-phrase/derived-contact-sheet-00.jpg", "bytes": 293129, "sha256": "cc5e4560ef6559916f63c1086fdd8bd48302b6c3f8d1c20d455a294c1e2d03c1", "actual_ai_inspection_recorded_utc": "2026-10-08T00:14:45.890686+00:00"}
{"file": "vowkeeper/after/first-basic-full-released-phrase/derived-contact-sheet-00.jpg", "bytes": 291146, "sha256": "14cda56533e1cce68f6118fa4624f559c8c803882d671df8f7482fda673cbd88", "actual_ai_inspection_recorded_utc": "2026-10-08T00:14:45.891069+00:00"}
{"file": "vowkeeper/before/first-judgment-full-released-phrase/derived-contact-sheet-00.jpg", "bytes": 265569, "sha256": "85a9d467e15834402b039f2759ab78730bdc5b8cd4c260bce96787c1cec374c7", "actual_ai_inspection_recorded_utc": "2026-10-08T00:15:05.480014+00:00"}
{"file": "vowkeeper/after/first-judgment-full-released-phrase/derived-contact-sheet-00.jpg", "bytes": 271583, "sha256": "7722ef85191b1e6994a77bd3f34b8d4173c31ba4361b16c478eaf19d65cd7e43", "actual_ai_inspection_recorded_utc": "2026-10-08T00:15:05.480418+00:00"}
{"file": "vowkeeper/before/first-judgment-full-released-phrase/derived-contact-sheet-01.jpg", "bytes": 85582, "sha256": "3a39ce04cfea4dec0f4c8db087875ac54c485ae033c4c05810d542a1a52539df", "actual_ai_inspection_recorded_utc": "2026-10-08T00:15:37.841261+00:00"}
{"file": "vowkeeper/after/first-judgment-full-released-phrase/derived-contact-sheet-01.jpg", "bytes": 87617, "sha256": "f055c08e8a60594c0b00158df00a1639cdd26869c4b82ea59b72f93d4c285ce4", "actual_ai_inspection_recorded_utc": "2026-10-08T00:15:37.841427+00:00"}
{"file": "vowkeeper/before/first-sunder-full-released-phrase/derived-contact-sheet-00.jpg", "bytes": 350332, "sha256": "40304e0a37ef04db949bc22e3a3b46908d86ec158cf7e53f2d0875e6391e5796", "actual_ai_inspection_recorded_utc": "2026-10-08T00:16:00.695406+00:00"}
{"file": "vowkeeper/after/first-sunder-full-released-phrase/derived-contact-sheet-00.jpg", "bytes": 361396, "sha256": "97528118734a65530d2fa01c722abbaafb40eb19726b7713f7ccf6f1798d03e6", "actual_ai_inspection_recorded_utc": "2026-10-08T00:16:00.695883+00:00"}
{"file": "vowkeeper/before/first-sunder-full-released-phrase/derived-contact-sheet-01.jpg", "bytes": 81044, "sha256": "31480b32e11151597a1aa5938de309cec317e304847db2063144ef707a38d9de", "actual_ai_inspection_recorded_utc": "2026-10-08T00:16:17.767585+00:00"}
{"file": "vowkeeper/after/first-sunder-full-released-phrase/derived-contact-sheet-01.jpg", "bytes": 85433, "sha256": "cab5838debc90e84fce1727d1d34fb0a249edff4697720ee68d98c0e19b2b5d2", "actual_ai_inspection_recorded_utc": "2026-10-08T00:16:17.767756+00:00"}
{"file": "vowkeeper/before/first-lateral-evade/derived-contact-sheet-00.png", "bytes": 605008, "sha256": "3781b0564888003b24b43c46687bb3c1d28f00e4afa9890d3226528cd42ee958", "actual_ai_inspection_recorded_utc": "2026-10-08T00:16:35.118478+00:00"}
{"file": "vowkeeper/after/first-lateral-evade/derived-contact-sheet-00.png", "bytes": 605258, "sha256": "4a5e3d211067953beae181bc58a69ce7614429ee5f2778950589cb7e83a6f924", "actual_ai_inspection_recorded_utc": "2026-10-08T00:16:35.119213+00:00"}
{"file": "vowkeeper/before/first-lateral-evade/derived-contact-sheet-01.png", "bytes": 76926, "sha256": "39a667d44529f8e6b55c1ac3883905176b2913d046a0fe598dde41d35258d22d", "actual_ai_inspection_recorded_utc": "2026-10-08T00:19:52.772539+00:00"}
{"file": "vowkeeper/after/first-lateral-evade/derived-contact-sheet-01.png", "bytes": 78035, "sha256": "c64b5be7195719bce3843d2203927493e5d15cce37bd661f629fd2cb2b335600", "actual_ai_inspection_recorded_utc": "2026-10-08T00:19:52.772712+00:00"}
{"file": "vowkeeper/before/first-recovery-to-evade/derived-contact-sheet-00.png", "bytes": 600454, "sha256": "1a1f817bb739ce8a4869735cefe5687d3ef214ca02b087214db3ab8cd19d8013", "actual_ai_inspection_recorded_utc": "2026-10-08T00:20:08.684779+00:00"}
{"file": "vowkeeper/after/first-recovery-to-evade/derived-contact-sheet-00.png", "bytes": 591898, "sha256": "c2478168bf19fd01bb30ce3e8afe3a95864ffdaacb5e3529ac0f523fce69e983", "actual_ai_inspection_recorded_utc": "2026-10-08T00:20:08.685478+00:00"}
{"file": "vowkeeper/before/first-recovery-to-evade/derived-contact-sheet-01.png", "bytes": 449509, "sha256": "fc01edead51893f2822f89f85f7aa421e94c507f72aef3315fcfd94d25885346", "actual_ai_inspection_recorded_utc": "2026-10-08T00:20:20.922929+00:00"}
{"file": "vowkeeper/after/first-recovery-to-evade/derived-contact-sheet-01.png", "bytes": 455169, "sha256": "6cb5c6eae110400fbd73baead47a8b6266826ab7358789fcb9d96cb3ddca41b9", "actual_ai_inspection_recorded_utc": "2026-10-08T00:20:20.923491+00:00"}
{"file": "vowkeeper/before/first-attack-to-evade/derived-contact-sheet-00.png", "bytes": 810737, "sha256": "412eedc398c211344c75d5380799686a201a26a18cfc13c80962ee8081cab760", "actual_ai_inspection_recorded_utc": "2026-10-08T00:20:34.697975+00:00"}
{"file": "vowkeeper/after/first-attack-to-evade/derived-contact-sheet-00.png", "bytes": 858062, "sha256": "fb7487697d5973f1c60789aff025b9004241779aedd491e29ac233ca2447e1b1", "actual_ai_inspection_recorded_utc": "2026-10-08T00:20:34.698961+00:00"}
{"file": "vowkeeper/before/first-attack-to-evade/derived-contact-sheet-01.png", "bytes": 230346, "sha256": "54afeb35e5e40e28540353e751a00e02c5ba4f3aaca107b88b680eac793a434c", "actual_ai_inspection_recorded_utc": "2026-10-08T00:20:44.566927+00:00"}
{"file": "vowkeeper/after/first-attack-to-evade/derived-contact-sheet-01.png", "bytes": 227704, "sha256": "aeb41d7a043fdab15e32d376339d08d355f67365db0a6532eaf7e77813bb85ee", "actual_ai_inspection_recorded_utc": "2026-10-08T00:20:44.567357+00:00"}
{"file": "vowkeeper/before/additional-evade-2501/derived-contact-sheet-00.png", "bytes": 777558, "sha256": "8ab3d804f8bc555fbaf23554db4f937fbae6eb20b5968ed4bd7c9ca7f86eeb0e", "actual_ai_inspection_recorded_utc": "2026-10-08T00:20:56.641312+00:00"}
{"file": "vowkeeper/after/additional-evade-2501/derived-contact-sheet-00.png", "bytes": 827497, "sha256": "c2cca29f31f97041dc75c5a7d9a7c1e38a4382f273347addab34a993f732d293", "actual_ai_inspection_recorded_utc": "2026-10-08T00:20:56.642567+00:00"}
{"file": "vowkeeper/before/additional-evade-2501/derived-contact-sheet-01.png", "bytes": 751404, "sha256": "edd018c217e14c89389e9e2933cf4d10e5eb80bbf06ecb819d92c388550e7749", "actual_ai_inspection_recorded_utc": "2026-10-08T00:21:11.102298+00:00"}
{"file": "vowkeeper/after/additional-evade-2501/derived-contact-sheet-01.png", "bytes": 763261, "sha256": "dc13c230bdbfef09ba59dcb9502be47a7153ccb15c90b0ab4f3c7b404130a0e8", "actual_ai_inspection_recorded_utc": "2026-10-08T00:21:11.103173+00:00"}
{"file": "vowkeeper/before/additional-evade-2684/derived-contact-sheet-00.png", "bytes": 731798, "sha256": "0f8c4c22290494ecd0a0812996afed2366e5f9c79f79ccb36ccc7e71cfabd904", "actual_ai_inspection_recorded_utc": "2026-10-08T00:21:22.504856+00:00"}
{"file": "vowkeeper/after/additional-evade-2684/derived-contact-sheet-00.png", "bytes": 764817, "sha256": "e26d0d598f1094d4caedc395b55cb42aea8f103003efbb1df4170aa73a776587", "actual_ai_inspection_recorded_utc": "2026-10-08T00:21:22.505717+00:00"}
{"file": "vowkeeper/before/additional-evade-2684/derived-contact-sheet-01.png", "bytes": 431895, "sha256": "c882603e5adc87af8185a0adb6b8ed46bc1f9164e10d88d323b1f4a6007c0a81", "actual_ai_inspection_recorded_utc": "2026-10-08T00:21:36.355048+00:00"}
{"file": "vowkeeper/after/additional-evade-2684/derived-contact-sheet-01.png", "bytes": 443446, "sha256": "c4a5f985824a63a4fb45eb4b376bec7ece521abefa29e6f253c72cab25d6f831", "actual_ai_inspection_recorded_utc": "2026-10-08T00:21:36.355639+00:00"}
{"file": "vowkeeper/before/ordinary-travel-gait/derived-contact-sheet-00.jpg", "bytes": 204504, "sha256": "e7dc3efc07353121a83f5acce02031805df964c86fd53e0da875548430076498", "actual_ai_inspection_recorded_utc": "2026-10-08T00:21:47.582473+00:00"}
{"file": "vowkeeper/after/ordinary-travel-gait/derived-contact-sheet-00.jpg", "bytes": 203858, "sha256": "7242e7d4b5594fda3d10cb4c3971c4909a89387f64af1d8b42adca6ccd906a7d", "actual_ai_inspection_recorded_utc": "2026-10-08T00:21:47.582805+00:00"}
