2026-10-06T15:04:57.7448605Z EXPORTED AVATAR SMOKE: 12 checks, 0 failures
2026-10-06T15:05:38.1196523Z PASS BETA FLOW SMOKE: 46 checks
2026-10-06T15:05:43.0500094Z PASS COMBAT STANCES SMOKE: 140 checks
2026-10-06T15:05:45.8347558Z PASS COMBAT MOVEMENT SMOKE: 8 checks
2026-10-06T15:06:55.9592350Z PASS JOURNEY SMOKE: 413 checks
2026-10-06T15:07:52.9649634Z PASS DUNGEON SMOKE: 55 checks
2026-10-06T15:08:02.8199740Z PASS PERSISTENCE SMOKE: 89 checks
2026-10-06T15:08:24.4781695Z PASS ARCANE TACTICS SMOKE: 29 checks
2026-10-06T15:08:58.8778269Z PASS BOSS PATTERNS SMOKE: 122 checks
2026-10-06T15:09:02.5931762Z PASS CLASS LOOT SMOKE: 29 checks
2026-10-06T15:09:35.2341451Z PASS CONTRACTS SMOKE: 68 checks
2026-10-06T15:09:55.9526551Z PASS COMBINED OATHS / PHASES SMOKE: 338 checks
2026-10-06T15:10:09.0626290Z PASS MAIN COMBINED RULES SMOKE: 156 checks
2026-10-06T15:11:00.2059347Z PASS GEAR / FORECAST SMOKE: 38 checks
2026-10-06T15:11:04.1953352Z PASS GEAR GOALS SMOKE: 114 checks
2026-10-06T15:11:12.5580462Z PASS REGIONS SMOKE: 36 checks
2026-10-06T15:11:19.9016006Z PASS ONBOARDING SMOKE: 19 checks
2026-10-06T15:11:23.4330279Z PASS SUCCESS LOOP SMOKE: 87 checks
2026-10-06T15:11:26.0332360Z PASS RECOVERY SMOKE: 48 checks
2026-10-06T15:11:32.1655536Z PASS OPTIONS SMOKE: 82 checks
2026-10-06T15:11:55.0320581Z PASS SKILL ROTATION SMOKE: 135 checks
2026-10-06T15:12:02.1922145Z PASS VISUALS SMOKE: 73 checks
2026-10-06T15:12:33.8941414Z PASS WORLD FRAMING SMOKE: 900 checks
2026-10-06T15:12:41.7963720Z PASS AUTHORED ART SMOKE: 105 checks
2026-10-06T15:12:47.5515398Z PASS CHARACTER EQUIPMENT SMOKE: 50 checks
2026-10-06T15:12:53.7691592Z PASS PRESENTATION SMOKE: 72 checks
2026-10-06T15:12:54.4026533Z PASS FRAME METRICS SMOKE: 10 checks
2026-10-06T15:12:55.1302781Z PASS ROOM GROUND SMOKE: 19 checks
2026-10-06T15:13:13.1636322Z PASS CHARACTER THREE D SMOKE: 164 checks
2026-10-06T15:13:27.2583899Z PASS SOURCE AVATAR STYLE SMOKE: 131 checks
2026-10-06T15:13:37.3892273Z PASS GUARDIAN PRESENTATION SMOKE: 274 checks
2026-10-06T15:13:39.2356427Z PASS COMBAT AUDIO SMOKE: 61 checks
2026-10-06T15:13:51.7789046Z PASS ANIMATION CRAFT SMOKE: 50 checks
2026-10-06T15:13:58.1811558Z PASS CAMP HUD SMOKE: 44 checks
2026-10-06T15:14:11.1009202Z PASS COMBAT READABILITY SMOKE: 57 checks
2026-10-06T15:14:14.6252882Z PASS FELLOWSHIP UI SMOKE: 11 checks
2026-10-06T15:14:15.2721397Z PASS CLOUD IDENTITY SMOKE: 14 checks
2026-10-06T15:14:23.5993209Z PASS MANA WARD SMOKE: 27 checks
2026-10-06T15:14:23.5994667Z PROGRESSION RUNTIME: server-owned profile, bounded AFK settlement, allowlists, inventory and replay protection passed.
2026-10-06T15:14:23.5995279Z BETA CHECKS: 40 Godot suites, 4538 checks, 0 failures
