Godot Engine v4.7.2.stable.official.ed1daf0bf - https://godotengine.org

ERROR: Arcanist: centre of gravity visibly lowers within adult anatomy; drop=0.44418168067932
   at: push_error (core/variant/variant_utility.cpp:1023)
   GDScript backtrace (most recent call first):
       [0] check (res://tests/source_avatar_grip_smoke.gd:22)
       [1] audit_class (res://tests/source_avatar_evade_smoke.gd:203)
       [2] run (res://tests/source_avatar_evade_smoke.gd:398)
ERROR: Arcanist: actual anatomical knee bends toward the source forward plane during every escape direction; side=l forward=0.00170686841011
   at: push_error (core/variant/variant_utility.cpp:1023)
   GDScript backtrace (most recent call first):
       [0] check (res://tests/source_avatar_grip_smoke.gd:22)
       [1] audit_class (res://tests/source_avatar_evade_smoke.gd:211)
       [2] run (res://tests/source_avatar_evade_smoke.gd:398)
ERROR: Arcanist: centre of gravity visibly lowers within adult anatomy; drop=0.420694231987
   at: push_error (core/variant/variant_utility.cpp:1023)
   GDScript backtrace (most recent call first):
       [0] check (res://tests/source_avatar_grip_smoke.gd:22)
       [1] audit_class (res://tests/source_avatar_evade_smoke.gd:203)
       [2] run (res://tests/source_avatar_evade_smoke.gd:398)
ERROR: Arcanist: actual anatomical knee bends toward the source forward plane during every escape direction; side=l forward=-0.00400131940842
   at: push_error (core/variant/variant_utility.cpp:1023)
   GDScript backtrace (most recent call first):
       [0] check (res://tests/source_avatar_grip_smoke.gd:22)
       [1] audit_class (res://tests/source_avatar_evade_smoke.gd:211)
       [2] run (res://tests/source_avatar_evade_smoke.gd:398)
ERROR: Arcanist: actual anatomical knee bends toward the source forward plane during every escape direction; side=r forward=0.00668556988239
   at: push_error (core/variant/variant_utility.cpp:1023)
   GDScript backtrace (most recent call first):
       [0] check (res://tests/source_avatar_grip_smoke.gd:22)
       [1] audit_class (res://tests/source_avatar_evade_smoke.gd:211)
       [2] run (res://tests/source_avatar_evade_smoke.gd:398)
ERROR: Arcanist: centre of gravity visibly lowers within adult anatomy; drop=0.46133685112
   at: push_error (core/variant/variant_utility.cpp:1023)
   GDScript backtrace (most recent call first):
       [0] check (res://tests/source_avatar_grip_smoke.gd:22)
       [1] audit_class (res://tests/source_avatar_evade_smoke.gd:203)
       [2] run (res://tests/source_avatar_evade_smoke.gd:398)
ERROR: Arcanist: actual anatomical knee bends toward the source forward plane during every escape direction; side=r forward=0.00557690858841
   at: push_error (core/variant/variant_utility.cpp:1023)
   GDScript backtrace (most recent call first):
       [0] check (res://tests/source_avatar_grip_smoke.gd:22)
       [1] audit_class (res://tests/source_avatar_evade_smoke.gd:211)
       [2] run (res://tests/source_avatar_evade_smoke.gd:398)
ERROR: Arcanist: every actually indexed weighted source garment, robe tail and accessory clears the original ground at phase 0.3; minimum=-0.04151545092463
   at: push_error (core/variant/variant_utility.cpp:1023)
   GDScript backtrace (most recent call first):
       [0] check (res://tests/source_avatar_grip_smoke.gd:22)
       [1] audit_class (res://tests/source_avatar_evade_smoke.gd:191)
       [2] run (res://tests/source_avatar_evade_smoke.gd:398)
ERROR: Arcanist: centre of gravity visibly lowers within adult anatomy; drop=0.51728665828705
   at: push_error (core/variant/variant_utility.cpp:1023)
   GDScript backtrace (most recent call first):
       [0] check (res://tests/source_avatar_grip_smoke.gd:22)
       [1] audit_class (res://tests/source_avatar_evade_smoke.gd:203)
       [2] run (res://tests/source_avatar_evade_smoke.gd:398)
ERROR: Arcanist: actual anatomical knee bends toward the source forward plane during every escape direction; side=l forward=-0.11633966863155
   at: push_error (core/variant/variant_utility.cpp:1023)
   GDScript backtrace (most recent call first):
       [0] check (res://tests/source_avatar_grip_smoke.gd:22)
       [1] audit_class (res://tests/source_avatar_evade_smoke.gd:211)
       [2] run (res://tests/source_avatar_evade_smoke.gd:398)
ERROR: Arcanist: actual anatomical knee bends toward the source forward plane during every escape direction; side=r forward=0.00391000509262
   at: push_error (core/variant/variant_utility.cpp:1023)
   GDScript backtrace (most recent call first):
       [0] check (res://tests/source_avatar_grip_smoke.gd:22)
       [1] audit_class (res://tests/source_avatar_evade_smoke.gd:211)
       [2] run (res://tests/source_avatar_evade_smoke.gd:398)
ERROR: Arcanist: actual anatomical knee bends toward the source forward plane during every escape direction; side=l forward=0.0057275686413
   at: push_error (core/variant/variant_utility.cpp:1023)
   GDScript backtrace (most recent call first):
       [0] check (res://tests/source_avatar_grip_smoke.gd:22)
       [1] audit_class (res://tests/source_avatar_evade_smoke.gd:211)
       [2] run (res://tests/source_avatar_evade_smoke.gd:398)
ERROR: Ranger: centre of gravity visibly lowers within adult anatomy; drop=0.43932896852493
   at: push_error (core/variant/variant_utility.cpp:1023)
   GDScript backtrace (most recent call first):
       [0] check (res://tests/source_avatar_grip_smoke.gd:22)
       [1] audit_class (res://tests/source_avatar_evade_smoke.gd:203)
       [2] run (res://tests/source_avatar_evade_smoke.gd:398)
ERROR: Ranger: actual anatomical knee bends toward the source forward plane during every escape direction; side=l forward=0.00175783038139
   at: push_error (core/variant/variant_utility.cpp:1023)
   GDScript backtrace (most recent call first):
       [0] check (res://tests/source_avatar_grip_smoke.gd:22)
       [1] audit_class (res://tests/source_avatar_evade_smoke.gd:211)
       [2] run (res://tests/source_avatar_evade_smoke.gd:398)
ERROR: Ranger: centre of gravity visibly lowers within adult anatomy; drop=0.41110181808472
   at: push_error (core/variant/variant_utility.cpp:1023)
   GDScript backtrace (most recent call first):
       [0] check (res://tests/source_avatar_grip_smoke.gd:22)
       [1] audit_class (res://tests/source_avatar_evade_smoke.gd:203)
       [2] run (res://tests/source_avatar_evade_smoke.gd:398)
ERROR: Ranger: actual anatomical knee bends toward the source forward plane during every escape direction; side=l forward=-0.00406846404076
   at: push_error (core/variant/variant_utility.cpp:1023)
   GDScript backtrace (most recent call first):
       [0] check (res://tests/source_avatar_grip_smoke.gd:22)
       [1] audit_class (res://tests/source_avatar_evade_smoke.gd:211)
       [2] run (res://tests/source_avatar_evade_smoke.gd:398)
ERROR: Ranger: every actually indexed weighted source garment, robe tail and accessory clears the original ground at phase 0.3; minimum=-0.00749871041626
   at: push_error (core/variant/variant_utility.cpp:1023)
   GDScript backtrace (most recent call first):
       [0] check (res://tests/source_avatar_grip_smoke.gd:22)
       [1] audit_class (res://tests/source_avatar_evade_smoke.gd:191)
       [2] run (res://tests/source_avatar_evade_smoke.gd:398)
ERROR: Ranger: actual anatomical knee bends toward the source forward plane during every escape direction; side=r forward=0.00670894607902
   at: push_error (core/variant/variant_utility.cpp:1023)
   GDScript backtrace (most recent call first):
       [0] check (res://tests/source_avatar_grip_smoke.gd:22)
       [1] audit_class (res://tests/source_avatar_evade_smoke.gd:211)
       [2] run (res://tests/source_avatar_evade_smoke.gd:398)
ERROR: Ranger: actual indexed held weapon clears the original ground throughout evade; minimum=-0.01374151557684
   at: push_error (core/variant/variant_utility.cpp:1023)
   GDScript backtrace (most recent call first):
       [0] check (res://tests/source_avatar_grip_smoke.gd:22)
       [1] audit_class (res://tests/source_avatar_evade_smoke.gd:194)
       [2] run (res://tests/source_avatar_evade_smoke.gd:398)
ERROR: Ranger: centre of gravity visibly lowers within adult anatomy; drop=0.45510315895081
   at: push_error (core/variant/variant_utility.cpp:1023)
   GDScript backtrace (most recent call first):
       [0] check (res://tests/source_avatar_grip_smoke.gd:22)
       [1] audit_class (res://tests/source_avatar_evade_smoke.gd:203)
       [2] run (res://tests/source_avatar_evade_smoke.gd:398)
ERROR: Ranger: actual anatomical knee bends toward the source forward plane during every escape direction; side=r forward=0.00566124916077
   at: push_error (core/variant/variant_utility.cpp:1023)
   GDScript backtrace (most recent call first):
       [0] check (res://tests/source_avatar_grip_smoke.gd:22)
       [1] audit_class (res://tests/source_avatar_evade_smoke.gd:211)
       [2] run (res://tests/source_avatar_evade_smoke.gd:398)
ERROR: Ranger: every actually indexed weighted source garment, robe tail and accessory clears the original ground at phase 0.3; minimum=-0.00063128396869
   at: push_error (core/variant/variant_utility.cpp:1023)
   GDScript backtrace (most recent call first):
       [0] check (res://tests/source_avatar_grip_smoke.gd:22)
       [1] audit_class (res://tests/source_avatar_evade_smoke.gd:191)
       [2] run (res://tests/source_avatar_evade_smoke.gd:398)
ERROR: Ranger: actual indexed held weapon clears the original ground throughout evade; minimum=-0.12794417142868
   at: push_error (core/variant/variant_utility.cpp:1023)
   GDScript backtrace (most recent call first):
       [0] check (res://tests/source_avatar_grip_smoke.gd:22)
       [1] audit_class (res://tests/source_avatar_evade_smoke.gd:194)
       [2] run (res://tests/source_avatar_evade_smoke.gd:398)
ERROR: Ranger: every actually indexed weighted source garment, robe tail and accessory clears the original ground at phase 0.5; minimum=-0.02394381165504
   at: push_error (core/variant/variant_utility.cpp:1023)
   GDScript backtrace (most recent call first):
       [0] check (res://tests/source_avatar_grip_smoke.gd:22)
       [1] audit_class (res://tests/source_avatar_evade_smoke.gd:191)
       [2] run (res://tests/source_avatar_evade_smoke.gd:398)
ERROR: Ranger: centre of gravity visibly lowers within adult anatomy; drop=0.50511038303375
   at: push_error (core/variant/variant_utility.cpp:1023)
   GDScript backtrace (most recent call first):
       [0] check (res://tests/source_avatar_grip_smoke.gd:22)
       [1] audit_class (res://tests/source_avatar_evade_smoke.gd:203)
       [2] run (res://tests/source_avatar_evade_smoke.gd:398)
ERROR: Ranger: actual anatomical knee bends toward the source forward plane during every escape direction; side=l forward=-0.11790178716183
   at: push_error (core/variant/variant_utility.cpp:1023)
   GDScript backtrace (most recent call first):
       [0] check (res://tests/source_avatar_grip_smoke.gd:22)
       [1] audit_class (res://tests/source_avatar_evade_smoke.gd:211)
       [2] run (res://tests/source_avatar_evade_smoke.gd:398)
ERROR: Ranger: actual anatomical knee bends toward the source forward plane during every escape direction; side=r forward=0.0040345788002
   at: push_error (core/variant/variant_utility.cpp:1023)
   GDScript backtrace (most recent call first):
       [0] check (res://tests/source_avatar_grip_smoke.gd:22)
       [1] audit_class (res://tests/source_avatar_evade_smoke.gd:211)
       [2] run (res://tests/source_avatar_evade_smoke.gd:398)
ERROR: Ranger: actual anatomical knee bends toward the source forward plane during every escape direction; side=l forward=0.00574492663145
   at: push_error (core/variant/variant_utility.cpp:1023)
   GDScript backtrace (most recent call first):
       [0] check (res://tests/source_avatar_grip_smoke.gd:22)
       [1] audit_class (res://tests/source_avatar_evade_smoke.gd:211)
       [2] run (res://tests/source_avatar_evade_smoke.gd:398)
ERROR: Vowkeeper: actual anatomical knee bends toward the source forward plane during every escape direction; side=l forward=-0.00322392582893
   at: push_error (core/variant/variant_utility.cpp:1023)
   GDScript backtrace (most recent call first):
       [0] check (res://tests/source_avatar_grip_smoke.gd:22)
       [1] audit_class (res://tests/source_avatar_evade_smoke.gd:211)
       [2] run (res://tests/source_avatar_evade_smoke.gd:398)
ERROR: Vowkeeper: actual anatomical knee bends toward the source forward plane during every escape direction; side=r forward=0.00748325884342
   at: push_error (core/variant/variant_utility.cpp:1023)
   GDScript backtrace (most recent call first):
       [0] check (res://tests/source_avatar_grip_smoke.gd:22)
       [1] audit_class (res://tests/source_avatar_evade_smoke.gd:211)
       [2] run (res://tests/source_avatar_evade_smoke.gd:398)
ERROR: Vowkeeper: actual anatomical knee bends toward the source forward plane during every escape direction; side=r forward=0.00484395027161
   at: push_error (core/variant/variant_utility.cpp:1023)
   GDScript backtrace (most recent call first):
       [0] check (res://tests/source_avatar_grip_smoke.gd:22)
       [1] audit_class (res://tests/source_avatar_evade_smoke.gd:211)
       [2] run (res://tests/source_avatar_evade_smoke.gd:398)
ERROR: The actual transformed world preserves its real support ankle during the low step; samples=5 drift=0.15487869083881
   at: push_error (core/variant/variant_utility.cpp:1023)
   GDScript backtrace (most recent call first):
       [0] check (res://tests/source_avatar_grip_smoke.gd:22)
       [1] audit_world_event_and_restore (res://tests/source_avatar_evade_smoke.gd:366)
       [2] run (res://tests/source_avatar_evade_smoke.gd:400)
{"checks":2005,"choreography_metrics":{"Arcanist":[{"actual_progress_samples":121,"complete_stride_cycles":1.37674415932919,"distance_world_m":2.4,"initial_signed_native_ankle_separation_m":0.470056921243668,"minimum_actual_weighted_sole_source_y_m":0.00299999956041574,"minimum_signed_native_ankle_separation_m":0.470056921243668,"minimum_signed_weighted_sole_center_separation_m":0.553535239080365,"minimum_signed_weighted_sole_projection_gap_m":0.341542959213257,"opening_signed_ankle_separation_m":0.812934517860413,"source_direction_index":0},{"actual_progress_samples":121,"complete_stride_cycles":3,"distance_world_m":5.22972983121872,"initial_signed_native_ankle_separation_m":0.470056921243668,"minimum_actual_weighted_sole_source_y_m":0.00299999956041574,"minimum_signed_native_ankle_separation_m":0.4700568318367,"minimum_signed_weighted_sole_center_separation_m":0.553535239080365,"minimum_signed_weighted_sole_projection_gap_m":0.341542959213257,"opening_signed_ankle_separation_m":1.52650308609009,"source_direction_index":0},{"actual_progress_samples":121,"complete_stride_cycles":1.37674415932919,"distance_world_m":2.4,"initial_signed_native_ankle_separation_m":0.470056921243668,"minimum_actual_weighted_sole_source_y_m":0.00299999956041574,"minimum_signed_native_ankle_separation_m":0.470056921243668,"minimum_signed_weighted_sole_center_separation_m":0.553535239080365,"minimum_signed_weighted_sole_projection_gap_m":0.341542959213257,"opening_signed_ankle_separation_m":0.712507963180542,"source_direction_index":1},{"actual_progress_samples":121,"complete_stride_cycles":3,"distance_world_m":5.22972983121872,"initial_signed_native_ankle_separation_m":0.470056921243668,"minimum_actual_weighted_sole_source_y_m":0.00299999956041574,"minimum_signed_native_ankle_separation_m":0.4700568318367,"minimum_signed_weighted_sole_center_separation_m":0.553535239080365,"minimum_signed_weighted_sole_projection_gap_m":0.341542959213257,"opening_signed_ankle_separation_m":1.21707725524902,"source_direction_index":1},{"actual_progress_samples":121,"complete_stride_cycles":1.37674415932919,"distance_world_m":2.4,"initial_signed_native_ankle_separation_m":0.470056921243668,"minimum_actual_weighted_sole_source_y_m":0.00299999956041574,"minimum_signed_native_ankle_separation_m":0.422102868556976,"minimum_signed_weighted_sole_center_separation_m":0.506805687807919,"minimum_signed_weighted_sole_projection_gap_m":0.300944805145264,"opening_signed_ankle_separation_m":0.470057189464569,"source_direction_index":2},{"actual_progress_samples":121,"complete_stride_cycles":3,"distance_world_m":5.22972983121872,"initial_signed_native_ankle_separation_m":0.470056921243668,"minimum_actual_weighted_sole_source_y_m":0.00299999956041574,"minimum_signed_native_ankle_separation_m":0.422241628170013,"minimum_signed_weighted_sole_center_separation_m":0.50694514258524,"minimum_signed_weighted_sole_projection_gap_m":0.301091909408569,"opening_signed_ankle_separation_m":0.4700568318367,"source_direction_index":2},{"actual_progress_samples":121,"complete_stride_cycles":1.37674415932919,"distance_world_m":2.4,"initial_signed_native_ankle_separation_m":0.470056921243668,"minimum_actual_weighted_sole_source_y_m":0.00299999956041574,"minimum_signed_native_ankle_separation_m":0.470056921243668,"minimum_signed_weighted_sole_center_separation_m":0.553535239080365,"minimum_signed_weighted_sole_projection_gap_m":0.341542959213257,"opening_signed_ankle_separation_m":0.712507605552673,"source_direction_index":3},{"actual_progress_samples":121,"complete_stride_cycles":3,"distance_world_m":5.22972983121872,"initial_signed_native_ankle_separation_m":0.470056921243668,"minimum_actual_weighted_sole_source_y_m":0.00299999956041574,"minimum_signed_native_ankle_separation_m":0.470056653022766,"minimum_signed_weighted_sole_center_separation_m":0.553535239080365,"minimum_signed_weighted_sole_projection_gap_m":0.341542959213257,"opening_signed_ankle_separation_m":1.21707737445831,"source_direction_index":3},{"actual_progress_samples":121,"complete_stride_cycles":1.37674415932919,"distance_world_m":2.4,"initial_signed_native_ankle_separation_m":0.470056921243668,"minimum_actual_weighted_sole_source_y_m":0.00299999956041574,"minimum_signed_native_ankle_separation_m":0.470056921243668,"minimum_signed_weighted_sole_center_separation_m":0.553535239080365,"minimum_signed_weighted_sole_projection_gap_m":0.341542959213257,"opening_signed_ankle_separation_m":0.812934160232544,"source_direction_index":4},{"actual_progress_samples":121,"complete_stride_cycles":3,"distance_world_m":5.22972983121872,"initial_signed_native_ankle_separation_m":0.470056921243668,"minimum_actual_weighted_sole_source_y_m":0.00299999956041574,"minimum_signed_native_ankle_separation_m":0.470056921243668,"minimum_signed_weighted_sole_center_separation_m":0.553535239080365,"minimum_signed_weighted_sole_projection_gap_m":0.341542959213257,"opening_signed_ankle_separation_m":1.52650284767151,"source_direction_index":4},{"actual_progress_samples":121,"complete_stride_cycles":1.37674415932919,"distance_world_m":2.4,"initial_signed_native_ankle_separation_m":0.470056921243668,"minimum_actual_weighted_sole_source_y_m":0.00299999956041574,"minimum_signed_native_ankle_separation_m":0.470056921243668,"minimum_signed_weighted_sole_center_separation_m":0.553535239080365,"minimum_signed_weighted_sole_projection_gap_m":0.341542959213257,"opening_signed_ankle_separation_m":0.712507665157318,"source_direction_index":5},{"actual_progress_samples":121,"complete_stride_cycles":3,"distance_world_m":5.22972983121872,"initial_signed_native_ankle_separation_m":0.470056921243668,"minimum_actual_weighted_sole_source_y_m":0.00299999956041574,"minimum_signed_native_ankle_separation_m":0.470056593418121,"minimum_signed_weighted_sole_center_separation_m":0.553535239080365,"minimum_signed_weighted_sole_projection_gap_m":0.341542959213257,"opening_signed_ankle_separation_m":1.21707737445831,"source_direction_index":5},{"actual_progress_samples":121,"complete_stride_cycles":1.37674415932919,"distance_world_m":2.4,"initial_signed_native_ankle_separation_m":0.470056921243668,"minimum_actual_weighted_sole_source_y_m":0.00299999956041574,"minimum_signed_native_ankle_separation_m":0.470055878162384,"minimum_signed_weighted_sole_center_separation_m":0.549685715289598,"minimum_signed_weighted_sole_projection_gap_m":0.328662395477295,"opening_signed_ankle_separation_m":0.470057189464569,"source_direction_index":6},{"actual_progress_samples":121,"complete_stride_cycles":3,"distance_world_m":5.22972983121872,"initial_signed_native_ankle_separation_m":0.470056921243668,"minimum_actual_weighted_sole_source_y_m":0.00299999956041574,"minimum_signed_native_ankle_separation_m":0.419982433319092,"minimum_signed_weighted_sole_center_separation_m":0.504657196194938,"minimum_signed_weighted_sole_projection_gap_m":0.298860788345337,"opening_signed_ankle_separation_m":0.470057010650635,"source_direction_index":6},{"actual_progress_samples":121,"complete_stride_cycles":1.37674415932919,"distance_world_m":2.4,"initial_signed_native_ankle_separation_m":0.470056921243668,"minimum_actual_weighted_sole_source_y_m":0.00299999956041574,"minimum_signed_native_ankle_separation_m":0.470056921243668,"minimum_signed_weighted_sole_center_separation_m":0.553535239080365,"minimum_signed_weighted_sole_projection_gap_m":0.341542959213257,"opening_signed_ankle_separation_m":0.712508082389832,"source_direction_index":7},{"actual_progress_samples":121,"complete_stride_cycles":3,"distance_world_m":5.22972983121872,"initial_signed_native_ankle_separation_m":0.470056921243668,"minimum_actual_weighted_sole_source_y_m":0.00299999956041574,"minimum_signed_native_ankle_separation_m":0.470056802034378,"minimum_signed_weighted_sole_center_separation_m":0.553535239080365,"minimum_signed_weighted_sole_projection_gap_m":0.341542959213257,"opening_signed_ankle_separation_m":1.21707761287689,"source_direction_index":7}],"Ranger":[{"actual_progress_samples":121,"complete_stride_cycles":1.37674415932919,"distance_world_m":2.4,"initial_signed_native_ankle_separation_m":0.470056921243668,"minimum_actual_weighted_sole_source_y_m":0.00299999956041574,"minimum_signed_native_ankle_separation_m":0.470056921243668,"minimum_signed_weighted_sole_center_separation_m":0.592078763897679,"minimum_signed_weighted_sole_projection_gap_m":0.349652528762817,"opening_signed_ankle_separation_m":0.812934398651123,"source_direction_index":0},{"actual_progress_samples":121,"complete_stride_cycles":3,"distance_world_m":5.22972983121872,"initial_signed_native_ankle_separation_m":0.470056921243668,"minimum_actual_weighted_sole_source_y_m":0.00299999956041574,"minimum_signed_native_ankle_separation_m":0.470056891441345,"minimum_signed_weighted_sole_center_separation_m":0.592078763897679,"minimum_signed_weighted_sole_projection_gap_m":0.349652528762817,"opening_signed_ankle_separation_m":1.52650308609009,"source_direction_index":0},{"actual_progress_samples":121,"complete_stride_cycles":1.37674415932919,"distance_world_m":2.4,"initial_signed_native_ankle_separation_m":0.470056921243668,"minimum_actual_weighted_sole_source_y_m":0.00299999956041574,"minimum_signed_native_ankle_separation_m":0.470056921243668,"minimum_signed_weighted_sole_center_separation_m":0.592078763897679,"minimum_signed_weighted_sole_projection_gap_m":0.349652528762817,"opening_signed_ankle_separation_m":0.712507963180542,"source_direction_index":1},{"actual_progress_samples":121,"complete_stride_cycles":3,"distance_world_m":5.22972983121872,"initial_signed_native_ankle_separation_m":0.470056921243668,"minimum_actual_weighted_sole_source_y_m":0.00299999956041574,"minimum_signed_native_ankle_separation_m":0.4700568318367,"minimum_signed_weighted_sole_center_separation_m":0.592078763897679,"minimum_signed_weighted_sole_projection_gap_m":0.349652528762817,"opening_signed_ankle_separation_m":1.21707701683044,"source_direction_index":1},{"actual_progress_samples":121,"complete_stride_cycles":1.37674415932919,"distance_world_m":2.4,"initial_signed_native_ankle_separation_m":0.470056921243668,"minimum_actual_weighted_sole_source_y_m":0.00299999956041574,"minimum_signed_native_ankle_separation_m":0.421745479106903,"minimum_signed_weighted_sole_center_separation_m":0.544142992890515,"minimum_signed_weighted_sole_projection_gap_m":0.30812931060791,"opening_signed_ankle_separation_m":0.470057189464569,"source_direction_index":2},{"actual_progress_samples":121,"complete_stride_cycles":3,"distance_world_m":5.22972983121872,"initial_signed_native_ankle_separation_m":0.470056921243668,"minimum_actual_weighted_sole_source_y_m":0.00299999956041574,"minimum_signed_native_ankle_separation_m":0.421893358230591,"minimum_signed_weighted_sole_center_separation_m":0.544291077541704,"minimum_signed_weighted_sole_projection_gap_m":0.308291912078857,"opening_signed_ankle_separation_m":0.470056772232056,"source_direction_index":2},{"actual_progress_samples":121,"complete_stride_cycles":1.37674415932919,"distance_world_m":2.4,"initial_signed_native_ankle_separation_m":0.470056921243668,"minimum_actual_weighted_sole_source_y_m":0.00299999956041574,"minimum_signed_native_ankle_separation_m":0.470056921243668,"minimum_signed_weighted_sole_center_separation_m":0.592078763897679,"minimum_signed_weighted_sole_projection_gap_m":0.349652528762817,"opening_signed_ankle_separation_m":0.712507426738739,"source_direction_index":3},{"actual_progress_samples":121,"complete_stride_cycles":3,"distance_world_m":5.22972983121872,"initial_signed_native_ankle_separation_m":0.470056921243668,"minimum_actual_weighted_sole_source_y_m":0.00299999956041574,"minimum_signed_native_ankle_separation_m":0.470056653022766,"minimum_signed_weighted_sole_center_separation_m":0.592078763897679,"minimum_signed_weighted_sole_projection_gap_m":0.349652528762817,"opening_signed_ankle_separation_m":1.2170774936676,"source_direction_index":3},{"actual_progress_samples":121,"complete_stride_cycles":1.37674415932919,"distance_world_m":2.4,"initial_signed_native_ankle_separation_m":0.470056921243668,"minimum_actual_weighted_sole_source_y_m":0.00299999956041574,"minimum_signed_native_ankle_separation_m":0.470056921243668,"minimum_signed_weighted_sole_center_separation_m":0.592078763897679,"minimum_signed_weighted_sole_projection_gap_m":0.349652528762817,"opening_signed_ankle_separation_m":0.81293398141861,"source_direction_index":4},{"actual_progress_samples":121,"complete_stride_cycles":3,"distance_world_m":5.22972983121872,"initial_signed_native_ankle_separation_m":0.470056921243668,"minimum_actual_weighted_sole_source_y_m":0.00299999956041574,"minimum_signed_native_ankle_separation_m":0.470056921243668,"minimum_signed_weighted_sole_center_separation_m":0.592078763897679,"minimum_signed_weighted_sole_projection_gap_m":0.349652528762817,"opening_signed_ankle_separation_m":1.52650308609009,"source_direction_index":4},{"actual_progress_samples":121,"complete_stride_cycles":1.37674415932919,"distance_world_m":2.4,"initial_signed_native_ankle_separation_m":0.470056921243668,"minimum_actual_weighted_sole_source_y_m":0.00299999956041574,"minimum_signed_native_ankle_separation_m":0.470056921243668,"minimum_signed_weighted_sole_center_separation_m":0.592078763897679,"minimum_signed_weighted_sole_projection_gap_m":0.349652528762817,"opening_signed_ankle_separation_m":0.712507545948029,"source_direction_index":5},{"actual_progress_samples":121,"complete_stride_cycles":3,"distance_world_m":5.22972983121872,"initial_signed_native_ankle_separation_m":0.470056921243668,"minimum_actual_weighted_sole_source_y_m":0.00299999956041574,"minimum_signed_native_ankle_separation_m":0.470056653022766,"minimum_signed_weighted_sole_center_separation_m":0.592078763897679,"minimum_signed_weighted_sole_projection_gap_m":0.349652528762817,"opening_signed_ankle_separation_m":1.21707737445831,"source_direction_index":5},{"actual_progress_samples":121,"complete_stride_cycles":1.37674415932919,"distance_world_m":2.4,"initial_signed_native_ankle_separation_m":0.470056921243668,"minimum_actual_weighted_sole_source_y_m":0.00299999956041574,"minimum_signed_native_ankle_separation_m":0.47005620598793,"minimum_signed_weighted_sole_center_separation_m":0.589864310764131,"minimum_signed_weighted_sole_projection_gap_m":0.334968566894531,"opening_signed_ankle_separation_m":0.470057040452957,"source_direction_index":6},{"actual_progress_samples":121,"complete_stride_cycles":3,"distance_world_m":5.22972983121872,"initial_signed_native_ankle_separation_m":0.470056921243668,"minimum_actual_weighted_sole_source_y_m":0.00299999956041574,"minimum_signed_native_ankle_separation_m":0.419612884521484,"minimum_signed_weighted_sole_center_separation_m":0.541993901843116,"minimum_signed_weighted_sole_projection_gap_m":0.306063652038574,"opening_signed_ankle_separation_m":0.47005695104599,"source_direction_index":6},{"actual_progress_samples":121,"complete_stride_cycles":1.37674415932919,"distance_world_m":2.4,"initial_signed_native_ankle_separation_m":0.470056921243668,"minimum_actual_weighted_sole_source_y_m":0.00299999956041574,"minimum_signed_native_ankle_separation_m":0.470056921243668,"minimum_signed_weighted_sole_center_separation_m":0.592078763897679,"minimum_signed_weighted_sole_projection_gap_m":0.349652528762817,"opening_signed_ankle_separation_m":0.712508022785187,"source_direction_index":7},{"actual_progress_samples":121,"complete_stride_cycles":3,"distance_world_m":5.22972983121872,"initial_signed_native_ankle_separation_m":0.470056921243668,"minimum_actual_weighted_sole_source_y_m":0.00299999956041574,"minimum_signed_native_ankle_separation_m":0.470056772232056,"minimum_signed_weighted_sole_center_separation_m":0.592078763897679,"minimum_signed_weighted_sole_projection_gap_m":0.349652528762817,"opening_signed_ankle_separation_m":1.2170774936676,"source_direction_index":7}],"Vowkeeper":[{"actual_progress_samples":121,"complete_stride_cycles":1.37674415932919,"distance_world_m":2.4,"initial_signed_native_ankle_separation_m":0.441779494285583,"minimum_actual_weighted_sole_source_y_m":0.00299999956041574,"minimum_signed_native_ankle_separation_m":0.441779494285583,"minimum_signed_weighted_sole_center_separation_m":0.563690815987039,"minimum_signed_weighted_sole_projection_gap_m":0.307967185974121,"opening_signed_ankle_separation_m":0.784656822681427,"source_direction_index":0},{"actual_progress_samples":121,"complete_stride_cycles":3,"distance_world_m":5.22972983121872,"initial_signed_native_ankle_separation_m":0.441779494285583,"minimum_actual_weighted_sole_source_y_m":0.00299999956041574,"minimum_signed_native_ankle_separation_m":0.44177919626236,"minimum_signed_weighted_sole_center_separation_m":0.563690815987039,"minimum_signed_weighted_sole_projection_gap_m":0.307967185974121,"opening_signed_ankle_separation_m":1.49822616577148,"source_direction_index":0},{"actual_progress_samples":121,"complete_stride_cycles":1.37674415932919,"distance_world_m":2.4,"initial_signed_native_ankle_separation_m":0.441779494285583,"minimum_actual_weighted_sole_source_y_m":0.00299999956041574,"minimum_signed_native_ankle_separation_m":0.441779494285583,"minimum_signed_weighted_sole_center_separation_m":0.563690815987039,"minimum_signed_weighted_sole_projection_gap_m":0.307967185974121,"opening_signed_ankle_separation_m":0.684230327606201,"source_direction_index":1},{"actual_progress_samples":121,"complete_stride_cycles":3,"distance_world_m":5.22972983121872,"initial_signed_native_ankle_separation_m":0.441779494285583,"minimum_actual_weighted_sole_source_y_m":0.00299999956041574,"minimum_signed_native_ankle_separation_m":0.441779375076294,"minimum_signed_weighted_sole_center_separation_m":0.563690815987039,"minimum_signed_weighted_sole_projection_gap_m":0.307967185974121,"opening_signed_ankle_separation_m":1.18879985809326,"source_direction_index":1},{"actual_progress_samples":121,"complete_stride_cycles":1.37674415932919,"distance_world_m":2.4,"initial_signed_native_ankle_separation_m":0.441779494285583,"minimum_actual_weighted_sole_source_y_m":0.00299999956041574,"minimum_signed_native_ankle_separation_m":0.410144507884979,"minimum_signed_weighted_sole_center_separation_m":0.53394447655237,"minimum_signed_weighted_sole_projection_gap_m":0.292991876602173,"opening_signed_ankle_separation_m":0.441779494285583,"source_direction_index":2},{"actual_progress_samples":121,"complete_stride_cycles":3,"distance_world_m":5.22972983121872,"initial_signed_native_ankle_separation_m":0.441779494285583,"minimum_actual_weighted_sole_source_y_m":0.00299999956041574,"minimum_signed_native_ankle_separation_m":0.409901440143585,"minimum_signed_weighted_sole_center_separation_m":0.533714420655194,"minimum_signed_weighted_sole_projection_gap_m":0.292719602584839,"opening_signed_ankle_separation_m":0.441779553890228,"source_direction_index":2},{"actual_progress_samples":121,"complete_stride_cycles":1.37674415932919,"distance_world_m":2.4,"initial_signed_native_ankle_separation_m":0.441779494285583,"minimum_actual_weighted_sole_source_y_m":0.00299999956041574,"minimum_signed_native_ankle_separation_m":0.441779494285583,"minimum_signed_weighted_sole_center_separation_m":0.563690815987039,"minimum_signed_weighted_sole_projection_gap_m":0.307967185974121,"opening_signed_ankle_separation_m":0.684230089187622,"source_direction_index":3},{"actual_progress_samples":121,"complete_stride_cycles":3,"distance_world_m":5.22972983121872,"initial_signed_native_ankle_separation_m":0.441779494285583,"minimum_actual_weighted_sole_source_y_m":0.00299999956041574,"minimum_signed_native_ankle_separation_m":0.441779166460037,"minimum_signed_weighted_sole_center_separation_m":0.563690815987039,"minimum_signed_weighted_sole_projection_gap_m":0.307967185974121,"opening_signed_ankle_separation_m":1.18880033493042,"source_direction_index":3},{"actual_progress_samples":121,"complete_stride_cycles":1.37674415932919,"distance_world_m":2.4,"initial_signed_native_ankle_separation_m":0.441779494285583,"minimum_actual_weighted_sole_source_y_m":0.00299999956041574,"minimum_signed_native_ankle_separation_m":0.441779494285583,"minimum_signed_weighted_sole_center_separation_m":0.563690815987039,"minimum_signed_weighted_sole_projection_gap_m":0.307967185974121,"opening_signed_ankle_separation_m":0.784656703472137,"source_direction_index":4},{"actual_progress_samples":121,"complete_stride_cycles":3,"distance_world_m":5.22972983121872,"initial_signed_native_ankle_separation_m":0.441779494285583,"minimum_actual_weighted_sole_source_y_m":0.00299999956041574,"minimum_signed_native_ankle_separation_m":0.441778838634491,"minimum_signed_weighted_sole_center_separation_m":0.563690815987039,"minimum_signed_weighted_sole_projection_gap_m":0.307698726654053,"opening_signed_ankle_separation_m":1.49822616577148,"source_direction_index":4},{"actual_progress_samples":121,"complete_stride_cycles":1.37674415932919,"distance_world_m":2.4,"initial_signed_native_ankle_separation_m":0.441779494285583,"minimum_actual_weighted_sole_source_y_m":0.00299999956041574,"minimum_signed_native_ankle_separation_m":0.441779494285583,"minimum_signed_weighted_sole_center_separation_m":0.563690815987039,"minimum_signed_weighted_sole_projection_gap_m":0.307967185974121,"opening_signed_ankle_separation_m":0.684230327606201,"source_direction_index":5},{"actual_progress_samples":121,"complete_stride_cycles":3,"distance_world_m":5.22972983121872,"initial_signed_native_ankle_separation_m":0.441779494285583,"minimum_actual_weighted_sole_source_y_m":0.00299999956041574,"minimum_signed_native_ankle_separation_m":0.441779255867004,"minimum_signed_weighted_sole_center_separation_m":0.563690815987039,"minimum_signed_weighted_sole_projection_gap_m":0.307967185974121,"opening_signed_ankle_separation_m":1.18880021572113,"source_direction_index":5},{"actual_progress_samples":121,"complete_stride_cycles":1.37674415932919,"distance_world_m":2.4,"initial_signed_native_ankle_separation_m":0.441779494285583,"minimum_actual_weighted_sole_source_y_m":0.00299999956041574,"minimum_signed_native_ankle_separation_m":0.441778659820557,"minimum_signed_weighted_sole_center_separation_m":0.562642188967109,"minimum_signed_weighted_sole_projection_gap_m":0.302616834640503,"opening_signed_ankle_separation_m":0.441779315471649,"source_direction_index":6},{"actual_progress_samples":121,"complete_stride_cycles":3,"distance_world_m":5.22972983121872,"initial_signed_native_ankle_separation_m":0.441779494285583,"minimum_actual_weighted_sole_source_y_m":0.00299999956041574,"minimum_signed_native_ankle_separation_m":0.411943376064301,"minimum_signed_weighted_sole_center_separation_m":0.535732766827282,"minimum_signed_weighted_sole_projection_gap_m":0.294899463653564,"opening_signed_ankle_separation_m":0.441779792308807,"source_direction_index":6},{"actual_progress_samples":121,"complete_stride_cycles":1.37674415932919,"distance_world_m":2.4,"initial_signed_native_ankle_separation_m":0.441779494285583,"minimum_actual_weighted_sole_source_y_m":0.00299999956041574,"minimum_signed_native_ankle_separation_m":0.441779494285583,"minimum_signed_weighted_sole_center_separation_m":0.563690815987039,"minimum_signed_weighted_sole_projection_gap_m":0.307967185974121,"opening_signed_ankle_separation_m":0.684230506420135,"source_direction_index":7},{"actual_progress_samples":121,"complete_stride_cycles":3,"distance_world_m":5.22972983121872,"initial_signed_native_ankle_separation_m":0.441779494285583,"minimum_actual_weighted_sole_source_y_m":0.00299999956041574,"minimum_signed_native_ankle_separation_m":0.441779166460037,"minimum_signed_weighted_sole_center_separation_m":0.563690815987039,"minimum_signed_weighted_sole_projection_gap_m":0.307967185974121,"opening_signed_ankle_separation_m":1.18880033493042,"source_direction_index":7}]},"failures":32,"maximum_class_grip_gap_m":0.0026337206363678,"maximum_class_grip_penetration_m":0.000824674963951111,"maximum_staff_grip_gap_m":0.00246496607363224,"maximum_staff_grip_penetration_m":0.000473405078053473,"metrics":{"Arcanist":{"directions":8,"maximum_crouch_world_m":0.517286658287048,"maximum_world_support_drift_m":0.000313401396851987,"minimum_actual_indexed_weapon_source_y_m":0.120768308639526,"minimum_all_weighted_source_and_accessory_y_m":-0.0415154509246349,"minimum_crouch_world_m":0.229673027992249,"minimum_directional_chest_lean_world_m":0.0552351288497448,"minimum_weighted_boot_source_y_m":0.00299999956041574,"native_bones":65},"Ranger":{"directions":8,"maximum_crouch_world_m":0.505110383033752,"maximum_world_support_drift_m":0.0000970217515714467,"minimum_actual_indexed_weapon_source_y_m":-0.12794417142868,"minimum_all_weighted_source_and_accessory_y_m":-0.0239438116550446,"minimum_crouch_world_m":0.226218044757843,"minimum_directional_chest_lean_world_m":0.0551361702382565,"minimum_weighted_boot_source_y_m":0.00299999956041574,"native_bones":65},"Vowkeeper":{"directions":8,"maximum_crouch_world_m":0.245643854141235,"maximum_world_support_drift_m":0.000000307195307414077,"minimum_actual_indexed_weapon_source_y_m":0.274034470319748,"minimum_all_weighted_source_and_accessory_y_m":0.00299999956041574,"minimum_crouch_world_m":0.225236594676971,"minimum_directional_chest_lean_world_m":0.0514158681035042,"minimum_weighted_boot_source_y_m":0.00299999956041574,"native_bones":65}},"poses":24,"production_metrics":{"Arcanist":{"death_priority":true,"new_cast_keeps_original_timing":true,"real_actor_begin_sync_settle":true},"Ranger":{"death_priority":true,"new_cast_keeps_original_timing":true,"real_actor_begin_sync_settle":true},"Vowkeeper":{"death_priority":true,"new_cast_keeps_original_timing":true,"real_actor_begin_sync_settle":true},"world":{"actor_evade_from_event":true,"actual_inflight_restore":true,"actual_simulation_event":true,"authoritative_snapshot_identical":true,"maximum_real_world_support_drift_m":0.154878690838814,"real_world_support_samples":5,"settled_camera_unchanged":true,"translated_rotated_world_goal_correct":true,"warning_duration_s":1.11768162250519,"warning_fixture":"original generated Hexer warning; normal production HP/damage/gear","warning_radius_m":1.0282826423645}},"source":"procedural native65 low step on actual simulation displacement; no authored dodge clip","suite":"source_avatar_evade_smoke"}
SOURCE AVATAR EVADE SMOKE: 2005 checks, 32 failures
