Godot Engine v4.7.2.stable.official.ed1daf0bf - https://godotengine.org
WARNING: Could not set V-Sync mode, as changing V-Sync mode is not supported by the graphics driver.
     at: set_use_vsync (platform/linuxbsd/x11/gl_manager_x11.cpp:372)
OpenGL API 4.5 (Core Profile) Mesa 25.0.7-2+deb13u1 - Compatibility - Using Device: Mesa - llvmpipe (LLVM 19.1.7, 256 bits)
ALSA lib confmisc.c:855:(parse_card) cannot find card '0'
ALSA lib conf.c:5205:(_snd_config_evaluate) function snd_func_card_inum returned error: No such file or directory
ALSA lib confmisc.c:422:(snd_func_concat) error evaluating strings
ALSA lib conf.c:5205:(_snd_config_evaluate) function snd_func_concat returned error: No such file or directory
ALSA lib confmisc.c:1342:(snd_func_refer) error evaluating name
ALSA lib conf.c:5205:(_snd_config_evaluate) function snd_func_refer returned error: No such file or directory
ALSA lib conf.c:5728:(snd_config_expand) Evaluate error: No such file or directory
ALSA lib pcm.c:2722:(snd_pcm_open_noupdate) Unknown PCM default
ERROR: Condition "status < 0" is true. Returning: ERR_CANT_OPEN
   at: init_output_device (drivers/alsa/audio_driver_alsa.cpp:97)
WARNING: All audio drivers failed, falling back to the dummy driver.
     at: initialize (servers/audio/audio_server.cpp:258)

SCRIPT ERROR: Parse Error: Preload file "res://assets/models/raider056/axe-fitted.glb" has no resource loaders (unrecognized file extension).
          at: GDScript::reload (res://scripts/raider_avatar_rig.gd:6)
SCRIPT ERROR: Compile Error: Failed to compile depended scripts.
          at: GDScript::reload (res://scripts/dungeon_actor.gd:0)
SCRIPT ERROR: Compile Error: Failed to compile depended scripts.
          at: GDScript::reload (res://tests/source_avatar_evade_preview.gd:0)
ERROR: Failed to load script "res://tests/source_avatar_evade_preview.gd" with error "Compilation failed".
   at: load (modules/gdscript/gdscript_resource_format.cpp:46)
SCRIPT ERROR: Invalid call. Nonexistent function 'has_appearance' in base 'GDScript'.
          at: _load_appearance (res://scripts/dungeon_actor.gd:102)
          GDScript backtrace (most recent call first):
              [0] _load_appearance (res://scripts/dungeon_actor.gd:102)
              [1] _ready (res://scripts/dungeon_actor.gd:87)
              [2] run (res://tests/source_avatar_evade_preview.gd:69)
SCRIPT ERROR: Cannot call method 'set_shader_parameter' on a null value.
          at: configure_equipment (res://scripts/dungeon_actor.gd:144)
          GDScript backtrace (most recent call first):
              [0] configure_equipment (res://scripts/dungeon_actor.gd:144)
              [1] _ready (res://scripts/dungeon_actor.gd:89)
              [2] run (res://tests/source_avatar_evade_preview.gd:69)
SCRIPT ERROR: Invalid call. Nonexistent function 'set_visual_readability' in base 'Nil'.
          at: set_readability (res://scripts/dungeon_actor.gd:282)
          GDScript backtrace (most recent call first):
              [0] set_readability (res://scripts/dungeon_actor.gd:282)
              [1] _ready (res://scripts/dungeon_actor.gd:91)
              [2] run (res://tests/source_avatar_evade_preview.gd:69)
SCRIPT ERROR: Invalid call. Nonexistent function 'capture_pose' in base 'Nil'.
          at: _apply_motion (res://scripts/dungeon_actor.gd:387)
          GDScript backtrace (most recent call first):
              [0] _apply_motion (res://scripts/dungeon_actor.gd:387)
              [1] _ready (res://scripts/dungeon_actor.gd:92)
              [2] run (res://tests/source_avatar_evade_preview.gd:69)
SCRIPT ERROR: Invalid call. Nonexistent function 'pose' in base 'Nil'.
          at: run (res://tests/source_avatar_evade_preview.gd:70)
          GDScript backtrace (most recent call first):
              [0] run (res://tests/source_avatar_evade_preview.gd:70)
